88.198.0.126 - - [02/Nov/2021:05:13:47 -0700] "GET /self.logs/access.log.2018-06-07.gz HTTP/1.1" 200 21254 "-" "Mozilla/5.0 (compatible; DataForSeoBot/1.0; +https://dataforseo.com/dataforseo-bot)" 
88.198.0.126 - - [02/Nov/2021:05:14:01 -0700] "GET /self.logs/error.log.2021-08-01.gz HTTP/1.1" 200 1050 "-" "Mozilla/5.0 (compatible; DataForSeoBot/1.0; +https://dataforseo.com/dataforseo-bot)" 
88.198.0.126 - - [02/Nov/2021:05:14:17 -0700] "GET /self.logs/error.log.2018-07-07.gz HTTP/1.1" 200 5033 "-" "Mozilla/5.0 (compatible; DataForSeoBot/1.0; +https://dataforseo.com/dataforseo-bot)" 
88.198.0.126 - - [02/Nov/2021:05:14:32 -0700] "GET /self.logs/access.log.2017-10-20.gz HTTP/1.1" 200 23671 "-" "Mozilla/5.0 (compatible; DataForSeoBot/1.0; +https://dataforseo.com/dataforseo-bot)" 
88.198.0.126 - - [02/Nov/2021:05:14:48 -0700] "GET /self.logs/access.log.2020-09-26.gz HTTP/1.1" 200 19805 "-" "Mozilla/5.0 (compatible; DataForSeoBot/1.0; +https://dataforseo.com/dataforseo-bot)" 
88.198.0.126 - - [02/Nov/2021:05:15:02 -0700] "GET /self.logs/error.log.2020-04-23.gz HTTP/1.1" 200 727 "-" "Mozilla/5.0 (compatible; DataForSeoBot/1.0; +https://dataforseo.com/dataforseo-bot)" 
88.198.0.126 - - [02/Nov/2021:05:15:18 -0700] "GET /self.logs/access.log.2017-10-16.gz HTTP/1.1" 200 23836 "-" "Mozilla/5.0 (compatible; DataForSeoBot/1.0; +https://dataforseo.com/dataforseo-bot)" 
88.198.0.126 - - [02/Nov/2021:05:15:34 -0700] "GET /self.logs/access.log.2020-04-05.gz HTTP/1.1" 200 12468 "-" "Mozilla/5.0 (compatible; DataForSeoBot/1.0; +https://dataforseo.com/dataforseo-bot)" 
88.198.0.126 - - [02/Nov/2021:05:15:48 -0700] "GET /self.logs/error.log.2018-10-21.gz HTTP/1.1" 200 5157 "-" "Mozilla/5.0 (compatible; DataForSeoBot/1.0; +https://dataforseo.com/dataforseo-bot)" 
88.198.0.126 - - [02/Nov/2021:05:16:02 -0700] "GET /self.logs/error.log.2021-08-12.gz HTTP/1.1" 200 5801 "-" "Mozilla/5.0 (compatible; DataForSeoBot/1.0; +https://dataforseo.com/dataforseo-bot)" 
88.198.0.126 - - [02/Nov/2021:05:16:15 -0700] "GET /self.logs/error.log.2017-07-23.gz HTTP/1.1" 200 799 "-" "Mozilla/5.0 (compatible; DataForSeoBot/1.0; +https://dataforseo.com/dataforseo-bot)" 
88.198.0.126 - - [02/Nov/2021:05:16:30 -0700] "GET /self.logs/access.log.2017-08-08.gz HTTP/1.1" 200 24037 "-" "Mozilla/5.0 (compatible; DataForSeoBot/1.0; +https://dataforseo.com/dataforseo-bot)" 
88.198.0.126 - - [02/Nov/2021:05:16:44 -0700] "GET /self.logs/error.log.2020-08-11 HTTP/1.1" 200 314 "-" "Mozilla/5.0 (compatible; DataForSeoBot/1.0; +https://dataforseo.com/dataforseo-bot)" 
88.198.0.126 - - [02/Nov/2021:05:16:59 -0700] "GET /self.logs/access.log.2020-05-07.gz HTTP/1.1" 200 9343 "-" "Mozilla/5.0 (compatible; DataForSeoBot/1.0; +https://dataforseo.com/dataforseo-bot)" 
88.198.0.126 - - [02/Nov/2021:05:17:12 -0700] "GET /self.logs/access.log.2021-05-06.gz HTTP/1.1" 200 24312 "-" "Mozilla/5.0 (compatible; DataForSeoBot/1.0; +https://dataforseo.com/dataforseo-bot)" 
88.198.0.126 - - [02/Nov/2021:05:17:23 -0700] "GET /self.logs/error.log.2021-08-07.gz HTTP/1.1" 200 1384 "-" "Mozilla/5.0 (compatible; DataForSeoBot/1.0; +https://dataforseo.com/dataforseo-bot)" 
88.198.0.126 - - [02/Nov/2021:05:17:35 -0700] "GET /self.logs/access.log.2018-06-22.gz HTTP/1.1" 200 19066 "-" "Mozilla/5.0 (compatible; DataForSeoBot/1.0; +https://dataforseo.com/dataforseo-bot)" 
88.198.0.126 - - [02/Nov/2021:05:17:47 -0700] "GET /self.logs/access.log.2017-02-13.gz HTTP/1.1" 200 25496 "-" "Mozilla/5.0 (compatible; DataForSeoBot/1.0; +https://dataforseo.com/dataforseo-bot)" 
88.198.0.126 - - [02/Nov/2021:05:17:57 -0700] "GET /self.logs/access.log.2021-05-14.gz HTTP/1.1" 200 24858 "-" "Mozilla/5.0 (compatible; DataForSeoBot/1.0; +https://dataforseo.com/dataforseo-bot)" 
88.198.0.126 - - [02/Nov/2021:05:18:08 -0700] "GET /self.logs/error.log.2020-03-10 HTTP/1.1" 200 314 "-" "Mozilla/5.0 (compatible; DataForSeoBot/1.0; +https://dataforseo.com/dataforseo-bot)" 
88.198.0.126 - - [02/Nov/2021:05:18:18 -0700] "GET /self.logs/access.log.2021-06-30.gz HTTP/1.1" 200 15879 "-" "Mozilla/5.0 (compatible; DataForSeoBot/1.0; +https://dataforseo.com/dataforseo-bot)" 
88.198.0.126 - - [02/Nov/2021:05:20:41 -0700] "GET /self.logs/access.log.2018-11-17.gz HTTP/1.1" 200 34616 "-" "Mozilla/5.0 (compatible; DataForSeoBot/1.0; +https://dataforseo.com/dataforseo-bot)" 
49.7.20.102 - - [02/Nov/2021:05:21:00 -0700] "GET / HTTP/1.1" 200 13149 "-" "Sogou web spider/4.0(+http://www.sogou.com/docs/help/webmasters.htm#07)" 
88.198.0.126 - - [02/Nov/2021:05:21:03 -0700] "GET /self.logs/error.log.2019-02-17.gz HTTP/1.1" 200 4123 "-" "Mozilla/5.0 (compatible; DataForSeoBot/1.0; +https://dataforseo.com/dataforseo-bot)" 
216.244.66.245 - - [02/Nov/2021:05:21:05 -0700] "GET /robots.txt HTTP/1.1" 200 333 "-" "Mozilla/5.0 (compatible; DotBot/1.2; +https://opensiteexplorer.org/dotbot; help@moz.com)" 
88.198.0.126 - - [02/Nov/2021:05:21:21 -0700] "GET /self.logs/error.log.2018-05-23.gz HTTP/1.1" 200 4428 "-" "Mozilla/5.0 (compatible; DataForSeoBot/1.0; +https://dataforseo.com/dataforseo-bot)" 
88.198.0.126 - - [02/Nov/2021:05:21:38 -0700] "GET /self.logs/error.log.2021-08-21.gz HTTP/1.1" 200 1779 "-" "Mozilla/5.0 (compatible; DataForSeoBot/1.0; +https://dataforseo.com/dataforseo-bot)" 
88.198.0.126 - - [02/Nov/2021:05:21:55 -0700] "GET /self.logs/error.log.2021-01-09 HTTP/1.1" 200 314 "-" "Mozilla/5.0 (compatible; DataForSeoBot/1.0; +https://dataforseo.com/dataforseo-bot)" 
88.198.0.126 - - [02/Nov/2021:05:22:15 -0700] "GET /self.logs/access.log.2018-12-08.gz HTTP/1.1" 200 20388 "-" "Mozilla/5.0 (compatible; DataForSeoBot/1.0; +https://dataforseo.com/dataforseo-bot)" 
88.198.0.126 - - [02/Nov/2021:05:22:30 -0700] "GET /self.logs/access.log.2020-07-06.gz HTTP/1.1" 200 16169 "-" "Mozilla/5.0 (compatible; DataForSeoBot/1.0; +https://dataforseo.com/dataforseo-bot)" 
88.198.0.126 - - [02/Nov/2021:05:22:48 -0700] "GET /self.logs/access.log.2021-04-04.gz HTTP/1.1" 200 20991 "-" "Mozilla/5.0 (compatible; DataForSeoBot/1.0; +https://dataforseo.com/dataforseo-bot)" 
51.222.253.17 - - [02/Nov/2021:05:23:00 -0700] "GET /self.logs/access.log.2021-09-18.gz HTTP/1.1" 200 13829 "-" "Mozilla/5.0 (compatible; AhrefsBot/7.0; +http://ahrefs.com/robot/)" 
88.198.0.126 - - [02/Nov/2021:05:23:06 -0700] "GET /self.logs/error.log.2021-07-15.gz HTTP/1.1" 200 1271 "-" "Mozilla/5.0 (compatible; DataForSeoBot/1.0; +https://dataforseo.com/dataforseo-bot)" 
88.198.0.126 - - [02/Nov/2021:05:23:24 -0700] "GET /self.logs/access.log.2019-11-03.gz HTTP/1.1" 200 19009 "-" "Mozilla/5.0 (compatible; DataForSeoBot/1.0; +https://dataforseo.com/dataforseo-bot)" 
88.198.0.126 - - [02/Nov/2021:05:23:41 -0700] "GET /self.logs/error.log.2018-12-13.gz HTTP/1.1" 200 6731 "-" "Mozilla/5.0 (compatible; DataForSeoBot/1.0; +https://dataforseo.com/dataforseo-bot)" 
88.198.0.126 - - [02/Nov/2021:05:23:57 -0700] "GET /self.logs/error.log.2018-08-02.gz HTTP/1.1" 200 8665 "-" "Mozilla/5.0 (compatible; DataForSeoBot/1.0; +https://dataforseo.com/dataforseo-bot)" 
88.198.0.126 - - [02/Nov/2021:05:24:14 -0700] "GET /self.logs/error.log.2019-08-08 HTTP/1.1" 200 1312 "-" "Mozilla/5.0 (compatible; DataForSeoBot/1.0; +https://dataforseo.com/dataforseo-bot)" 
88.198.0.126 - - [02/Nov/2021:05:24:30 -0700] "GET /self.logs/access.log.2021-10-16.gz HTTP/1.1" 200 27780 "-" "Mozilla/5.0 (compatible; DataForSeoBot/1.0; +https://dataforseo.com/dataforseo-bot)" 
88.198.0.126 - - [02/Nov/2021:05:24:48 -0700] "GET /self.logs/access.log.2017-08-04.gz HTTP/1.1" 200 16317 "-" "Mozilla/5.0 (compatible; DataForSeoBot/1.0; +https://dataforseo.com/dataforseo-bot)" 
88.198.0.126 - - [02/Nov/2021:05:25:07 -0700] "GET /self.logs/error.log.2019-02-24.gz HTTP/1.1" 200 4656 "-" "Mozilla/5.0 (compatible; DataForSeoBot/1.0; +https://dataforseo.com/dataforseo-bot)" 
88.198.0.126 - - [02/Nov/2021:05:25:24 -0700] "GET /self.logs/error.log.2017-02-25.gz HTTP/1.1" 200 979 "-" "Mozilla/5.0 (compatible; DataForSeoBot/1.0; +https://dataforseo.com/dataforseo-bot)" 
88.198.0.126 - - [02/Nov/2021:05:25:41 -0700] "GET /self.logs/access.log.2021-07-15.gz HTTP/1.1" 200 13720 "-" "Mozilla/5.0 (compatible; DataForSeoBot/1.0; +https://dataforseo.com/dataforseo-bot)" 
88.198.0.126 - - [02/Nov/2021:05:25:59 -0700] "GET /self.logs/access.log.2020-04-07.gz HTTP/1.1" 200 16390 "-" "Mozilla/5.0 (compatible; DataForSeoBot/1.0; +https://dataforseo.com/dataforseo-bot)" 
88.198.0.126 - - [02/Nov/2021:05:26:16 -0700] "GET /self.logs/access.log.2017-02-25.gz HTTP/1.1" 200 13250 "-" "Mozilla/5.0 (compatible; DataForSeoBot/1.0; +https://dataforseo.com/dataforseo-bot)" 
88.198.0.126 - - [02/Nov/2021:05:26:32 -0700] "GET /self.logs/error.log.2021-07-08.gz HTTP/1.1" 200 1113 "-" "Mozilla/5.0 (compatible; DataForSeoBot/1.0; +https://dataforseo.com/dataforseo-bot)" 
88.198.0.126 - - [02/Nov/2021:05:26:49 -0700] "GET /self.logs/access.log.2020-06-19.gz HTTP/1.1" 200 11605 "-" "Mozilla/5.0 (compatible; DataForSeoBot/1.0; +https://dataforseo.com/dataforseo-bot)" 
216.244.66.245 - - [02/Nov/2021:05:27:05 -0700] "GET /self.logs/access.log.2020-04-03.gz HTTP/1.1" 200 21030 "-" "Mozilla/5.0 (compatible; DotBot/1.2; +https://opensiteexplorer.org/dotbot; help@moz.com)" 
88.198.0.126 - - [02/Nov/2021:05:27:06 -0700] "GET /self.logs/access.log.2021-03-15.gz HTTP/1.1" 200 52065 "-" "Mozilla/5.0 (compatible; DataForSeoBot/1.0; +https://dataforseo.com/dataforseo-bot)" 
88.198.0.126 - - [02/Nov/2021:05:27:22 -0700] "GET /self.logs/error.log.2017-12-16.gz HTTP/1.1" 200 2059 "-" "Mozilla/5.0 (compatible; DataForSeoBot/1.0; +https://dataforseo.com/dataforseo-bot)" 
216.244.66.245 - - [02/Nov/2021:05:27:35 -0700] "GET /self.logs/error.log.2018-02-19.gz HTTP/1.1" 200 4026 "-" "Mozilla/5.0 (compatible; DotBot/1.2; +https://opensiteexplorer.org/dotbot; help@moz.com)" 
216.244.66.245 - - [02/Nov/2021:05:27:38 -0700] "GET /self.logs/error.log.2019-09-21.gz HTTP/1.1" 200 2885 "-" "Mozilla/5.0 (compatible; DotBot/1.2; +https://opensiteexplorer.org/dotbot; help@moz.com)" 
88.198.0.126 - - [02/Nov/2021:05:27:40 -0700] "GET /self.logs/access.log.2018-07-19.gz HTTP/1.1" 200 32771 "-" "Mozilla/5.0 (compatible; DataForSeoBot/1.0; +https://dataforseo.com/dataforseo-bot)" 
88.198.0.126 - - [02/Nov/2021:05:27:56 -0700] "GET /self.logs/error.log.2019-06-28.gz HTTP/1.1" 200 2408 "-" "Mozilla/5.0 (compatible; DataForSeoBot/1.0; +https://dataforseo.com/dataforseo-bot)" 
88.198.0.126 - - [02/Nov/2021:05:28:14 -0700] "GET /self.logs/error.log.2021-02-04.gz HTTP/1.1" 200 2383 "-" "Mozilla/5.0 (compatible; DataForSeoBot/1.0; +https://dataforseo.com/dataforseo-bot)" 
216.244.66.245 - - [02/Nov/2021:05:28:27 -0700] "GET /self.logs/error.log.2020-01-31 HTTP/1.1" 200 307 "-" "Mozilla/5.0 (compatible; DotBot/1.2; +https://opensiteexplorer.org/dotbot; help@moz.com)" 
88.198.0.126 - - [02/Nov/2021:05:28:31 -0700] "GET /self.logs/error.log.2017-11-30.gz HTTP/1.1" 200 2580 "-" "Mozilla/5.0 (compatible; DataForSeoBot/1.0; +https://dataforseo.com/dataforseo-bot)" 
88.198.0.126 - - [02/Nov/2021:05:28:49 -0700] "GET /self.logs/access.log.2021-10-05.gz HTTP/1.1" 200 12132 "-" "Mozilla/5.0 (compatible; DataForSeoBot/1.0; +https://dataforseo.com/dataforseo-bot)" 
88.198.0.126 - - [02/Nov/2021:05:29:06 -0700] "GET /self.logs/access.log.2021-07-23.gz HTTP/1.1" 200 33802 "-" "Mozilla/5.0 (compatible; DataForSeoBot/1.0; +https://dataforseo.com/dataforseo-bot)" 
88.198.0.126 - - [02/Nov/2021:05:29:22 -0700] "GET /self.logs/access.log.2020-10-05.gz HTTP/1.1" 200 11768 "-" "Mozilla/5.0 (compatible; DataForSeoBot/1.0; +https://dataforseo.com/dataforseo-bot)" 
88.198.0.126 - - [02/Nov/2021:05:29:38 -0700] "GET /self.logs/error.log.2019-04-05.gz HTTP/1.1" 200 13328 "-" "Mozilla/5.0 (compatible; DataForSeoBot/1.0; +https://dataforseo.com/dataforseo-bot)" 
88.198.0.126 - - [02/Nov/2021:05:29:55 -0700] "GET /self.logs/access.log.2020-09-05.gz HTTP/1.1" 200 7676 "-" "Mozilla/5.0 (compatible; DataForSeoBot/1.0; +https://dataforseo.com/dataforseo-bot)" 
88.198.0.126 - - [02/Nov/2021:05:30:13 -0700] "GET /self.logs/access.log.2017-11-25.gz HTTP/1.1" 200 17377 "-" "Mozilla/5.0 (compatible; DataForSeoBot/1.0; +https://dataforseo.com/dataforseo-bot)" 
88.198.0.126 - - [02/Nov/2021:05:30:29 -0700] "GET /self.logs/access.log.2019-08-13.gz HTTP/1.1" 200 29089 "-" "Mozilla/5.0 (compatible; DataForSeoBot/1.0; +https://dataforseo.com/dataforseo-bot)" 
88.198.0.126 - - [02/Nov/2021:05:30:46 -0700] "GET /self.logs/error.log.2017-05-11.gz HTTP/1.1" 200 936 "-" "Mozilla/5.0 (compatible; DataForSeoBot/1.0; +https://dataforseo.com/dataforseo-bot)" 
88.198.0.126 - - [02/Nov/2021:05:31:02 -0700] "GET /self.logs/error.log.2020-08-03 HTTP/1.1" 200 314 "-" "Mozilla/5.0 (compatible; DataForSeoBot/1.0; +https://dataforseo.com/dataforseo-bot)" 
88.198.0.126 - - [02/Nov/2021:05:31:19 -0700] "GET /self.logs/error.log.2019-03-14.gz HTTP/1.1" 200 5789 "-" "Mozilla/5.0 (compatible; DataForSeoBot/1.0; +https://dataforseo.com/dataforseo-bot)" 
216.244.66.245 - - [02/Nov/2021:05:31:30 -0700] "GET /self.logs/2016/?C=M;O=A HTTP/1.1" 200 70143 "-" "Mozilla/5.0 (compatible; DotBot/1.2; +https://opensiteexplorer.org/dotbot; help@moz.com)" 
88.198.0.126 - - [02/Nov/2021:05:31:35 -0700] "GET /self.logs/access.log.2020-03-13.gz HTTP/1.1" 200 14060 "-" "Mozilla/5.0 (compatible; DataForSeoBot/1.0; +https://dataforseo.com/dataforseo-bot)" 
88.198.0.126 - - [02/Nov/2021:05:31:52 -0700] "GET /self.logs/access.log.2021-02-06.gz HTTP/1.1" 200 32026 "-" "Mozilla/5.0 (compatible; DataForSeoBot/1.0; +https://dataforseo.com/dataforseo-bot)" 
88.198.0.126 - - [02/Nov/2021:05:32:08 -0700] "GET /self.logs/access.log.2020-10-20.gz HTTP/1.1" 200 36367 "-" "Mozilla/5.0 (compatible; DataForSeoBot/1.0; +https://dataforseo.com/dataforseo-bot)" 
88.198.0.126 - - [02/Nov/2021:05:32:24 -0700] "GET /self.logs/error.log.2018-01-27.gz HTTP/1.1" 200 1148 "-" "Mozilla/5.0 (compatible; DataForSeoBot/1.0; +https://dataforseo.com/dataforseo-bot)" 
88.198.0.126 - - [02/Nov/2021:05:32:39 -0700] "GET /self.logs/error.log.2018-03-28.gz HTTP/1.1" 200 6749 "-" "Mozilla/5.0 (compatible; DataForSeoBot/1.0; +https://dataforseo.com/dataforseo-bot)" 
88.198.0.126 - - [02/Nov/2021:05:32:56 -0700] "GET /self.logs/error.log.2017-11-04.gz HTTP/1.1" 200 1896 "-" "Mozilla/5.0 (compatible; DataForSeoBot/1.0; +https://dataforseo.com/dataforseo-bot)" 
88.198.0.126 - - [02/Nov/2021:05:33:14 -0700] "GET /self.logs/error.log.2019-11-25.gz HTTP/1.1" 200 1475 "-" "Mozilla/5.0 (compatible; DataForSeoBot/1.0; +https://dataforseo.com/dataforseo-bot)" 
88.198.0.126 - - [02/Nov/2021:05:33:30 -0700] "GET /self.logs/error.log.2021-04-11.gz HTTP/1.1" 200 1181 "-" "Mozilla/5.0 (compatible; DataForSeoBot/1.0; +https://dataforseo.com/dataforseo-bot)" 
88.198.0.126 - - [02/Nov/2021:05:33:45 -0700] "GET /self.logs/error.log.2019-11-04.gz HTTP/1.1" 200 1034 "-" "Mozilla/5.0 (compatible; DataForSeoBot/1.0; +https://dataforseo.com/dataforseo-bot)" 
88.198.0.126 - - [02/Nov/2021:05:34:02 -0700] "GET /self.logs/error.log.2020-02-26.gz HTTP/1.1" 200 1219 "-" "Mozilla/5.0 (compatible; DataForSeoBot/1.0; +https://dataforseo.com/dataforseo-bot)" 
88.198.0.126 - - [02/Nov/2021:05:34:18 -0700] "GET /self.logs/error.log.2017-10-14.gz HTTP/1.1" 200 1609 "-" "Mozilla/5.0 (compatible; DataForSeoBot/1.0; +https://dataforseo.com/dataforseo-bot)" 
88.198.0.126 - - [02/Nov/2021:05:34:33 -0700] "GET /self.logs/error.log.2018-05-16.gz HTTP/1.1" 200 3646 "-" "Mozilla/5.0 (compatible; DataForSeoBot/1.0; +https://dataforseo.com/dataforseo-bot)" 
114.119.149.71 - - [02/Nov/2021:05:35:06 -0700] "GET /self.logs/2015/error.log.2015-08-30.gz HTTP/1.1" 200 701 "-" "Mozilla/5.0 (compatible;PetalBot;+https://webmaster.petalsearch.com/site/petalbot)" 
88.198.0.126 - - [02/Nov/2021:05:35:59 -0700] "GET /self.logs/error.log.2017-12-28.gz HTTP/1.1" 200 2155 "-" "Mozilla/5.0 (compatible; DataForSeoBot/1.0; +https://dataforseo.com/dataforseo-bot)" 
88.198.0.126 - - [02/Nov/2021:05:36:14 -0700] "GET /self.logs/access.log.2021-04-26.gz HTTP/1.1" 200 17375 "-" "Mozilla/5.0 (compatible; DataForSeoBot/1.0; +https://dataforseo.com/dataforseo-bot)" 
88.198.0.126 - - [02/Nov/2021:05:36:30 -0700] "GET /self.logs/error.log.2019-04-27.gz HTTP/1.1" 200 5133 "-" "Mozilla/5.0 (compatible; DataForSeoBot/1.0; +https://dataforseo.com/dataforseo-bot)" 
88.198.0.126 - - [02/Nov/2021:05:36:46 -0700] "GET /self.logs/error.log.2017-08-11.gz HTTP/1.1" 200 935 "-" "Mozilla/5.0 (compatible; DataForSeoBot/1.0; +https://dataforseo.com/dataforseo-bot)" 
88.198.0.126 - - [02/Nov/2021:05:37:02 -0700] "GET /self.logs/error.log.2019-02-11.gz HTTP/1.1" 200 4459 "-" "Mozilla/5.0 (compatible; DataForSeoBot/1.0; +https://dataforseo.com/dataforseo-bot)" 
88.198.0.126 - - [02/Nov/2021:05:37:17 -0700] "GET /self.logs/access.log.2019-05-24.gz HTTP/1.1" 200 23041 "-" "Mozilla/5.0 (compatible; DataForSeoBot/1.0; +https://dataforseo.com/dataforseo-bot)" 
88.198.0.126 - - [02/Nov/2021:05:37:32 -0700] "GET /self.logs/access.log.2020-11-10.gz HTTP/1.1" 200 17600 "-" "Mozilla/5.0 (compatible; DataForSeoBot/1.0; +https://dataforseo.com/dataforseo-bot)" 
88.198.0.126 - - [02/Nov/2021:05:37:48 -0700] "GET /self.logs/error.log.2019-11-10.gz HTTP/1.1" 200 1970 "-" "Mozilla/5.0 (compatible; DataForSeoBot/1.0; +https://dataforseo.com/dataforseo-bot)" 
88.198.0.126 - - [02/Nov/2021:05:38:04 -0700] "GET /self.logs/error.log.2017-12-18.gz HTTP/1.1" 200 1738 "-" "Mozilla/5.0 (compatible; DataForSeoBot/1.0; +https://dataforseo.com/dataforseo-bot)" 
88.198.0.126 - - [02/Nov/2021:05:38:19 -0700] "GET /self.logs/access.log.2020-01-29.gz HTTP/1.1" 200 14224 "-" "Mozilla/5.0 (compatible; DataForSeoBot/1.0; +https://dataforseo.com/dataforseo-bot)" 
88.198.0.126 - - [02/Nov/2021:05:38:35 -0700] "GET /self.logs/access.log.2017-11-10.gz HTTP/1.1" 200 28687 "-" "Mozilla/5.0 (compatible; DataForSeoBot/1.0; +https://dataforseo.com/dataforseo-bot)" 
88.198.0.126 - - [02/Nov/2021:05:38:50 -0700] "GET /self.logs/error.log.2017-11-08.gz HTTP/1.1" 200 2501 "-" "Mozilla/5.0 (compatible; DataForSeoBot/1.0; +https://dataforseo.com/dataforseo-bot)" 
88.198.0.126 - - [02/Nov/2021:05:39:07 -0700] "GET /self.logs/access.log.2018-06-24.gz HTTP/1.1" 200 17190 "-" "Mozilla/5.0 (compatible; DataForSeoBot/1.0; +https://dataforseo.com/dataforseo-bot)" 
88.198.0.126 - - [02/Nov/2021:05:39:21 -0700] "GET /self.logs/access.log.2017-09-07.gz HTTP/1.1" 200 24696 "-" "Mozilla/5.0 (compatible; DataForSeoBot/1.0; +https://dataforseo.com/dataforseo-bot)" 
88.198.0.126 - - [02/Nov/2021:05:39:37 -0700] "GET /self.logs/access.log.2019-02-08.gz HTTP/1.1" 200 21277 "-" "Mozilla/5.0 (compatible; DataForSeoBot/1.0; +https://dataforseo.com/dataforseo-bot)" 
88.198.0.126 - - [02/Nov/2021:05:39:51 -0700] "GET /self.logs/access.log.2017-04-07.gz HTTP/1.1" 200 27875 "-" "Mozilla/5.0 (compatible; DataForSeoBot/1.0; +https://dataforseo.com/dataforseo-bot)" 
88.198.0.126 - - [02/Nov/2021:05:40:06 -0700] "GET /self.logs/access.log.2019-08-02.gz HTTP/1.1" 200 24596 "-" "Mozilla/5.0 (compatible; DataForSeoBot/1.0; +https://dataforseo.com/dataforseo-bot)" 
88.198.0.126 - - [02/Nov/2021:05:40:20 -0700] "GET /self.logs/access.log.2020-06-15.gz HTTP/1.1" 200 22154 "-" "Mozilla/5.0 (compatible; DataForSeoBot/1.0; +https://dataforseo.com/dataforseo-bot)" 
88.198.0.126 - - [02/Nov/2021:05:40:33 -0700] "GET /self.logs/access.log.2021-02-08.gz HTTP/1.1" 200 24731 "-" "Mozilla/5.0 (compatible; DataForSeoBot/1.0; +https://dataforseo.com/dataforseo-bot)" 
88.198.0.126 - - [02/Nov/2021:05:40:46 -0700] "GET /self.logs/error.log.2020-09-27 HTTP/1.1" 200 314 "-" "Mozilla/5.0 (compatible; DataForSeoBot/1.0; +https://dataforseo.com/dataforseo-bot)" 
88.198.0.126 - - [02/Nov/2021:05:41:00 -0700] "GET /self.logs/error.log.2020-04-21 HTTP/1.1" 200 314 "-" "Mozilla/5.0 (compatible; DataForSeoBot/1.0; +https://dataforseo.com/dataforseo-bot)" 
88.198.0.126 - - [02/Nov/2021:05:41:13 -0700] "GET /self.logs/access.log.2020-11-29.gz HTTP/1.1" 200 14123 "-" "Mozilla/5.0 (compatible; DataForSeoBot/1.0; +https://dataforseo.com/dataforseo-bot)" 
88.198.0.126 - - [02/Nov/2021:05:41:27 -0700] "GET /self.logs/error.log.2018-08-09.gz HTTP/1.1" 200 6302 "-" "Mozilla/5.0 (compatible; DataForSeoBot/1.0; +https://dataforseo.com/dataforseo-bot)" 
88.198.0.126 - - [02/Nov/2021:05:41:38 -0700] "GET /self.logs/access.log.2021-10-25.gz HTTP/1.1" 200 18182 "-" "Mozilla/5.0 (compatible; DataForSeoBot/1.0; +https://dataforseo.com/dataforseo-bot)" 
88.198.0.126 - - [02/Nov/2021:05:41:51 -0700] "GET /self.logs/access.log.2019-11-16.gz HTTP/1.1" 200 21742 "-" "Mozilla/5.0 (compatible; DataForSeoBot/1.0; +https://dataforseo.com/dataforseo-bot)" 
88.198.0.126 - - [02/Nov/2021:05:42:01 -0700] "GET /self.logs/error.log.2019-05-16.gz HTTP/1.1" 200 5401 "-" "Mozilla/5.0 (compatible; DataForSeoBot/1.0; +https://dataforseo.com/dataforseo-bot)" 
115.60.57.28 - - [02/Nov/2021:05:42:27 -0700] "GET /favicon.ico HTTP/1.1" 304 261 "-" "Mozilla/5.0 (Windows NT 10.0; WOW64) AppleWebKit/537.36 (KHTML, like Gecko) Chrome/86.0.4240.198 Safari/537.36" 
202.65.92.152 - - [02/Nov/2021:05:44:06 -0700] "GET /.well-known/security.txt HTTP/1.1" 301 486 "-" "Go-http-client/1.1" 
202.65.92.152 - - [02/Nov/2021:05:44:06 -0700] "GET /.well-known/security.txt HTTP/1.1" 404 291 "http://secrepo.com/.well-known/security.txt" "Go-http-client/1.1" 
202.65.92.152 - - [02/Nov/2021:05:44:07 -0700] "GET /security.txt HTTP/1.1" 301 462 "-" "Go-http-client/1.1" 
202.65.92.152 - - [02/Nov/2021:05:44:07 -0700] "GET /security.txt HTTP/1.1" 404 291 "http://secrepo.com/security.txt" "Go-http-client/1.1" 
88.198.0.126 - - [02/Nov/2021:05:44:30 -0700] "GET /self.logs/error.log.2019-04-10.gz HTTP/1.1" 200 8541 "-" "Mozilla/5.0 (compatible; DataForSeoBot/1.0; +https://dataforseo.com/dataforseo-bot)" 
88.198.0.126 - - [02/Nov/2021:05:44:50 -0700] "GET /self.logs/access.log.2021-07-06.gz HTTP/1.1" 200 45662 "-" "Mozilla/5.0 (compatible; DataForSeoBot/1.0; +https://dataforseo.com/dataforseo-bot)" 
88.198.0.126 - - [02/Nov/2021:05:45:09 -0700] "GET /self.logs/error.log.2017-05-09.gz HTTP/1.1" 200 943 "-" "Mozilla/5.0 (compatible; DataForSeoBot/1.0; +https://dataforseo.com/dataforseo-bot)" 
88.198.0.126 - - [02/Nov/2021:05:45:26 -0700] "GET /self.logs/access.log.2020-10-09.gz HTTP/1.1" 200 31042 "-" "Mozilla/5.0 (compatible; DataForSeoBot/1.0; +https://dataforseo.com/dataforseo-bot)" 
88.198.0.126 - - [02/Nov/2021:05:45:44 -0700] "GET /self.logs/access.log.2017-05-25.gz HTTP/1.1" 200 36321 "-" "Mozilla/5.0 (compatible; DataForSeoBot/1.0; +https://dataforseo.com/dataforseo-bot)" 
88.198.0.126 - - [02/Nov/2021:05:46:02 -0700] "GET /self.logs/access.log.2018-09-23.gz HTTP/1.1" 200 28609 "-" "Mozilla/5.0 (compatible; DataForSeoBot/1.0; +https://dataforseo.com/dataforseo-bot)" 
88.198.0.126 - - [02/Nov/2021:05:46:19 -0700] "GET /self.logs/access.log.2021-06-03.gz HTTP/1.1" 200 19753 "-" "Mozilla/5.0 (compatible; DataForSeoBot/1.0; +https://dataforseo.com/dataforseo-bot)" 
88.198.0.126 - - [02/Nov/2021:05:46:36 -0700] "GET /self.logs/access.log.2021-03-24.gz HTTP/1.1" 200 18903 "-" "Mozilla/5.0 (compatible; DataForSeoBot/1.0; +https://dataforseo.com/dataforseo-bot)" 
88.198.0.126 - - [02/Nov/2021:05:46:53 -0700] "GET /self.logs/error.log.2019-04-30.gz HTTP/1.1" 200 5133 "-" "Mozilla/5.0 (compatible; DataForSeoBot/1.0; +https://dataforseo.com/dataforseo-bot)" 
54.161.41.102 - - [02/Nov/2021:05:47:04 -0700] "GET /robots.txt HTTP/1.1" 200 333 "-" "Mozilla/5.0 (compatible; Neevabot/1.0; +https://neeva.com/neevabot)" 
54.161.41.102 - - [02/Nov/2021:05:47:09 -0700] "GET /Datasets%20Description/HTML_Bro_log_2/packet_filter.html HTTP/1.1" 200 1681 "-" "Mozilla/5.0 (compatible; Neevabot/1.0; +https://neeva.com/neevabot)" 
88.198.0.126 - - [02/Nov/2021:05:47:12 -0700] "GET /self.logs/error.log.2018-12-18.gz HTTP/1.1" 200 3686 "-" "Mozilla/5.0 (compatible; DataForSeoBot/1.0; +https://dataforseo.com/dataforseo-bot)" 
88.198.0.126 - - [02/Nov/2021:05:47:27 -0700] "GET /self.logs/error.log.2017-03-27.gz HTTP/1.1" 200 939 "-" "Mozilla/5.0 (compatible; DataForSeoBot/1.0; +https://dataforseo.com/dataforseo-bot)" 
88.198.0.126 - - [02/Nov/2021:05:47:44 -0700] "GET /self.logs/error.log.2021-09-26.gz HTTP/1.1" 200 2574 "-" "Mozilla/5.0 (compatible; DataForSeoBot/1.0; +https://dataforseo.com/dataforseo-bot)" 
49.7.20.102 - - [02/Nov/2021:05:47:55 -0700] "GET / HTTP/1.1" 200 13149 "-" "Sogou web spider/4.0(+http://www.sogou.com/docs/help/webmasters.htm#07)" 
88.198.0.126 - - [02/Nov/2021:05:48:03 -0700] "GET /self.logs/error.log.2018-11-28.gz HTTP/1.1" 200 3936 "-" "Mozilla/5.0 (compatible; DataForSeoBot/1.0; +https://dataforseo.com/dataforseo-bot)" 
88.198.0.126 - - [02/Nov/2021:05:48:20 -0700] "GET /self.logs/error.log.2020-01-08.gz HTTP/1.1" 200 834 "-" "Mozilla/5.0 (compatible; DataForSeoBot/1.0; +https://dataforseo.com/dataforseo-bot)" 
88.198.0.126 - - [02/Nov/2021:05:48:35 -0700] "GET /self.logs/access.log.2021-04-27.gz HTTP/1.1" 200 19565 "-" "Mozilla/5.0 (compatible; DataForSeoBot/1.0; +https://dataforseo.com/dataforseo-bot)" 
88.198.0.126 - - [02/Nov/2021:05:48:53 -0700] "GET /self.logs/error.log.2020-10-21.gz HTTP/1.1" 200 820 "-" "Mozilla/5.0 (compatible; DataForSeoBot/1.0; +https://dataforseo.com/dataforseo-bot)" 
88.198.0.126 - - [02/Nov/2021:05:49:09 -0700] "GET /self.logs/error.log.2019-01-14.gz HTTP/1.1" 200 5736 "-" "Mozilla/5.0 (compatible; DataForSeoBot/1.0; +https://dataforseo.com/dataforseo-bot)" 
88.198.0.126 - - [02/Nov/2021:05:49:25 -0700] "GET /self.logs/access.log.2018-03-30.gz HTTP/1.1" 200 18813 "-" "Mozilla/5.0 (compatible; DataForSeoBot/1.0; +https://dataforseo.com/dataforseo-bot)" 
88.198.0.126 - - [02/Nov/2021:05:49:42 -0700] "GET /self.logs/access.log.2018-02-17.gz HTTP/1.1" 200 15178 "-" "Mozilla/5.0 (compatible; DataForSeoBot/1.0; +https://dataforseo.com/dataforseo-bot)" 
88.198.0.126 - - [02/Nov/2021:05:49:59 -0700] "GET /self.logs/access.log.2018-01-19.gz HTTP/1.1" 200 23962 "-" "Mozilla/5.0 (compatible; DataForSeoBot/1.0; +https://dataforseo.com/dataforseo-bot)" 
88.198.0.126 - - [02/Nov/2021:05:50:15 -0700] "GET /self.logs/access.log.2017-01-13.gz HTTP/1.1" 200 16667 "-" "Mozilla/5.0 (compatible; DataForSeoBot/1.0; +https://dataforseo.com/dataforseo-bot)" 
88.198.0.126 - - [02/Nov/2021:05:50:31 -0700] "GET /self.logs/error.log.2017-01-23.gz HTTP/1.1" 200 1050 "-" "Mozilla/5.0 (compatible; DataForSeoBot/1.0; +https://dataforseo.com/dataforseo-bot)" 
114.119.149.83 - - [02/Nov/2021:05:50:34 -0700] "GET /self.logs/access.log.2018-08-31.gz HTTP/1.1" 200 24031 "-" "Mozilla/5.0 (compatible;PetalBot;+https://webmaster.petalsearch.com/site/petalbot)" 
88.198.0.126 - - [02/Nov/2021:05:50:49 -0700] "GET /self.logs/access.log.2018-11-16.gz HTTP/1.1" 200 31027 "-" "Mozilla/5.0 (compatible; DataForSeoBot/1.0; +https://dataforseo.com/dataforseo-bot)" 
88.198.0.126 - - [02/Nov/2021:05:51:04 -0700] "GET /self.logs/error.log.2017-01-29.gz HTTP/1.1" 200 980 "-" "Mozilla/5.0 (compatible; DataForSeoBot/1.0; +https://dataforseo.com/dataforseo-bot)" 
88.198.0.126 - - [02/Nov/2021:05:51:20 -0700] "GET /self.logs/error.log.2017-06-03.gz HTTP/1.1" 200 901 "-" "Mozilla/5.0 (compatible; DataForSeoBot/1.0; +https://dataforseo.com/dataforseo-bot)" 
88.198.0.126 - - [02/Nov/2021:05:51:36 -0700] "GET /self.logs/error.log.2020-11-12 HTTP/1.1" 200 314 "-" "Mozilla/5.0 (compatible; DataForSeoBot/1.0; +https://dataforseo.com/dataforseo-bot)" 
88.198.0.126 - - [02/Nov/2021:05:51:51 -0700] "GET /self.logs/access.log.2017-12-31.gz HTTP/1.1" 200 18733 "-" "Mozilla/5.0 (compatible; DataForSeoBot/1.0; +https://dataforseo.com/dataforseo-bot)" 
88.198.0.126 - - [02/Nov/2021:05:52:08 -0700] "GET /self.logs/error.log.2020-04-20 HTTP/1.1" 200 314 "-" "Mozilla/5.0 (compatible; DataForSeoBot/1.0; +https://dataforseo.com/dataforseo-bot)" 
88.198.0.126 - - [02/Nov/2021:05:52:24 -0700] "GET /self.logs/error.log.2018-05-18.gz HTTP/1.1" 200 3680 "-" "Mozilla/5.0 (compatible; DataForSeoBot/1.0; +https://dataforseo.com/dataforseo-bot)" 
88.198.0.126 - - [02/Nov/2021:05:52:41 -0700] "GET /self.logs/error.log.2020-08-04 HTTP/1.1" 200 314 "-" "Mozilla/5.0 (compatible; DataForSeoBot/1.0; +https://dataforseo.com/dataforseo-bot)" 
88.198.0.126 - - [02/Nov/2021:05:52:57 -0700] "GET /self.logs/error.log.2019-06-25.gz HTTP/1.1" 200 1769 "-" "Mozilla/5.0 (compatible; DataForSeoBot/1.0; +https://dataforseo.com/dataforseo-bot)" 
88.198.0.126 - - [02/Nov/2021:05:53:14 -0700] "GET /self.logs/access.log.2019-08-15.gz HTTP/1.1" 200 24790 "-" "Mozilla/5.0 (compatible; DataForSeoBot/1.0; +https://dataforseo.com/dataforseo-bot)" 
88.198.0.126 - - [02/Nov/2021:05:53:30 -0700] "GET /self.logs/access.log.2021-07-09.gz HTTP/1.1" 200 20882 "-" "Mozilla/5.0 (compatible; DataForSeoBot/1.0; +https://dataforseo.com/dataforseo-bot)" 
88.198.0.126 - - [02/Nov/2021:05:53:46 -0700] "GET /self.logs/access.log.2021-04-08.gz HTTP/1.1" 200 28168 "-" "Mozilla/5.0 (compatible; DataForSeoBot/1.0; +https://dataforseo.com/dataforseo-bot)" 
88.198.0.126 - - [02/Nov/2021:05:54:09 -0700] "GET /self.logs/access.log.2018-05-17.gz HTTP/1.1" 200 23076 "-" "Mozilla/5.0 (compatible; DataForSeoBot/1.0; +https://dataforseo.com/dataforseo-bot)" 
88.198.0.126 - - [02/Nov/2021:05:54:25 -0700] "GET /self.logs/access.log.2018-08-26.gz HTTP/1.1" 200 29800 "-" "Mozilla/5.0 (compatible; DataForSeoBot/1.0; +https://dataforseo.com/dataforseo-bot)" 
88.198.0.126 - - [02/Nov/2021:05:54:41 -0700] "GET /self.logs/error.log.2017-06-28.gz HTTP/1.1" 200 930 "-" "Mozilla/5.0 (compatible; DataForSeoBot/1.0; +https://dataforseo.com/dataforseo-bot)" 
93.38.216.95 - - [02/Nov/2021:05:54:41 -0700] "GET / HTTP/1.1" 200 13186 "-" "Mozilla/5.0 (Windows NT 10.0; Win64; x64) AppleWebKit/537.36 (KHTML, like Gecko) Chrome/95.0.4638.54 Safari/537.36" 
93.38.216.95 - - [02/Nov/2021:05:54:41 -0700] "GET /css/style.css HTTP/1.1" 404 305 "http://www.secrepo.com/" "Mozilla/5.0 (Windows NT 10.0; Win64; x64) AppleWebKit/537.36 (KHTML, like Gecko) Chrome/95.0.4638.54 Safari/537.36" 
93.38.216.95 - - [02/Nov/2021:05:54:42 -0700] "GET /twitter-icon.png HTTP/1.1" 200 27893 "http://www.secrepo.com/" "Mozilla/5.0 (Windows NT 10.0; Win64; x64) AppleWebKit/537.36 (KHTML, like Gecko) Chrome/95.0.4638.54 Safari/537.36" 
93.38.216.95 - - [02/Nov/2021:05:54:42 -0700] "GET /GitHub-Mark.png HTTP/1.1" 200 7556 "http://www.secrepo.com/" "Mozilla/5.0 (Windows NT 10.0; Win64; x64) AppleWebKit/537.36 (KHTML, like Gecko) Chrome/95.0.4638.54 Safari/537.36" 
93.38.216.95 - - [02/Nov/2021:05:54:43 -0700] "GET /bootstrap/img/favicon.ico HTTP/1.1" 200 690 "http://www.secrepo.com/" "Mozilla/5.0 (Windows NT 10.0; Win64; x64) AppleWebKit/537.36 (KHTML, like Gecko) Chrome/95.0.4638.54 Safari/537.36" 
88.198.0.126 - - [02/Nov/2021:05:54:57 -0700] "GET /self.logs/error.log.2020-11-08 HTTP/1.1" 200 314 "-" "Mozilla/5.0 (compatible; DataForSeoBot/1.0; +https://dataforseo.com/dataforseo-bot)" 
88.198.0.126 - - [02/Nov/2021:05:55:13 -0700] "GET /self.logs/access.log.2021-02-19.gz HTTP/1.1" 200 22553 "-" "Mozilla/5.0 (compatible; DataForSeoBot/1.0; +https://dataforseo.com/dataforseo-bot)" 
49.7.20.105 - - [02/Nov/2021:05:55:17 -0700] "GET / HTTP/1.1" 200 13149 "-" "Sogou web spider/4.0(+http://www.sogou.com/docs/help/webmasters.htm#07)" 
88.198.0.126 - - [02/Nov/2021:05:55:29 -0700] "GET /self.logs/access.log.2018-08-17.gz HTTP/1.1" 200 18828 "-" "Mozilla/5.0 (compatible; DataForSeoBot/1.0; +https://dataforseo.com/dataforseo-bot)" 
88.198.0.126 - - [02/Nov/2021:05:55:44 -0700] "GET /self.logs/error.log.2020-08-27 HTTP/1.1" 200 314 "-" "Mozilla/5.0 (compatible; DataForSeoBot/1.0; +https://dataforseo.com/dataforseo-bot)" 
88.198.0.126 - - [02/Nov/2021:05:56:00 -0700] "GET /self.logs/access.log.2021-04-29.gz HTTP/1.1" 200 18574 "-" "Mozilla/5.0 (compatible; DataForSeoBot/1.0; +https://dataforseo.com/dataforseo-bot)" 
88.198.0.126 - - [02/Nov/2021:05:56:17 -0700] "GET /self.logs/error.log.2017-08-13.gz HTTP/1.1" 200 967 "-" "Mozilla/5.0 (compatible; DataForSeoBot/1.0; +https://dataforseo.com/dataforseo-bot)" 
88.198.0.126 - - [02/Nov/2021:05:56:32 -0700] "GET /self.logs/error.log.2021-07-19.gz HTTP/1.1" 200 1838 "-" "Mozilla/5.0 (compatible; DataForSeoBot/1.0; +https://dataforseo.com/dataforseo-bot)" 
88.198.0.126 - - [02/Nov/2021:05:56:49 -0700] "GET /self.logs/error.log.2017-03-11.gz HTTP/1.1" 200 756 "-" "Mozilla/5.0 (compatible; DataForSeoBot/1.0; +https://dataforseo.com/dataforseo-bot)" 
88.198.0.126 - - [02/Nov/2021:05:57:03 -0700] "GET /self.logs/access.log.2021-01-30.gz HTTP/1.1" 200 23485 "-" "Mozilla/5.0 (compatible; DataForSeoBot/1.0; +https://dataforseo.com/dataforseo-bot)" 
88.198.0.126 - - [02/Nov/2021:05:57:23 -0700] "GET /self.logs/error.log.2017-08-10.gz HTTP/1.1" 200 1021 "-" "Mozilla/5.0 (compatible; DataForSeoBot/1.0; +https://dataforseo.com/dataforseo-bot)" 
88.198.0.126 - - [02/Nov/2021:05:57:39 -0700] "GET /self.logs/error.log.2017-03-25.gz HTTP/1.1" 200 1009 "-" "Mozilla/5.0 (compatible; DataForSeoBot/1.0; +https://dataforseo.com/dataforseo-bot)" 
88.198.0.126 - - [02/Nov/2021:05:57:55 -0700] "GET /self.logs/error.log.2019-10-03.gz HTTP/1.1" 200 1636 "-" "Mozilla/5.0 (compatible; DataForSeoBot/1.0; +https://dataforseo.com/dataforseo-bot)" 
88.198.0.126 - - [02/Nov/2021:05:58:09 -0700] "GET /self.logs/access.log.2018-10-29.gz HTTP/1.1" 200 20667 "-" "Mozilla/5.0 (compatible; DataForSeoBot/1.0; +https://dataforseo.com/dataforseo-bot)" 
88.198.0.126 - - [02/Nov/2021:05:58:26 -0700] "GET /self.logs/access.log.2019-08-29.gz HTTP/1.1" 200 32888 "-" "Mozilla/5.0 (compatible; DataForSeoBot/1.0; +https://dataforseo.com/dataforseo-bot)" 
88.198.0.126 - - [02/Nov/2021:05:58:42 -0700] "GET /self.logs/access.log.2019-03-26.gz HTTP/1.1" 200 31285 "-" "Mozilla/5.0 (compatible; DataForSeoBot/1.0; +https://dataforseo.com/dataforseo-bot)" 
88.198.0.126 - - [02/Nov/2021:05:58:57 -0700] "GET /self.logs/access.log.2017-07-17.gz HTTP/1.1" 200 79017 "-" "Mozilla/5.0 (compatible; DataForSeoBot/1.0; +https://dataforseo.com/dataforseo-bot)" 
88.198.0.126 - - [02/Nov/2021:05:59:11 -0700] "GET /self.logs/access.log.2017-02-01.gz HTTP/1.1" 200 27103 "-" "Mozilla/5.0 (compatible; DataForSeoBot/1.0; +https://dataforseo.com/dataforseo-bot)" 
88.198.0.126 - - [02/Nov/2021:05:59:25 -0700] "GET /self.logs/access.log.2017-06-09.gz HTTP/1.1" 200 26507 "-" "Mozilla/5.0 (compatible; DataForSeoBot/1.0; +https://dataforseo.com/dataforseo-bot)" 
88.198.0.126 - - [02/Nov/2021:05:59:42 -0700] "GET /self.logs/access.log.2018-07-03.gz HTTP/1.1" 200 38059 "-" "Mozilla/5.0 (compatible; DataForSeoBot/1.0; +https://dataforseo.com/dataforseo-bot)" 
88.198.0.126 - - [02/Nov/2021:05:59:58 -0700] "GET /self.logs/access.log.2020-01-19.gz HTTP/1.1" 200 13721 "-" "Mozilla/5.0 (compatible; DataForSeoBot/1.0; +https://dataforseo.com/dataforseo-bot)" 
88.198.0.126 - - [02/Nov/2021:06:00:15 -0700] "GET /self.logs/error.log.2018-07-31.gz HTTP/1.1" 200 9132 "-" "Mozilla/5.0 (compatible; DataForSeoBot/1.0; +https://dataforseo.com/dataforseo-bot)" 
88.198.0.126 - - [02/Nov/2021:06:00:30 -0700] "GET /self.logs/error.log.2021-07-21 HTTP/1.1" 200 1070 "-" "Mozilla/5.0 (compatible; DataForSeoBot/1.0; +https://dataforseo.com/dataforseo-bot)" 
88.198.0.126 - - [02/Nov/2021:06:00:49 -0700] "GET /self.logs/error.log.2021-02-24.gz HTTP/1.1" 200 1225 "-" "Mozilla/5.0 (compatible; DataForSeoBot/1.0; +https://dataforseo.com/dataforseo-bot)" 
88.198.0.126 - - [02/Nov/2021:06:01:04 -0700] "GET /self.logs/error.log.2019-01-21.gz HTTP/1.1" 200 4884 "-" "Mozilla/5.0 (compatible; DataForSeoBot/1.0; +https://dataforseo.com/dataforseo-bot)" 
88.198.0.126 - - [02/Nov/2021:06:01:20 -0700] "GET /self.logs/error.log.2021-10-09.gz HTTP/1.1" 200 4420 "-" "Mozilla/5.0 (compatible; DataForSeoBot/1.0; +https://dataforseo.com/dataforseo-bot)" 
88.198.0.126 - - [02/Nov/2021:06:01:33 -0700] "GET /self.logs/access.log.2020-08-24.gz HTTP/1.1" 200 12540 "-" "Mozilla/5.0 (compatible; DataForSeoBot/1.0; +https://dataforseo.com/dataforseo-bot)" 
88.198.0.126 - - [02/Nov/2021:06:01:50 -0700] "GET /self.logs/error.log.2019-07-26.gz HTTP/1.1" 200 1564 "-" "Mozilla/5.0 (compatible; DataForSeoBot/1.0; +https://dataforseo.com/dataforseo-bot)" 
88.198.0.126 - - [02/Nov/2021:06:02:05 -0700] "GET /self.logs/access.log.2018-06-08.gz HTTP/1.1" 200 20513 "-" "Mozilla/5.0 (compatible; DataForSeoBot/1.0; +https://dataforseo.com/dataforseo-bot)" 
88.198.0.126 - - [02/Nov/2021:06:02:20 -0700] "GET /self.logs/access.log.2021-01-07.gz HTTP/1.1" 200 18132 "-" "Mozilla/5.0 (compatible; DataForSeoBot/1.0; +https://dataforseo.com/dataforseo-bot)" 
88.198.0.126 - - [02/Nov/2021:06:02:35 -0700] "GET /self.logs/error.log.2020-04-02.gz HTTP/1.1" 200 1103 "-" "Mozilla/5.0 (compatible; DataForSeoBot/1.0; +https://dataforseo.com/dataforseo-bot)" 
88.198.0.126 - - [02/Nov/2021:06:02:49 -0700] "GET /self.logs/error.log.2019-01-12.gz HTTP/1.1" 200 4073 "-" "Mozilla/5.0 (compatible; DataForSeoBot/1.0; +https://dataforseo.com/dataforseo-bot)" 
88.198.0.126 - - [02/Nov/2021:06:03:02 -0700] "GET /self.logs/error.log.2019-05-04.gz HTTP/1.1" 200 6856 "-" "Mozilla/5.0 (compatible; DataForSeoBot/1.0; +https://dataforseo.com/dataforseo-bot)" 
88.198.0.126 - - [02/Nov/2021:06:03:15 -0700] "GET /self.logs/access.log.2017-06-17.gz HTTP/1.1" 200 36119 "-" "Mozilla/5.0 (compatible; DataForSeoBot/1.0; +https://dataforseo.com/dataforseo-bot)" 
88.198.0.126 - - [02/Nov/2021:06:03:27 -0700] "GET /self.logs/error.log.2018-11-07.gz HTTP/1.1" 200 4335 "-" "Mozilla/5.0 (compatible; DataForSeoBot/1.0; +https://dataforseo.com/dataforseo-bot)" 
88.198.0.126 - - [02/Nov/2021:06:03:39 -0700] "GET /self.logs/error.log.2020-07-01 HTTP/1.1" 200 314 "-" "Mozilla/5.0 (compatible; DataForSeoBot/1.0; +https://dataforseo.com/dataforseo-bot)" 
88.198.0.126 - - [02/Nov/2021:06:03:52 -0700] "GET /self.logs/error.log.2019-07-03.gz HTTP/1.1" 200 2292 "-" "Mozilla/5.0 (compatible; DataForSeoBot/1.0; +https://dataforseo.com/dataforseo-bot)" 
88.198.0.126 - - [02/Nov/2021:06:04:05 -0700] "GET /self.logs/access.log.2017-10-02.gz HTTP/1.1" 200 21947 "-" "Mozilla/5.0 (compatible; DataForSeoBot/1.0; +https://dataforseo.com/dataforseo-bot)" 
88.198.0.126 - - [02/Nov/2021:06:04:17 -0700] "GET /self.logs/access.log.2019-07-06.gz HTTP/1.1" 200 16797 "-" "Mozilla/5.0 (compatible; DataForSeoBot/1.0; +https://dataforseo.com/dataforseo-bot)" 
88.198.0.126 - - [02/Nov/2021:06:04:28 -0700] "GET /self.logs/access.log.2021-07-17.gz HTTP/1.1" 200 16802 "-" "Mozilla/5.0 (compatible; DataForSeoBot/1.0; +https://dataforseo.com/dataforseo-bot)" 
88.198.0.126 - - [02/Nov/2021:06:04:38 -0700] "GET /self.logs/access.log.2018-10-19.gz HTTP/1.1" 200 18449 "-" "Mozilla/5.0 (compatible; DataForSeoBot/1.0; +https://dataforseo.com/dataforseo-bot)" 
88.198.0.126 - - [02/Nov/2021:06:04:50 -0700] "GET /self.logs/error.log.2018-12-15.gz HTTP/1.1" 200 16199 "-" "Mozilla/5.0 (compatible; DataForSeoBot/1.0; +https://dataforseo.com/dataforseo-bot)" 
88.198.0.126 - - [02/Nov/2021:06:04:59 -0700] "GET /self.logs/error.log.2021-02-17.gz HTTP/1.1" 200 1042 "-" "Mozilla/5.0 (compatible; DataForSeoBot/1.0; +https://dataforseo.com/dataforseo-bot)" 
88.198.0.126 - - [02/Nov/2021:06:05:04 -0700] "GET /self.logs/error.log.2021-03-20.gz HTTP/1.1" 200 1117 "-" "Mozilla/5.0 (compatible; DataForSeoBot/1.0; +https://dataforseo.com/dataforseo-bot)" 
101.200.151.59 - - [02/Nov/2021:06:05:58 -0700] "GET /robots.txt HTTP/1.1" 200 377 "-" "Mozilla/5.0 (compatible; MagiBot/1.0.0; Matarael; +https://magi.com/bots)" 
101.200.151.59 - - [02/Nov/2021:06:05:59 -0700] "GET /auth.log/auth.log.gz HTTP/1.1" 200 55480 "http://www.secrepo.com/" "Mozilla/5.0 (compatible; MagiBot/1.0.0; Matarael; +https://magi.com/bots)" 
88.198.0.126 - - [02/Nov/2021:06:07:22 -0700] "GET /self.logs/error.log.2020-04-07.gz HTTP/1.1" 200 1766 "-" "Mozilla/5.0 (compatible; DataForSeoBot/1.0; +https://dataforseo.com/dataforseo-bot)" 
88.198.0.126 - - [02/Nov/2021:06:07:41 -0700] "GET /self.logs/access.log.2018-02-28.gz HTTP/1.1" 200 24561 "-" "Mozilla/5.0 (compatible; DataForSeoBot/1.0; +https://dataforseo.com/dataforseo-bot)" 
88.198.0.126 - - [02/Nov/2021:06:07:58 -0700] "GET /self.logs/error.log.2021-03-03.gz HTTP/1.1" 200 1099 "-" "Mozilla/5.0 (compatible; DataForSeoBot/1.0; +https://dataforseo.com/dataforseo-bot)" 
88.198.0.126 - - [02/Nov/2021:06:08:15 -0700] "GET /self.logs/error.log.2018-07-05.gz HTTP/1.1" 200 5681 "-" "Mozilla/5.0 (compatible; DataForSeoBot/1.0; +https://dataforseo.com/dataforseo-bot)" 
88.198.0.126 - - [02/Nov/2021:06:08:32 -0700] "GET /self.logs/error.log.2020-09-21.gz HTTP/1.1" 200 832 "-" "Mozilla/5.0 (compatible; DataForSeoBot/1.0; +https://dataforseo.com/dataforseo-bot)" 
88.198.0.126 - - [02/Nov/2021:06:08:48 -0700] "GET /self.logs/access.log.2019-10-18.gz HTTP/1.1" 200 23687 "-" "Mozilla/5.0 (compatible; DataForSeoBot/1.0; +https://dataforseo.com/dataforseo-bot)" 
88.198.0.126 - - [02/Nov/2021:06:09:03 -0700] "GET /self.logs/error.log.2017-08-12.gz HTTP/1.1" 200 1011 "-" "Mozilla/5.0 (compatible; DataForSeoBot/1.0; +https://dataforseo.com/dataforseo-bot)" 
88.198.0.126 - - [02/Nov/2021:06:09:19 -0700] "GET /self.logs/error.log.2019-04-02.gz HTTP/1.1" 200 6464 "-" "Mozilla/5.0 (compatible; DataForSeoBot/1.0; +https://dataforseo.com/dataforseo-bot)" 
51.222.253.2 - - [02/Nov/2021:06:09:27 -0700] "GET /self.logs/?C=S;O=A HTTP/1.1" 200 38545 "-" "Mozilla/5.0 (compatible; AhrefsBot/7.0; +http://ahrefs.com/robot/)" 
88.198.0.126 - - [02/Nov/2021:06:09:36 -0700] "GET /self.logs/access.log.2019-06-27.gz HTTP/1.1" 200 35159 "-" "Mozilla/5.0 (compatible; DataForSeoBot/1.0; +https://dataforseo.com/dataforseo-bot)" 
88.198.0.126 - - [02/Nov/2021:06:09:51 -0700] "GET /self.logs/error.log.2018-08-14.gz HTTP/1.1" 200 7567 "-" "Mozilla/5.0 (compatible; DataForSeoBot/1.0; +https://dataforseo.com/dataforseo-bot)" 
88.198.0.126 - - [02/Nov/2021:06:10:07 -0700] "GET /self.logs/error.log.2021-01-26.gz HTTP/1.1" 200 3847 "-" "Mozilla/5.0 (compatible; DataForSeoBot/1.0; +https://dataforseo.com/dataforseo-bot)" 
88.198.0.126 - - [02/Nov/2021:06:10:22 -0700] "GET /self.logs/error.log.2019-02-14.gz HTTP/1.1" 200 3585 "-" "Mozilla/5.0 (compatible; DataForSeoBot/1.0; +https://dataforseo.com/dataforseo-bot)" 
88.198.0.126 - - [02/Nov/2021:06:10:38 -0700] "GET /self.logs/access.log.2020-09-30.gz HTTP/1.1" 200 13387 "-" "Mozilla/5.0 (compatible; DataForSeoBot/1.0; +https://dataforseo.com/dataforseo-bot)" 
216.244.66.245 - - [02/Nov/2021:06:10:45 -0700] "GET /robots.txt HTTP/1.1" 200 333 "-" "Mozilla/5.0 (compatible; DotBot/1.2; +https://opensiteexplorer.org/dotbot; help@moz.com)" 
88.198.0.126 - - [02/Nov/2021:06:10:54 -0700] "GET /self.logs/error.log.2021-09-17.gz HTTP/1.1" 200 1148 "-" "Mozilla/5.0 (compatible; DataForSeoBot/1.0; +https://dataforseo.com/dataforseo-bot)" 
88.198.0.126 - - [02/Nov/2021:06:11:11 -0700] "GET /self.logs/access.log.2021-01-28.gz HTTP/1.1" 200 17028 "-" "Mozilla/5.0 (compatible; DataForSeoBot/1.0; +https://dataforseo.com/dataforseo-bot)" 
88.198.0.126 - - [02/Nov/2021:06:11:26 -0700] "GET /self.logs/error.log.2019-08-18.gz HTTP/1.1" 200 1309 "-" "Mozilla/5.0 (compatible; DataForSeoBot/1.0; +https://dataforseo.com/dataforseo-bot)" 
88.198.0.126 - - [02/Nov/2021:06:11:41 -0700] "GET /self.logs/access.log.2021-01-03.gz HTTP/1.1" 200 25850 "-" "Mozilla/5.0 (compatible; DataForSeoBot/1.0; +https://dataforseo.com/dataforseo-bot)" 
88.198.0.126 - - [02/Nov/2021:06:11:58 -0700] "GET /self.logs/error.log.2020-03-26 HTTP/1.1" 200 314 "-" "Mozilla/5.0 (compatible; DataForSeoBot/1.0; +https://dataforseo.com/dataforseo-bot)" 
88.198.0.126 - - [02/Nov/2021:06:12:15 -0700] "GET /self.logs/access.log.2020-06-21.gz HTTP/1.1" 200 12803 "-" "Mozilla/5.0 (compatible; DataForSeoBot/1.0; +https://dataforseo.com/dataforseo-bot)" 
88.198.0.126 - - [02/Nov/2021:06:12:30 -0700] "GET /self.logs/error.log.2018-01-14.gz HTTP/1.1" 200 1916 "-" "Mozilla/5.0 (compatible; DataForSeoBot/1.0; +https://dataforseo.com/dataforseo-bot)" 
88.198.0.126 - - [02/Nov/2021:06:12:46 -0700] "GET /self.logs/error.log.2018-09-02.gz HTTP/1.1" 200 5365 "-" "Mozilla/5.0 (compatible; DataForSeoBot/1.0; +https://dataforseo.com/dataforseo-bot)" 
88.198.0.126 - - [02/Nov/2021:06:13:01 -0700] "GET /self.logs/error.log.2017-06-11.gz HTTP/1.1" 200 959 "-" "Mozilla/5.0 (compatible; DataForSeoBot/1.0; +https://dataforseo.com/dataforseo-bot)" 
88.198.0.126 - - [02/Nov/2021:06:13:18 -0700] "GET /self.logs/error.log.2019-11-01.gz HTTP/1.1" 200 1873 "-" "Mozilla/5.0 (compatible; DataForSeoBot/1.0; +https://dataforseo.com/dataforseo-bot)" 
88.198.0.126 - - [02/Nov/2021:06:13:32 -0700] "GET /self.logs/access.log.2018-04-07.gz HTTP/1.1" 200 16813 "-" "Mozilla/5.0 (compatible; DataForSeoBot/1.0; +https://dataforseo.com/dataforseo-bot)" 
88.198.0.126 - - [02/Nov/2021:06:13:49 -0700] "GET /self.logs/access.log.2020-02-26.gz HTTP/1.1" 200 15833 "-" "Mozilla/5.0 (compatible; DataForSeoBot/1.0; +https://dataforseo.com/dataforseo-bot)" 
49.7.20.102 - - [02/Nov/2021:06:13:50 -0700] "GET / HTTP/1.1" 200 13148 "-" "Sogou web spider/4.0(+http://www.sogou.com/docs/help/webmasters.htm#07)" 
88.198.0.126 - - [02/Nov/2021:06:14:05 -0700] "GET /self.logs/error.log.2020-12-07.gz HTTP/1.1" 200 1038 "-" "Mozilla/5.0 (compatible; DataForSeoBot/1.0; +https://dataforseo.com/dataforseo-bot)" 
88.198.0.126 - - [02/Nov/2021:06:14:20 -0700] "GET /self.logs/error.log.2017-09-14.gz HTTP/1.1" 200 1934 "-" "Mozilla/5.0 (compatible; DataForSeoBot/1.0; +https://dataforseo.com/dataforseo-bot)" 
88.198.0.126 - - [02/Nov/2021:06:14:36 -0700] "GET /self.logs/error.log.2020-05-18.gz HTTP/1.1" 200 925 "-" "Mozilla/5.0 (compatible; DataForSeoBot/1.0; +https://dataforseo.com/dataforseo-bot)" 
88.198.0.126 - - [02/Nov/2021:06:14:50 -0700] "GET /self.logs/access.log.2021-04-12.gz HTTP/1.1" 200 28925 "-" "Mozilla/5.0 (compatible; DataForSeoBot/1.0; +https://dataforseo.com/dataforseo-bot)" 
88.198.0.126 - - [02/Nov/2021:06:15:07 -0700] "GET /self.logs/error.log.2019-10-04.gz HTTP/1.1" 200 1931 "-" "Mozilla/5.0 (compatible; DataForSeoBot/1.0; +https://dataforseo.com/dataforseo-bot)" 
88.198.0.126 - - [02/Nov/2021:06:15:21 -0700] "GET /self.logs/access.log.2019-09-23.gz HTTP/1.1" 200 22413 "-" "Mozilla/5.0 (compatible; DataForSeoBot/1.0; +https://dataforseo.com/dataforseo-bot)" 
157.55.39.53 - - [02/Nov/2021:06:15:34 -0700] "GET /self.logs/access.log.2017-07-01.gz HTTP/1.1" 200 12686 "-" "Mozilla/5.0 (compatible; bingbot/2.0; +http://www.bing.com/bingbot.htm)" 
88.198.0.126 - - [02/Nov/2021:06:15:37 -0700] "GET /self.logs/error.log.2018-11-18.gz HTTP/1.1" 200 4758 "-" "Mozilla/5.0 (compatible; DataForSeoBot/1.0; +https://dataforseo.com/dataforseo-bot)" 
88.198.0.126 - - [02/Nov/2021:06:15:52 -0700] "GET /self.logs/access.log.2019-09-07.gz HTTP/1.1" 200 15742 "-" "Mozilla/5.0 (compatible; DataForSeoBot/1.0; +https://dataforseo.com/dataforseo-bot)" 
88.198.0.126 - - [02/Nov/2021:06:16:08 -0700] "GET /self.logs/error.log.2020-06-28 HTTP/1.1" 200 314 "-" "Mozilla/5.0 (compatible; DataForSeoBot/1.0; +https://dataforseo.com/dataforseo-bot)" 
88.198.0.126 - - [02/Nov/2021:06:16:23 -0700] "GET /self.logs/access.log.2021-02-09.gz HTTP/1.1" 200 33345 "-" "Mozilla/5.0 (compatible; DataForSeoBot/1.0; +https://dataforseo.com/dataforseo-bot)" 
124.128.158.36 - - [02/Nov/2021:06:16:36 -0700] "GET /self.logs/access.log.2018-03-12.gz HTTP/1.1" 200 46417 "http://www.secrepo.com/self.logs/" "Mozilla/5.0 (Windows NT 10.0; Win64; x64) AppleWebKit/537.36 (KHTML, like Gecko) Chrome/95.0.4638.54 Safari/537.36" 
88.198.0.126 - - [02/Nov/2021:06:16:38 -0700] "GET /self.logs/access.log.2020-11-25.gz HTTP/1.1" 200 10303 "-" "Mozilla/5.0 (compatible; DataForSeoBot/1.0; +https://dataforseo.com/dataforseo-bot)" 
88.198.0.126 - - [02/Nov/2021:06:16:52 -0700] "GET /self.logs/error.log.2017-10-03.gz HTTP/1.1" 200 2871 "-" "Mozilla/5.0 (compatible; DataForSeoBot/1.0; +https://dataforseo.com/dataforseo-bot)" 
88.198.0.126 - - [02/Nov/2021:06:17:08 -0700] "GET /self.logs/error.log.2017-10-09.gz HTTP/1.1" 200 3293 "-" "Mozilla/5.0 (compatible; DataForSeoBot/1.0; +https://dataforseo.com/dataforseo-bot)" 
88.198.0.126 - - [02/Nov/2021:06:17:22 -0700] "GET /self.logs/access.log.2021-10-26.gz HTTP/1.1" 200 31571 "-" "Mozilla/5.0 (compatible; DataForSeoBot/1.0; +https://dataforseo.com/dataforseo-bot)" 
88.198.0.126 - - [02/Nov/2021:06:17:36 -0700] "GET /self.logs/access.log.2020-04-03.gz HTTP/1.1" 200 21037 "-" "Mozilla/5.0 (compatible; DataForSeoBot/1.0; +https://dataforseo.com/dataforseo-bot)" 
216.244.66.245 - - [02/Nov/2021:06:17:36 -0700] "GET /self.logs/error.log.2019-07-28.gz HTTP/1.1" 200 1562 "-" "Mozilla/5.0 (compatible; DotBot/1.2; +https://opensiteexplorer.org/dotbot; help@moz.com)" 
216.244.66.245 - - [02/Nov/2021:06:17:41 -0700] "GET /self.logs/error.log.2019-10-09.gz HTTP/1.1" 200 822 "-" "Mozilla/5.0 (compatible; DotBot/1.2; +https://opensiteexplorer.org/dotbot; help@moz.com)" 
88.198.0.126 - - [02/Nov/2021:06:17:51 -0700] "GET /self.logs/error.log.2019-03-26.gz HTTP/1.1" 200 5571 "-" "Mozilla/5.0 (compatible; DataForSeoBot/1.0; +https://dataforseo.com/dataforseo-bot)" 
88.198.0.126 - - [02/Nov/2021:06:18:06 -0700] "GET /self.logs/access.log.2018-07-11.gz HTTP/1.1" 200 32614 "-" "Mozilla/5.0 (compatible; DataForSeoBot/1.0; +https://dataforseo.com/dataforseo-bot)" 
88.198.0.126 - - [02/Nov/2021:06:18:20 -0700] "GET /self.logs/access.log.2017-06-26.gz HTTP/1.1" 200 47655 "-" "Mozilla/5.0 (compatible; DataForSeoBot/1.0; +https://dataforseo.com/dataforseo-bot)" 
216.244.66.245 - - [02/Nov/2021:06:18:24 -0700] "GET /self.logs/error.log.2020-01-18.gz HTTP/1.1" 200 929 "-" "Mozilla/5.0 (compatible; DotBot/1.2; +https://opensiteexplorer.org/dotbot; help@moz.com)" 
216.244.66.245 - - [02/Nov/2021:06:18:27 -0700] "GET /self.logs/error.log.2020-02-03.gz HTTP/1.1" 200 827 "-" "Mozilla/5.0 (compatible; DotBot/1.2; +https://opensiteexplorer.org/dotbot; help@moz.com)" 
