173.231.60.198 - - [02/Nov/2021:14:01:09 -0700] "GET /self.logs/2015/?C=D;O=A HTTP/1.1" 200 7584 "http://www.secrepo.com/" "Mozilla/5.0 (compatible; Adsbot/3.1; +https://seostar.co/robot/)" 
173.231.60.198 - - [02/Nov/2021:14:01:16 -0700] "GET /self.logs/2015/?C=M;O=A HTTP/1.1" 200 7669 "http://www.secrepo.com/" "Mozilla/5.0 (compatible; Adsbot/3.1; +https://seostar.co/robot/)" 
49.7.20.102 - - [02/Nov/2021:14:01:18 -0700] "GET / HTTP/1.1" 200 13148 "-" "Sogou web spider/4.0(+http://www.sogou.com/docs/help/webmasters.htm#07)" 
173.231.60.198 - - [02/Nov/2021:14:01:24 -0700] "GET /self.logs/2015/?C=N;O=D HTTP/1.1" 200 7730 "http://www.secrepo.com/" "Mozilla/5.0 (compatible; Adsbot/3.1; +https://seostar.co/robot/)" 
173.231.60.198 - - [02/Nov/2021:14:01:39 -0700] "GET /self.logs/2015/?C=S;O=A HTTP/1.1" 200 8251 "http://www.secrepo.com/" "Mozilla/5.0 (compatible; Adsbot/3.1; +https://seostar.co/robot/)" 
173.231.60.198 - - [02/Nov/2021:14:01:45 -0700] "GET /self.logs/2016/?C=D;O=A HTTP/1.1" 200 7823 "http://www.secrepo.com/" "Mozilla/5.0 (compatible; Adsbot/3.1; +https://seostar.co/robot/)" 
173.231.60.198 - - [02/Nov/2021:14:01:55 -0700] "GET /self.logs/2016/?C=M;O=A HTTP/1.1" 200 7992 "http://www.secrepo.com/" "Mozilla/5.0 (compatible; Adsbot/3.1; +https://seostar.co/robot/)" 
173.231.60.198 - - [02/Nov/2021:14:02:02 -0700] "GET /self.logs/2016/?C=N;O=D HTTP/1.1" 200 8035 "http://www.secrepo.com/" "Mozilla/5.0 (compatible; Adsbot/3.1; +https://seostar.co/robot/)" 
173.231.60.198 - - [02/Nov/2021:14:02:09 -0700] "GET /self.logs/2016/?C=S;O=A HTTP/1.1" 200 8546 "http://www.secrepo.com/" "Mozilla/5.0 (compatible; Adsbot/3.1; +https://seostar.co/robot/)" 
173.231.60.198 - - [02/Nov/2021:14:02:15 -0700] "GET /self.logs/2015/?C=D;O=D HTTP/1.1" 200 7730 "http://www.secrepo.com/" "Mozilla/5.0 (compatible; Adsbot/3.1; +https://seostar.co/robot/)" 
173.231.60.198 - - [02/Nov/2021:14:02:21 -0700] "GET /self.logs/2015/?C=M;O=D HTTP/1.1" 200 7913 "http://www.secrepo.com/" "Mozilla/5.0 (compatible; Adsbot/3.1; +https://seostar.co/robot/)" 
173.231.60.198 - - [02/Nov/2021:14:02:28 -0700] "GET /self.logs/2015/?C=N;O=A HTTP/1.1" 200 7584 "http://www.secrepo.com/" "Mozilla/5.0 (compatible; Adsbot/3.1; +https://seostar.co/robot/)" 
173.231.60.198 - - [02/Nov/2021:14:02:34 -0700] "GET /self.logs/2015/?C=S;O=D HTTP/1.1" 200 8137 "http://www.secrepo.com/" "Mozilla/5.0 (compatible; Adsbot/3.1; +https://seostar.co/robot/)" 
173.231.60.198 - - [02/Nov/2021:14:02:40 -0700] "GET /self.logs/2016/?C=D;O=D HTTP/1.1" 200 8035 "http://www.secrepo.com/" "Mozilla/5.0 (compatible; Adsbot/3.1; +https://seostar.co/robot/)" 
173.231.60.198 - - [02/Nov/2021:14:02:49 -0700] "GET /self.logs/2016/?C=M;O=D HTTP/1.1" 200 8258 "http://www.secrepo.com/" "Mozilla/5.0 (compatible; Adsbot/3.1; +https://seostar.co/robot/)" 
173.231.60.198 - - [02/Nov/2021:14:02:57 -0700] "GET /self.logs/2016/?C=N;O=A HTTP/1.1" 200 7823 "http://www.secrepo.com/" "Mozilla/5.0 (compatible; Adsbot/3.1; +https://seostar.co/robot/)" 
173.231.60.198 - - [02/Nov/2021:14:03:03 -0700] "GET /self.logs/2016/?C=S;O=D HTTP/1.1" 200 8410 "http://www.secrepo.com/" "Mozilla/5.0 (compatible; Adsbot/3.1; +https://seostar.co/robot/)" 
51.222.253.19 - - [02/Nov/2021:14:03:10 -0700] "GET /self.logs/access.log.2018-08-14.gz HTTP/1.1" 200 27954 "-" "Mozilla/5.0 (compatible; AhrefsBot/7.0; +http://ahrefs.com/robot/)" 
173.231.60.198 - - [02/Nov/2021:14:03:55 -0700] "GET /data HTTP/1.1" 404 291 "http://www.secrepo.com/" "Mozilla/5.0 (compatible; Adsbot/3.1; +https://seostar.co/robot/)" 
173.231.60.198 - - [02/Nov/2021:14:04:00 -0700] "GET /Datasets%20Description/HTML_Bro_log_1 HTTP/1.1" 301 582 "http://www.secrepo.com/" "Mozilla/5.0 (compatible; Adsbot/3.1; +https://seostar.co/robot/)" 
173.231.60.198 - - [02/Nov/2021:14:04:07 -0700] "GET /Datasets%20Description/HTML_Bro_log_2 HTTP/1.1" 301 582 "http://www.secrepo.com/" "Mozilla/5.0 (compatible; Adsbot/3.1; +https://seostar.co/robot/)" 
173.231.60.198 - - [02/Nov/2021:14:04:15 -0700] "GET /robots.txt HTTP/1.1" 301 458 "-" "Mozilla/5.0 (compatible; Adsbot/3.1; +https://seostar.co/robot/)" 
66.249.66.159 - - [02/Nov/2021:14:04:29 -0700] "GET /Datasets%20Description/Network/ftp.html HTTP/1.1" 200 1530 "-" "Mozilla/5.0 (compatible; Googlebot/2.1; +http://www.google.com/bot.html)" 
51.222.253.7 - - [02/Nov/2021:14:05:30 -0700] "GET /self.logs/access.log.2017-02-09.gz HTTP/1.1" 200 22809 "-" "Mozilla/5.0 (compatible; AhrefsBot/7.0; +http://ahrefs.com/robot/)" 
51.222.253.1 - - [02/Nov/2021:14:07:55 -0700] "GET /self.logs/error.log.2018-04-06.gz HTTP/1.1" 200 4953 "-" "Mozilla/5.0 (compatible; AhrefsBot/7.0; +http://ahrefs.com/robot/)" 
114.119.149.89 - - [02/Nov/2021:14:08:18 -0700] "GET /self.logs/2015/error.log.2015-07-02.gz HTTP/1.1" 200 903 "-" "Mozilla/5.0 (compatible;PetalBot;+https://webmaster.petalsearch.com/site/petalbot)" 
51.222.253.2 - - [02/Nov/2021:14:12:54 -0700] "GET /self.logs/access.log.2018-04-19.gz HTTP/1.1" 200 21462 "-" "Mozilla/5.0 (compatible; AhrefsBot/7.0; +http://ahrefs.com/robot/)" 
216.244.66.245 - - [02/Nov/2021:14:13:33 -0700] "GET /robots.txt HTTP/1.1" 200 333 "-" "Mozilla/5.0 (compatible; DotBot/1.2; +https://opensiteexplorer.org/dotbot; help@moz.com)" 
51.222.253.20 - - [02/Nov/2021:14:15:23 -0700] "GET /self.logs/error.log.2019-01-05.gz HTTP/1.1" 200 5404 "-" "Mozilla/5.0 (compatible; AhrefsBot/7.0; +http://ahrefs.com/robot/)" 
51.222.253.20 - - [02/Nov/2021:14:17:51 -0700] "GET /self.logs/error.log.2019-09-17.gz HTTP/1.1" 200 1143 "-" "Mozilla/5.0 (compatible; AhrefsBot/7.0; +http://ahrefs.com/robot/)" 
216.244.66.245 - - [02/Nov/2021:14:18:46 -0700] "GET /self.logs/access.log.2020-05-15.gz HTTP/1.1" 200 9620 "-" "Mozilla/5.0 (compatible; DotBot/1.2; +https://opensiteexplorer.org/dotbot; help@moz.com)" 
216.244.66.245 - - [02/Nov/2021:14:19:21 -0700] "GET /self.logs/error.log.2019-05-02.gz HTTP/1.1" 200 3256 "-" "Mozilla/5.0 (compatible; DotBot/1.2; +https://opensiteexplorer.org/dotbot; help@moz.com)" 
216.244.66.245 - - [02/Nov/2021:14:19:25 -0700] "GET /self.logs/error.log.2019-09-27.gz HTTP/1.1" 200 1560 "-" "Mozilla/5.0 (compatible; DotBot/1.2; +https://opensiteexplorer.org/dotbot; help@moz.com)" 
216.244.66.245 - - [02/Nov/2021:14:20:15 -0700] "GET /self.logs/error.log.2019-11-08.gz HTTP/1.1" 200 1460 "-" "Mozilla/5.0 (compatible; DotBot/1.2; +https://opensiteexplorer.org/dotbot; help@moz.com)" 
216.244.66.245 - - [02/Nov/2021:14:20:18 -0700] "GET /self.logs/error.log.2019-12-10.gz HTTP/1.1" 200 827 "-" "Mozilla/5.0 (compatible; DotBot/1.2; +https://opensiteexplorer.org/dotbot; help@moz.com)" 
51.222.253.7 - - [02/Nov/2021:14:20:19 -0700] "GET /self.logs/access.log.2018-01-15.gz HTTP/1.1" 200 30344 "-" "Mozilla/5.0 (compatible; AhrefsBot/7.0; +http://ahrefs.com/robot/)" 
216.244.66.245 - - [02/Nov/2021:14:20:21 -0700] "GET /self.logs/error.log.2020-01-26.gz HTTP/1.1" 200 1035 "-" "Mozilla/5.0 (compatible; DotBot/1.2; +https://opensiteexplorer.org/dotbot; help@moz.com)" 
216.244.66.245 - - [02/Nov/2021:14:20:24 -0700] "GET /self.logs/error.log.2020-02-08.gz HTTP/1.1" 200 826 "-" "Mozilla/5.0 (compatible; DotBot/1.2; +https://opensiteexplorer.org/dotbot; help@moz.com)" 
216.244.66.245 - - [02/Nov/2021:14:20:25 -0700] "GET /self.logs/error.log.2020-03-07.gz HTTP/1.1" 200 1207 "-" "Mozilla/5.0 (compatible; DotBot/1.2; +https://opensiteexplorer.org/dotbot; help@moz.com)" 
17.121.115.221 - - [02/Nov/2021:14:21:01 -0700] "GET /self.logs/error.log.2020-03-01 HTTP/1.1" 200 307 "-" "Mozilla/5.0 (Macintosh; Intel Mac OS X 10_15_5) AppleWebKit/605.1.15 (KHTML, like Gecko) Version/13.1.1 Safari/605.1.15 (Applebot/0.1; +http://www.apple.com/go/applebot)" 
51.222.253.3 - - [02/Nov/2021:14:22:40 -0700] "GET /self.logs/access.log.2020-04-17.gz HTTP/1.1" 200 21003 "-" "Mozilla/5.0 (compatible; AhrefsBot/7.0; +http://ahrefs.com/robot/)" 
207.46.13.15 - - [02/Nov/2021:14:22:51 -0700] "GET /maccdc2012/dns.log.gz HTTP/1.1" 200 6607379 "-" "Mozilla/5.0 (compatible; bingbot/2.0; +http://www.bing.com/bingbot.htm)" 
51.222.253.1 - - [02/Nov/2021:14:25:01 -0700] "GET /self.logs/error.log.2018-10-07.gz HTTP/1.1" 200 5924 "-" "Mozilla/5.0 (compatible; AhrefsBot/7.0; +http://ahrefs.com/robot/)" 
51.222.253.5 - - [02/Nov/2021:14:27:30 -0700] "GET /self.logs/error.log.2017-08-02.gz HTTP/1.1" 200 1088 "-" "Mozilla/5.0 (compatible; AhrefsBot/7.0; +http://ahrefs.com/robot/)" 
95.163.255.53 - - [02/Nov/2021:14:27:45 -0700] "GET /robots.txt HTTP/1.0" 200 340 "-" "Mozilla/5.0 (compatible; Linux x86_64; Mail.RU_Bot/2.0; +http://go.mail.ru/help/robots)" 
95.163.255.54 - - [02/Nov/2021:14:27:47 -0700] "GET /Datasets%20Description/Network/dhcp.html HTTP/1.1" 200 1424 "-" "Mozilla/5.0 (compatible; Linux x86_64; Mail.RU_Bot/2.0; +http://go.mail.ru/help/robots)" 
3.251.82.237 - - [02/Nov/2021:14:28:06 -0700] "GET / HTTP/1.1" 301 438 "-" "Mozilla/5.0 (Macintosh; Intel Mac OS X 10.15; rv:81.0) Gecko/20100101 Firefox/81.0" 
3.251.82.237 - - [02/Nov/2021:14:28:06 -0700] "GET / HTTP/1.1" 200 13149 "http://66.33.221.139" "Mozilla/5.0 (Macintosh; Intel Mac OS X 10.15; rv:81.0) Gecko/20100101 Firefox/81.0" 
51.222.253.16 - - [02/Nov/2021:14:29:58 -0700] "GET /self.logs/access.log.2019-03-19.gz HTTP/1.1" 200 25151 "-" "Mozilla/5.0 (compatible; AhrefsBot/7.0; +http://ahrefs.com/robot/)" 
95.163.255.55 - - [02/Nov/2021:14:30:29 -0700] "GET /maccdc2012/ HTTP/1.1" 200 826 "-" "Mozilla/5.0 (compatible; Linux x86_64; Mail.RU_Bot/2.0; +http://go.mail.ru/help/robots)" 
51.222.253.8 - - [02/Nov/2021:14:32:17 -0700] "GET /self.logs/access.log.2019-01-04.gz HTTP/1.1" 200 23831 "-" "Mozilla/5.0 (compatible; AhrefsBot/7.0; +http://ahrefs.com/robot/)" 
114.119.149.71 - - [02/Nov/2021:14:32:32 -0700] "GET /self.logs/error.log.2020-01-04.gz HTTP/1.1" 200 872 "-" "Mozilla/5.0 (compatible;PetalBot;+https://webmaster.petalsearch.com/site/petalbot)" 
51.222.253.5 - - [02/Nov/2021:14:34:33 -0700] "GET /self.logs/error.log.2017-06-23.gz HTTP/1.1" 200 788 "-" "Mozilla/5.0 (compatible; AhrefsBot/7.0; +http://ahrefs.com/robot/)" 
212.98.144.27 - - [02/Nov/2021:14:36:05 -0700] "GET / HTTP/1.1" 200 13186 "-" "Mozilla/5.0 (Windows NT 10.0; Win64; x64) AppleWebKit/537.36 (KHTML, like Gecko) Chrome/95.0.4638.54 Safari/537.36" 
212.98.144.27 - - [02/Nov/2021:14:36:05 -0700] "GET /css/style.css HTTP/1.1" 404 305 "http://www.secrepo.com/" "Mozilla/5.0 (Windows NT 10.0; Win64; x64) AppleWebKit/537.36 (KHTML, like Gecko) Chrome/95.0.4638.54 Safari/537.36" 
212.98.144.27 - - [02/Nov/2021:14:36:06 -0700] "GET /twitter-icon.png HTTP/1.1" 200 27893 "http://www.secrepo.com/" "Mozilla/5.0 (Windows NT 10.0; Win64; x64) AppleWebKit/537.36 (KHTML, like Gecko) Chrome/95.0.4638.54 Safari/537.36" 
212.98.144.27 - - [02/Nov/2021:14:36:06 -0700] "GET /GitHub-Mark.png HTTP/1.1" 200 7556 "http://www.secrepo.com/" "Mozilla/5.0 (Windows NT 10.0; Win64; x64) AppleWebKit/537.36 (KHTML, like Gecko) Chrome/95.0.4638.54 Safari/537.36" 
212.98.144.27 - - [02/Nov/2021:14:36:07 -0700] "GET /bootstrap/img/favicon.ico HTTP/1.1" 200 690 "http://www.secrepo.com/" "Mozilla/5.0 (Windows NT 10.0; Win64; x64) AppleWebKit/537.36 (KHTML, like Gecko) Chrome/95.0.4638.54 Safari/537.36" 
51.222.253.1 - - [02/Nov/2021:14:36:53 -0700] "GET /self.logs/error.log.2020-08-28 HTTP/1.1" 200 307 "-" "Mozilla/5.0 (compatible; AhrefsBot/7.0; +http://ahrefs.com/robot/)" 
51.222.253.20 - - [02/Nov/2021:14:39:03 -0700] "GET /self.logs/access.log.2020-05-12.gz HTTP/1.1" 200 15625 "-" "Mozilla/5.0 (compatible; AhrefsBot/7.0; +http://ahrefs.com/robot/)" 
51.222.253.15 - - [02/Nov/2021:14:41:20 -0700] "GET /self.logs/error.log.2020-03-27 HTTP/1.1" 200 307 "-" "Mozilla/5.0 (compatible; AhrefsBot/7.0; +http://ahrefs.com/robot/)" 
51.222.253.10 - - [02/Nov/2021:14:43:46 -0700] "GET /self.logs/error.log.2017-03-01.gz HTTP/1.1" 200 1064 "-" "Mozilla/5.0 (compatible; AhrefsBot/7.0; +http://ahrefs.com/robot/)" 
114.119.149.83 - - [02/Nov/2021:14:44:40 -0700] "GET /self.logs/access.log.2019-02-03.gz HTTP/1.1" 200 13636 "-" "Mozilla/5.0 (compatible;PetalBot;+https://webmaster.petalsearch.com/site/petalbot)" 
51.222.253.6 - - [02/Nov/2021:14:45:58 -0700] "GET /self.logs/error.log.2020-11-03 HTTP/1.1" 200 307 "-" "Mozilla/5.0 (compatible; AhrefsBot/7.0; +http://ahrefs.com/robot/)" 
194.93.0.40 - - [02/Nov/2021:14:46:06 -0700] "GET /robots.txt HTTP/1.0" 200 340 "-" "Mozilla/4.0 (compatible; fluid/0.0; +http://www.leak.info/bot.html)" 
51.222.253.20 - - [02/Nov/2021:14:48:16 -0700] "GET /self.logs/access.log.2018-11-07.gz HTTP/1.1" 200 17251 "-" "Mozilla/5.0 (compatible; AhrefsBot/7.0; +http://ahrefs.com/robot/)" 
104.167.6.254 - - [02/Nov/2021:14:49:22 -0700] "GET / HTTP/1.1" 301 475 "-" "Mozilla/5.0 (Windows NT 10.0; Win64; x64) AppleWebKit/537.36 (KHTML, like Gecko) Chrome/78.0.3904.108 Safari/537.36" 
104.167.6.254 - - [02/Nov/2021:14:49:22 -0700] "GET / HTTP/1.1" 200 49133 "-" "Mozilla/5.0 (Windows NT 10.0; Win64; x64) AppleWebKit/537.36 (KHTML, like Gecko) Chrome/78.0.3904.108 Safari/537.36" 
104.167.6.254 - - [02/Nov/2021:14:49:22 -0700] "GET //wp-includes/wlwmanifest.xml HTTP/1.1" 404 305 "-" "Mozilla/5.0 (Windows NT 10.0; Win64; x64) AppleWebKit/537.36 (KHTML, like Gecko) Chrome/78.0.3904.108 Safari/537.36" 
104.167.6.254 - - [02/Nov/2021:14:49:22 -0700] "GET //xmlrpc.php?rsd HTTP/1.1" 404 305 "-" "Mozilla/5.0 (Windows NT 10.0; Win64; x64) AppleWebKit/537.36 (KHTML, like Gecko) Chrome/78.0.3904.108 Safari/537.36" 
104.167.6.254 - - [02/Nov/2021:14:49:22 -0700] "GET / HTTP/1.1" 200 49110 "-" "Mozilla/5.0 (Windows NT 10.0; Win64; x64) AppleWebKit/537.36 (KHTML, like Gecko) Chrome/78.0.3904.108 Safari/537.36" 
104.167.6.254 - - [02/Nov/2021:14:49:22 -0700] "GET //blog/wp-includes/wlwmanifest.xml HTTP/1.1" 404 305 "-" "Mozilla/5.0 (Windows NT 10.0; Win64; x64) AppleWebKit/537.36 (KHTML, like Gecko) Chrome/78.0.3904.108 Safari/537.36" 
104.167.6.254 - - [02/Nov/2021:14:49:22 -0700] "GET //web/wp-includes/wlwmanifest.xml HTTP/1.1" 404 305 "-" "Mozilla/5.0 (Windows NT 10.0; Win64; x64) AppleWebKit/537.36 (KHTML, like Gecko) Chrome/78.0.3904.108 Safari/537.36" 
104.167.6.254 - - [02/Nov/2021:14:49:22 -0700] "GET //wordpress/wp-includes/wlwmanifest.xml HTTP/1.1" 404 305 "-" "Mozilla/5.0 (Windows NT 10.0; Win64; x64) AppleWebKit/537.36 (KHTML, like Gecko) Chrome/78.0.3904.108 Safari/537.36" 
104.167.6.254 - - [02/Nov/2021:14:49:22 -0700] "GET //website/wp-includes/wlwmanifest.xml HTTP/1.1" 404 305 "-" "Mozilla/5.0 (Windows NT 10.0; Win64; x64) AppleWebKit/537.36 (KHTML, like Gecko) Chrome/78.0.3904.108 Safari/537.36" 
104.167.6.254 - - [02/Nov/2021:14:49:22 -0700] "GET //wp/wp-includes/wlwmanifest.xml HTTP/1.1" 404 305 "-" "Mozilla/5.0 (Windows NT 10.0; Win64; x64) AppleWebKit/537.36 (KHTML, like Gecko) Chrome/78.0.3904.108 Safari/537.36" 
104.167.6.254 - - [02/Nov/2021:14:49:22 -0700] "GET //news/wp-includes/wlwmanifest.xml HTTP/1.1" 404 305 "-" "Mozilla/5.0 (Windows NT 10.0; Win64; x64) AppleWebKit/537.36 (KHTML, like Gecko) Chrome/78.0.3904.108 Safari/537.36" 
104.167.6.254 - - [02/Nov/2021:14:49:22 -0700] "GET //2018/wp-includes/wlwmanifest.xml HTTP/1.1" 404 305 "-" "Mozilla/5.0 (Windows NT 10.0; Win64; x64) AppleWebKit/537.36 (KHTML, like Gecko) Chrome/78.0.3904.108 Safari/537.36" 
104.167.6.254 - - [02/Nov/2021:14:49:23 -0700] "GET //2019/wp-includes/wlwmanifest.xml HTTP/1.1" 404 305 "-" "Mozilla/5.0 (Windows NT 10.0; Win64; x64) AppleWebKit/537.36 (KHTML, like Gecko) Chrome/78.0.3904.108 Safari/537.36" 
104.167.6.254 - - [02/Nov/2021:14:49:23 -0700] "GET //shop/wp-includes/wlwmanifest.xml HTTP/1.1" 404 305 "-" "Mozilla/5.0 (Windows NT 10.0; Win64; x64) AppleWebKit/537.36 (KHTML, like Gecko) Chrome/78.0.3904.108 Safari/537.36" 
104.167.6.254 - - [02/Nov/2021:14:49:23 -0700] "GET //wp1/wp-includes/wlwmanifest.xml HTTP/1.1" 404 305 "-" "Mozilla/5.0 (Windows NT 10.0; Win64; x64) AppleWebKit/537.36 (KHTML, like Gecko) Chrome/78.0.3904.108 Safari/537.36" 
104.167.6.254 - - [02/Nov/2021:14:49:23 -0700] "GET //test/wp-includes/wlwmanifest.xml HTTP/1.1" 404 305 "-" "Mozilla/5.0 (Windows NT 10.0; Win64; x64) AppleWebKit/537.36 (KHTML, like Gecko) Chrome/78.0.3904.108 Safari/537.36" 
104.167.6.254 - - [02/Nov/2021:14:49:23 -0700] "GET //media/wp-includes/wlwmanifest.xml HTTP/1.1" 404 305 "-" "Mozilla/5.0 (Windows NT 10.0; Win64; x64) AppleWebKit/537.36 (KHTML, like Gecko) Chrome/78.0.3904.108 Safari/537.36" 
104.167.6.254 - - [02/Nov/2021:14:49:23 -0700] "GET //wp2/wp-includes/wlwmanifest.xml HTTP/1.1" 404 305 "-" "Mozilla/5.0 (Windows NT 10.0; Win64; x64) AppleWebKit/537.36 (KHTML, like Gecko) Chrome/78.0.3904.108 Safari/537.36" 
104.167.6.254 - - [02/Nov/2021:14:49:23 -0700] "GET //site/wp-includes/wlwmanifest.xml HTTP/1.1" 404 305 "-" "Mozilla/5.0 (Windows NT 10.0; Win64; x64) AppleWebKit/537.36 (KHTML, like Gecko) Chrome/78.0.3904.108 Safari/537.36" 
104.167.6.254 - - [02/Nov/2021:14:49:23 -0700] "GET //cms/wp-includes/wlwmanifest.xml HTTP/1.1" 404 305 "-" "Mozilla/5.0 (Windows NT 10.0; Win64; x64) AppleWebKit/537.36 (KHTML, like Gecko) Chrome/78.0.3904.108 Safari/537.36" 
104.167.6.254 - - [02/Nov/2021:14:49:23 -0700] "GET //sito/wp-includes/wlwmanifest.xml HTTP/1.1" 404 305 "-" "Mozilla/5.0 (Windows NT 10.0; Win64; x64) AppleWebKit/537.36 (KHTML, like Gecko) Chrome/78.0.3904.108 Safari/537.36" 
51.222.253.9 - - [02/Nov/2021:14:50:27 -0700] "GET /self.logs/access.log.2019-10-19.gz HTTP/1.1" 200 16408 "-" "Mozilla/5.0 (compatible; AhrefsBot/7.0; +http://ahrefs.com/robot/)" 
51.222.253.6 - - [02/Nov/2021:14:52:44 -0700] "GET /self.logs/error.log.2019-07-01.gz HTTP/1.1" 200 2804 "-" "Mozilla/5.0 (compatible; AhrefsBot/7.0; +http://ahrefs.com/robot/)" 
51.222.253.8 - - [02/Nov/2021:14:54:56 -0700] "GET /self.logs/access.log.2020-09-12.gz HTTP/1.1" 200 10304 "-" "Mozilla/5.0 (compatible; AhrefsBot/7.0; +http://ahrefs.com/robot/)" 
51.222.253.3 - - [02/Nov/2021:14:57:11 -0700] "GET /self.logs/access.log.2018-05-01.gz HTTP/1.1" 200 21535 "-" "Mozilla/5.0 (compatible; AhrefsBot/7.0; +http://ahrefs.com/robot/)" 
17.121.113.17 - - [02/Nov/2021:14:57:58 -0700] "GET /self.logs/error.log.2020-01-27 HTTP/1.1" 200 307 "-" "Mozilla/5.0 (Macintosh; Intel Mac OS X 10_15_5) AppleWebKit/605.1.15 (KHTML, like Gecko) Version/13.1.1 Safari/605.1.15 (Applebot/0.1; +http://www.apple.com/go/applebot)" 
51.222.253.18 - - [02/Nov/2021:14:59:31 -0700] "GET /self.logs/error.log.2018-08-10.gz HTTP/1.1" 200 6903 "-" "Mozilla/5.0 (compatible; AhrefsBot/7.0; +http://ahrefs.com/robot/)" 
216.244.66.245 - - [02/Nov/2021:15:01:37 -0700] "GET /robots.txt HTTP/1.1" 200 333 "-" "Mozilla/5.0 (compatible; DotBot/1.2; +https://opensiteexplorer.org/dotbot; help@moz.com)" 
51.222.253.13 - - [02/Nov/2021:15:01:49 -0700] "GET /self.logs/error.log.2018-06-20.gz HTTP/1.1" 200 6352 "-" "Mozilla/5.0 (compatible; AhrefsBot/7.0; +http://ahrefs.com/robot/)" 
51.222.253.12 - - [02/Nov/2021:15:04:10 -0700] "GET /self.logs/error.log.2018-12-24.gz HTTP/1.1" 200 2647 "-" "Mozilla/5.0 (compatible; AhrefsBot/7.0; +http://ahrefs.com/robot/)" 
185.191.171.20 - - [02/Nov/2021:15:04:20 -0700] "GET /honeypot/BSidesDFW%20-%202014.ipynb HTTP/1.1" 200 143080 "-" "Mozilla/5.0 (compatible; SemrushBot/7~bl; +http://www.semrush.com/bot.html)" 
51.222.253.12 - - [02/Nov/2021:15:06:30 -0700] "GET /self.logs/error.log.2019-12-22 HTTP/1.1" 200 307 "-" "Mozilla/5.0 (compatible; AhrefsBot/7.0; +http://ahrefs.com/robot/)" 
216.244.66.245 - - [02/Nov/2021:15:06:47 -0700] "GET /self.logs/access.log.2020-01-17.gz HTTP/1.1" 200 14326 "-" "Mozilla/5.0 (compatible; DotBot/1.2; +https://opensiteexplorer.org/dotbot; help@moz.com)" 
216.244.66.245 - - [02/Nov/2021:15:06:54 -0700] "GET /self.logs/access.log.2020-03-18.gz HTTP/1.1" 200 14558 "-" "Mozilla/5.0 (compatible; DotBot/1.2; +https://opensiteexplorer.org/dotbot; help@moz.com)" 
216.244.66.245 - - [02/Nov/2021:15:06:57 -0700] "GET /self.logs/access.log.2020-03-25.gz HTTP/1.1" 200 19207 "-" "Mozilla/5.0 (compatible; DotBot/1.2; +https://opensiteexplorer.org/dotbot; help@moz.com)" 
216.244.66.245 - - [02/Nov/2021:15:07:01 -0700] "GET /self.logs/access.log.2020-06-13.gz HTTP/1.1" 200 12884 "-" "Mozilla/5.0 (compatible; DotBot/1.2; +https://opensiteexplorer.org/dotbot; help@moz.com)" 
216.244.66.245 - - [02/Nov/2021:15:07:26 -0700] "GET /self.logs/error.log.2019-09-24.gz HTTP/1.1" 200 1925 "-" "Mozilla/5.0 (compatible; DotBot/1.2; +https://opensiteexplorer.org/dotbot; help@moz.com)" 
216.244.66.245 - - [02/Nov/2021:15:07:30 -0700] "GET /self.logs/error.log.2019-10-03.gz HTTP/1.1" 200 1629 "-" "Mozilla/5.0 (compatible; DotBot/1.2; +https://opensiteexplorer.org/dotbot; help@moz.com)" 
216.244.66.245 - - [02/Nov/2021:15:07:32 -0700] "GET /self.logs/error.log.2019-10-08.gz HTTP/1.1" 200 1246 "-" "Mozilla/5.0 (compatible; DotBot/1.2; +https://opensiteexplorer.org/dotbot; help@moz.com)" 
216.244.66.245 - - [02/Nov/2021:15:07:34 -0700] "GET /self.logs/error.log.2019-10-28.gz HTTP/1.1" 200 1181 "-" "Mozilla/5.0 (compatible; DotBot/1.2; +https://opensiteexplorer.org/dotbot; help@moz.com)" 
216.244.66.245 - - [02/Nov/2021:15:08:20 -0700] "GET /self.logs/error.log.2019-11-09.gz HTTP/1.1" 200 1895 "-" "Mozilla/5.0 (compatible; DotBot/1.2; +https://opensiteexplorer.org/dotbot; help@moz.com)" 
114.119.149.78 - - [02/Nov/2021:15:08:38 -0700] "GET /self.logs/access.log.2020-08-03.gz HTTP/1.1" 200 14169 "-" "Mozilla/5.0 (compatible;PetalBot;+https://webmaster.petalsearch.com/site/petalbot)" 
206.47.249.246 - - [02/Nov/2021:15:08:45 -0700] "GET /self.logs/error.log.2019-04-23.gz HTTP/1.1" 304 280 "-" "Mozilla/4.0 (compatible;)" 
51.222.253.13 - - [02/Nov/2021:15:08:51 -0700] "GET /self.logs/error.log.2017-10-03.gz HTTP/1.1" 200 2864 "-" "Mozilla/5.0 (compatible; AhrefsBot/7.0; +http://ahrefs.com/robot/)" 
17.121.112.2 - - [02/Nov/2021:15:09:33 -0700] "GET /self.logs/error.log.2020-08-09 HTTP/1.1" 200 307 "-" "Mozilla/5.0 (Macintosh; Intel Mac OS X 10_15_5) AppleWebKit/605.1.15 (KHTML, like Gecko) Version/13.1.1 Safari/605.1.15 (Applebot/0.1; +http://www.apple.com/go/applebot)" 
51.222.253.16 - - [02/Nov/2021:15:11:11 -0700] "GET /self.logs/error.log.2019-06-27.gz HTTP/1.1" 200 1659 "-" "Mozilla/5.0 (compatible; AhrefsBot/7.0; +http://ahrefs.com/robot/)" 
51.222.253.15 - - [02/Nov/2021:15:13:30 -0700] "GET /self.logs/access.log.2019-08-28.gz HTTP/1.1" 200 23043 "-" "Mozilla/5.0 (compatible; AhrefsBot/7.0; +http://ahrefs.com/robot/)" 
51.222.253.20 - - [02/Nov/2021:15:15:45 -0700] "GET /self.logs/error.log.2018-06-01.gz HTTP/1.1" 200 5012 "-" "Mozilla/5.0 (compatible; AhrefsBot/7.0; +http://ahrefs.com/robot/)" 
17.121.113.187 - - [02/Nov/2021:15:16:48 -0700] "GET /self.logs/error.log.2020-05-31 HTTP/1.1" 200 307 "-" "Mozilla/5.0 (Macintosh; Intel Mac OS X 10_15_5) AppleWebKit/605.1.15 (KHTML, like Gecko) Version/13.1.1 Safari/605.1.15 (Applebot/0.1; +http://www.apple.com/go/applebot)" 
51.222.253.20 - - [02/Nov/2021:15:18:08 -0700] "GET /self.logs/error.log.2019-01-20.gz HTTP/1.1" 200 5413 "-" "Mozilla/5.0 (compatible; AhrefsBot/7.0; +http://ahrefs.com/robot/)" 
51.222.253.15 - - [02/Nov/2021:15:20:27 -0700] "GET /self.logs/access.log.2020-06-13.gz HTTP/1.1" 200 12884 "-" "Mozilla/5.0 (compatible; AhrefsBot/7.0; +http://ahrefs.com/robot/)" 
114.119.149.78 - - [02/Nov/2021:15:20:30 -0700] "GET /self.logs/error.log.2017-03-02.gz HTTP/1.1" 200 1071 "-" "Mozilla/5.0 (compatible;PetalBot;+https://webmaster.petalsearch.com/site/petalbot)" 
51.222.253.19 - - [02/Nov/2021:15:22:36 -0700] "GET /self.logs/error.log.2020-06-15 HTTP/1.1" 200 307 "-" "Mozilla/5.0 (compatible; AhrefsBot/7.0; +http://ahrefs.com/robot/)" 
17.121.115.197 - - [02/Nov/2021:15:23:48 -0700] "GET /self.logs/error.log.2020-03-22 HTTP/1.1" 200 307 "-" "Mozilla/5.0 (Macintosh; Intel Mac OS X 10_15_5) AppleWebKit/605.1.15 (KHTML, like Gecko) Version/13.1.1 Safari/605.1.15 (Applebot/0.1; +http://www.apple.com/go/applebot)" 
51.222.253.9 - - [02/Nov/2021:15:24:47 -0700] "GET /self.logs/access.log.2017-08-04.gz HTTP/1.1" 200 16310 "-" "Mozilla/5.0 (compatible; AhrefsBot/7.0; +http://ahrefs.com/robot/)" 
66.249.66.200 - - [02/Nov/2021:15:26:16 -0700] "GET / HTTP/1.1" 301 475 "-" "Mozilla/5.0 (compatible; Googlebot/2.1; +http://www.google.com/bot.html)" 
66.249.66.19 - - [02/Nov/2021:15:26:17 -0700] "GET / HTTP/1.1" 200 13185 "-" "Mozilla/5.0 (compatible; Googlebot/2.1; +http://www.google.com/bot.html)" 
51.222.253.10 - - [02/Nov/2021:15:27:07 -0700] "GET /self.logs/error.log.2017-03-04.gz HTTP/1.1" 200 1276 "-" "Mozilla/5.0 (compatible; AhrefsBot/7.0; +http://ahrefs.com/robot/)" 
51.222.253.6 - - [02/Nov/2021:15:29:17 -0700] "GET /self.logs/access.log.2018-10-21.gz HTTP/1.1" 200 27614 "-" "Mozilla/5.0 (compatible; AhrefsBot/7.0; +http://ahrefs.com/robot/)" 
85.208.98.17 - - [02/Nov/2021:15:29:17 -0700] "GET / HTTP/1.1" 301 419 "-" "SEMrushBot" 
85.208.98.17 - - [02/Nov/2021:15:29:17 -0700] "GET / HTTP/1.1" 200 13141 "http://secrepo.com/" "SEMrushBot" 
51.222.253.18 - - [02/Nov/2021:15:31:30 -0700] "GET /self.logs/access.log.2017-07-14.gz HTTP/1.1" 200 21412 "-" "Mozilla/5.0 (compatible; AhrefsBot/7.0; +http://ahrefs.com/robot/)" 
114.119.149.89 - - [02/Nov/2021:15:32:27 -0700] "GET /self.logs/error.log.2020-10-02.gz HTTP/1.1" 200 783 "-" "Mozilla/5.0 (compatible;PetalBot;+https://webmaster.petalsearch.com/site/petalbot)" 
51.222.253.1 - - [02/Nov/2021:15:33:43 -0700] "GET /self.logs/error.log.2018-12-11.gz HTTP/1.1" 200 4115 "-" "Mozilla/5.0 (compatible; AhrefsBot/7.0; +http://ahrefs.com/robot/)" 
51.222.253.8 - - [02/Nov/2021:15:36:03 -0700] "GET /self.logs/access.log.2017-08-20.gz HTTP/1.1" 200 17348 "-" "Mozilla/5.0 (compatible; AhrefsBot/7.0; +http://ahrefs.com/robot/)" 
17.121.112.178 - - [02/Nov/2021:15:38:12 -0700] "GET /self.logs/error.log.2020-06-18 HTTP/1.1" 200 307 "-" "Mozilla/5.0 (Macintosh; Intel Mac OS X 10_15_5) AppleWebKit/605.1.15 (KHTML, like Gecko) Version/13.1.1 Safari/605.1.15 (Applebot/0.1; +http://www.apple.com/go/applebot)" 
51.222.253.12 - - [02/Nov/2021:15:38:19 -0700] "GET /self.logs/error.log.2019-08-28.gz HTTP/1.1" 200 2772 "-" "Mozilla/5.0 (compatible; AhrefsBot/7.0; +http://ahrefs.com/robot/)" 
51.222.253.9 - - [02/Nov/2021:15:40:24 -0700] "GET /Datasets%20Description/HTML_Bro_log_1/?C=N;O=D HTTP/1.1" 200 789 "-" "Mozilla/5.0 (compatible; AhrefsBot/7.0; +http://ahrefs.com/robot/)" 
51.222.253.19 - - [02/Nov/2021:15:42:48 -0700] "GET /self.logs/error.log.2017-06-03.gz HTTP/1.1" 200 894 "-" "Mozilla/5.0 (compatible; AhrefsBot/7.0; +http://ahrefs.com/robot/)" 
51.222.253.1 - - [02/Nov/2021:15:45:13 -0700] "GET /self.logs/access.log.2017-08-28.gz HTTP/1.1" 200 23303 "-" "Mozilla/5.0 (compatible; AhrefsBot/7.0; +http://ahrefs.com/robot/)" 
52.34.76.65 - - [02/Nov/2021:15:45:21 -0700] "GET / HTTP/1.1" 200 13186 "-" "Mozilla/5.0 (Windows NT 6.1; Win64; x64; rv:90.0) Gecko/20100101 Firefox/90.0" 
52.34.76.65 - - [02/Nov/2021:15:45:21 -0700] "GET /css/style.css HTTP/1.1" 404 305 "http://www.secrepo.com/" "Mozilla/5.0 (Windows NT 6.1; Win64; x64; rv:90.0) Gecko/20100101 Firefox/90.0" 
52.34.76.65 - - [02/Nov/2021:15:45:21 -0700] "GET /twitter-icon.png HTTP/1.1" 200 27893 "http://www.secrepo.com/" "Mozilla/5.0 (Windows NT 6.1; Win64; x64; rv:90.0) Gecko/20100101 Firefox/90.0" 
52.34.76.65 - - [02/Nov/2021:15:45:21 -0700] "GET /GitHub-Mark.png HTTP/1.1" 200 7556 "http://www.secrepo.com/" "Mozilla/5.0 (Windows NT 6.1; Win64; x64; rv:90.0) Gecko/20100101 Firefox/90.0" 
51.222.253.1 - - [02/Nov/2021:15:47:33 -0700] "GET /self.logs/error.log.2017-10-15.gz HTTP/1.1" 200 2108 "-" "Mozilla/5.0 (compatible; AhrefsBot/7.0; +http://ahrefs.com/robot/)" 
216.244.66.245 - - [02/Nov/2021:15:49:10 -0700] "GET /robots.txt HTTP/1.1" 200 333 "-" "Mozilla/5.0 (compatible; DotBot/1.2; +https://opensiteexplorer.org/dotbot; help@moz.com)" 
51.222.253.10 - - [02/Nov/2021:15:49:42 -0700] "GET /self.logs/access.log.2018-02-26.gz HTTP/1.1" 200 33155 "-" "Mozilla/5.0 (compatible; AhrefsBot/7.0; +http://ahrefs.com/robot/)" 
51.222.253.1 - - [02/Nov/2021:15:52:11 -0700] "GET /self.logs/error.log.2020-12-05 HTTP/1.1" 200 307 "-" "Mozilla/5.0 (compatible; AhrefsBot/7.0; +http://ahrefs.com/robot/)" 
51.222.253.7 - - [02/Nov/2021:15:54:25 -0700] "GET /self.logs/access.log.2017-09-21.gz HTTP/1.1" 200 33266 "-" "Mozilla/5.0 (compatible; AhrefsBot/7.0; +http://ahrefs.com/robot/)" 
216.244.66.245 - - [02/Nov/2021:15:54:32 -0700] "GET /self.logs/access.log.2020-01-28.gz HTTP/1.1" 200 10529 "-" "Mozilla/5.0 (compatible; DotBot/1.2; +https://opensiteexplorer.org/dotbot; help@moz.com)" 
216.244.66.245 - - [02/Nov/2021:15:56:05 -0700] "GET /self.logs/error.log.2019-12-30.gz HTTP/1.1" 200 1025 "-" "Mozilla/5.0 (compatible; DotBot/1.2; +https://opensiteexplorer.org/dotbot; help@moz.com)" 
51.222.253.7 - - [02/Nov/2021:15:56:41 -0700] "GET /self.logs/error.log.2020-11-14 HTTP/1.1" 200 307 "-" "Mozilla/5.0 (compatible; AhrefsBot/7.0; +http://ahrefs.com/robot/)" 
101.34.184.181 - - [02/Nov/2021:15:57:36 -0700] "GET / HTTP/1.1" 301 438 "-" "Mozilla/4.0 (compatible; MSIE 7.0; Windows NT 5.1; TencentTraveler ; EmbeddedWB 14.52 from: http://www.bsalsa.com/ EmbeddedWB 14.52; .NET CLR 2.0.50727; InfoPath.2; .NET CLR 3.0.04506.30; .NET CLR 3.0.04506.590; .NET CLR 3.0.04506.648; .NET CLR 3.5.21022)" 
101.34.184.181 - - [02/Nov/2021:15:57:37 -0700] "GET / HTTP/1.1" 200 13149 "-" "Mozilla/4.0 (compatible; MSIE 7.0; Windows NT 5.1; TencentTraveler ; EmbeddedWB 14.52 from: http://www.bsalsa.com/ EmbeddedWB 14.52; .NET CLR 2.0.50727; InfoPath.2; .NET CLR 3.0.04506.30; .NET CLR 3.0.04506.590; .NET CLR 3.0.04506.648; .NET CLR 3.5.21022)" 
101.34.184.181 - - [02/Nov/2021:15:57:39 -0700] "GET / HTTP/1.1" 301 419 "-" "Mozilla/5.0 (Windows NT 6.1; WOW64) AppleWebKit/537.36 (KHTML, like Gecko) Chrome/50.0.2661.102 Safari/537.36" 
101.34.184.181 - - [02/Nov/2021:15:57:42 -0700] "GET / HTTP/1.1" 200 13142 "-" "Mozilla/5.0 (Windows NT 6.1; WOW64) AppleWebKit/537.36 (KHTML, like Gecko) Chrome/50.0.2661.102 Safari/537.36" 
51.222.253.7 - - [02/Nov/2021:15:59:02 -0700] "GET /self.logs/access.log.2020-04-02.gz HTTP/1.1" 200 20237 "-" "Mozilla/5.0 (compatible; AhrefsBot/7.0; +http://ahrefs.com/robot/)" 
17.121.114.141 - - [02/Nov/2021:16:00:27 -0700] "GET /self.logs/error.log.2020-06-16 HTTP/1.1" 200 307 "-" "Mozilla/5.0 (Macintosh; Intel Mac OS X 10_15_5) AppleWebKit/605.1.15 (KHTML, like Gecko) Version/13.1.1 Safari/605.1.15 (Applebot/0.1; +http://www.apple.com/go/applebot)" 
51.222.253.7 - - [02/Nov/2021:16:01:10 -0700] "GET /self.logs/access.log.2018-09-30.gz HTTP/1.1" 200 20826 "-" "Mozilla/5.0 (compatible; AhrefsBot/7.0; +http://ahrefs.com/robot/)" 
51.222.253.15 - - [02/Nov/2021:16:03:22 -0700] "GET /self.logs/access.log.2017-08-13.gz HTTP/1.1" 200 17868 "-" "Mozilla/5.0 (compatible; AhrefsBot/7.0; +http://ahrefs.com/robot/)" 
17.121.114.23 - - [02/Nov/2021:16:04:37 -0700] "GET /self.logs/error.log.2020-02-01 HTTP/1.1" 200 307 "-" "Mozilla/5.0 (Macintosh; Intel Mac OS X 10_15_5) AppleWebKit/605.1.15 (KHTML, like Gecko) Version/13.1.1 Safari/605.1.15 (Applebot/0.1; +http://www.apple.com/go/applebot)" 
114.119.149.83 - - [02/Nov/2021:16:05:44 -0700] "GET /self.logs/error.log.2020-08-31.gz HTTP/1.1" 200 932 "-" "Mozilla/5.0 (compatible;PetalBot;+https://webmaster.petalsearch.com/site/petalbot)" 
51.222.253.18 - - [02/Nov/2021:16:05:47 -0700] "GET /self.logs/access.log.2018-02-17.gz HTTP/1.1" 200 15171 "-" "Mozilla/5.0 (compatible; AhrefsBot/7.0; +http://ahrefs.com/robot/)" 
51.222.253.1 - - [02/Nov/2021:16:08:02 -0700] "GET /self.logs/access.log.2017-07-01.gz HTTP/1.1" 200 12642 "-" "Mozilla/5.0 (compatible; AhrefsBot/7.0; +http://ahrefs.com/robot/)" 
17.121.112.102 - - [02/Nov/2021:16:09:58 -0700] "GET /self.logs/error.log.2020-03-18 HTTP/1.1" 200 307 "-" "Mozilla/5.0 (Macintosh; Intel Mac OS X 10_15_5) AppleWebKit/605.1.15 (KHTML, like Gecko) Version/13.1.1 Safari/605.1.15 (Applebot/0.1; +http://www.apple.com/go/applebot)" 
51.222.253.16 - - [02/Nov/2021:16:10:22 -0700] "GET /self.logs/error.log.2021-01-03.gz HTTP/1.1" 200 931 "-" "Mozilla/5.0 (compatible; AhrefsBot/7.0; +http://ahrefs.com/robot/)" 
51.222.253.4 - - [02/Nov/2021:16:12:34 -0700] "GET /self.logs/access.log.2018-02-28.gz HTTP/1.1" 200 24554 "-" "Mozilla/5.0 (compatible; AhrefsBot/7.0; +http://ahrefs.com/robot/)" 
51.222.253.7 - - [02/Nov/2021:16:14:44 -0700] "GET /self.logs/error.log.2018-05-11.gz HTTP/1.1" 200 11209 "-" "Mozilla/5.0 (compatible; AhrefsBot/7.0; +http://ahrefs.com/robot/)" 
162.210.196.97 - - [02/Nov/2021:16:15:23 -0700] "GET /robots.txt HTTP/1.1" 200 377 "-" "Mozilla/5.0 (compatible; MJ12bot/v1.4.8; http://mj12bot.com/)" 
162.210.196.97 - - [02/Nov/2021:16:15:25 -0700] "GET / HTTP/1.1" 200 13106 "-" "Mozilla/5.0 (compatible; MJ12bot/v1.4.8; http://mj12bot.com/)" 
51.222.253.13 - - [02/Nov/2021:16:17:02 -0700] "GET /self.logs/access.log.2020-08-27.gz HTTP/1.1" 200 26841 "-" "Mozilla/5.0 (compatible; AhrefsBot/7.0; +http://ahrefs.com/robot/)" 
51.222.253.15 - - [02/Nov/2021:16:19:16 -0700] "GET /self.logs/access.log.2017-03-13.gz HTTP/1.1" 200 43575 "-" "Mozilla/5.0 (compatible; AhrefsBot/7.0; +http://ahrefs.com/robot/)" 
85.208.98.51 - - [02/Nov/2021:16:19:59 -0700] "GET /robots.txt HTTP/1.1" 301 439 "-" "Mozilla/5.0 (compatible; SemrushBot-BM/1.0; +http://www.semrush.com/bot.html)" 
85.208.98.51 - - [02/Nov/2021:16:20:06 -0700] "GET /robots.txt HTTP/1.1" 200 333 "-" "Mozilla/5.0 (compatible; SemrushBot-BM/1.0; +http://www.semrush.com/bot.html)" 
51.222.253.8 - - [02/Nov/2021:16:21:43 -0700] "GET /self.logs/error.log.2018-05-10.gz HTTP/1.1" 200 3949 "-" "Mozilla/5.0 (compatible; AhrefsBot/7.0; +http://ahrefs.com/robot/)" 
51.222.253.1 - - [02/Nov/2021:16:24:08 -0700] "GET /self.logs/access.log.2018-09-21.gz HTTP/1.1" 200 44081 "-" "Mozilla/5.0 (compatible; AhrefsBot/7.0; +http://ahrefs.com/robot/)" 
51.222.253.13 - - [02/Nov/2021:16:26:17 -0700] "GET /self.logs/access.log.2018-08-18.gz HTTP/1.1" 200 18010 "-" "Mozilla/5.0 (compatible; AhrefsBot/7.0; +http://ahrefs.com/robot/)" 
17.121.114.243 - - [02/Nov/2021:16:28:06 -0700] "GET /self.logs/error.log.2020-07-26 HTTP/1.1" 200 307 "-" "Mozilla/5.0 (Macintosh; Intel Mac OS X 10_15_5) AppleWebKit/605.1.15 (KHTML, like Gecko) Version/13.1.1 Safari/605.1.15 (Applebot/0.1; +http://www.apple.com/go/applebot)" 
114.119.135.212 - - [02/Nov/2021:16:28:41 -0700] "GET /self.logs/error.log.2020-04-24.gz HTTP/1.1" 200 1354 "-" "Mozilla/5.0 (compatible;PetalBot;+https://webmaster.petalsearch.com/site/petalbot)" 
51.222.253.6 - - [02/Nov/2021:16:28:54 -0700] "GET / HTTP/1.1" 200 13140 "-" "Mozilla/5.0 (compatible; AhrefsBot/7.0; +http://ahrefs.com/robot/)" 
51.222.253.15 - - [02/Nov/2021:16:32:08 -0700] "GET /self.logs/error.log.2018-08-30.gz HTTP/1.1" 200 5632 "-" "Mozilla/5.0 (compatible; AhrefsBot/7.0; +http://ahrefs.com/robot/)" 
3.68.192.245 - - [02/Nov/2021:16:33:37 -0700] "GET //.env HTTP/1.1" 404 519 "-" "Mozilla/5.0 (X11; Linux x86_64) AppleWebKit/537.36 (KHTML, like Gecko) Chrome/81.0.4044.129 Safari/537.36" 
51.222.253.18 - - [02/Nov/2021:16:33:46 -0700] "GET /self.logs/error.log.2017-09-30.gz HTTP/1.1" 200 2092 "-" "Mozilla/5.0 (compatible; AhrefsBot/7.0; +http://ahrefs.com/robot/)" 
3.68.192.245 - - [02/Nov/2021:16:33:55 -0700] "POST / HTTP/1.1" 200 13184 "-" "Mozilla/5.0 (X11; Linux x86_64) AppleWebKit/537.36 (KHTML, like Gecko) Chrome/81.0.4044.129 Safari/537.36" 
51.222.253.11 - - [02/Nov/2021:16:35:21 -0700] "GET /self.logs/error.log.2019-01-26.gz HTTP/1.1" 200 5637 "-" "Mozilla/5.0 (compatible; AhrefsBot/7.0; +http://ahrefs.com/robot/)" 
216.244.66.245 - - [02/Nov/2021:16:36:48 -0700] "GET /robots.txt HTTP/1.1" 200 333 "-" "Mozilla/5.0 (compatible; DotBot/1.2; +https://opensiteexplorer.org/dotbot; help@moz.com)" 
51.222.253.8 - - [02/Nov/2021:16:37:01 -0700] "GET /self.logs/error.log.2019-09-25.gz HTTP/1.1" 200 972 "-" "Mozilla/5.0 (compatible; AhrefsBot/7.0; +http://ahrefs.com/robot/)" 
51.222.253.14 - - [02/Nov/2021:16:38:41 -0700] "GET /self.logs/error.log.2017-04-14.gz HTTP/1.1" 200 1256 "-" "Mozilla/5.0 (compatible; AhrefsBot/7.0; +http://ahrefs.com/robot/)" 
114.119.149.78 - - [02/Nov/2021:16:40:00 -0700] "GET /self.logs/access.log.2020-08-23.gz HTTP/1.1" 200 14891 "-" "Mozilla/5.0 (compatible;PetalBot;+https://webmaster.petalsearch.com/site/petalbot)" 
51.222.253.4 - - [02/Nov/2021:16:40:26 -0700] "GET /self.logs/error.log.2019-04-15.gz HTTP/1.1" 200 4049 "-" "Mozilla/5.0 (compatible; AhrefsBot/7.0; +http://ahrefs.com/robot/)" 
51.222.253.11 - - [02/Nov/2021:16:42:01 -0700] "GET /Datasets%20Description/PE_malware/Zeus.html HTTP/1.1" 200 1654 "-" "Mozilla/5.0 (compatible; AhrefsBot/7.0; +http://ahrefs.com/robot/)" 
216.244.66.245 - - [02/Nov/2021:16:42:09 -0700] "GET /self.logs/access.log.2020-03-11.gz HTTP/1.1" 200 15696 "-" "Mozilla/5.0 (compatible; DotBot/1.2; +https://opensiteexplorer.org/dotbot; help@moz.com)" 
216.244.66.245 - - [02/Nov/2021:16:42:14 -0700] "GET /self.logs/access.log.2020-04-25.gz HTTP/1.1" 200 25963 "-" "Mozilla/5.0 (compatible; DotBot/1.2; +https://opensiteexplorer.org/dotbot; help@moz.com)" 
216.244.66.245 - - [02/Nov/2021:16:42:18 -0700] "GET /self.logs/access.log.2020-06-21.gz HTTP/1.1" 200 12796 "-" "Mozilla/5.0 (compatible; DotBot/1.2; +https://opensiteexplorer.org/dotbot; help@moz.com)" 
216.244.66.245 - - [02/Nov/2021:16:42:42 -0700] "GET /self.logs/error.log.2018-03-02.gz HTTP/1.1" 200 3076 "-" "Mozilla/5.0 (compatible; DotBot/1.2; +https://opensiteexplorer.org/dotbot; help@moz.com)" 
216.244.66.245 - - [02/Nov/2021:16:42:45 -0700] "GET /self.logs/error.log.2018-04-21.gz HTTP/1.1" 200 3448 "-" "Mozilla/5.0 (compatible; DotBot/1.2; +https://opensiteexplorer.org/dotbot; help@moz.com)" 
216.244.66.245 - - [02/Nov/2021:16:42:47 -0700] "GET /self.logs/error.log.2018-07-14.gz HTTP/1.1" 200 51916 "-" "Mozilla/5.0 (compatible; DotBot/1.2; +https://opensiteexplorer.org/dotbot; help@moz.com)" 
51.222.253.7 - - [02/Nov/2021:16:43:36 -0700] "GET /self.logs/access.log.2019-12-18.gz HTTP/1.1" 200 18815 "-" "Mozilla/5.0 (compatible; AhrefsBot/7.0; +http://ahrefs.com/robot/)" 
51.222.253.8 - - [02/Nov/2021:16:45:18 -0700] "GET /self.logs/access.log.2017-02-15.gz HTTP/1.1" 200 25175 "-" "Mozilla/5.0 (compatible; AhrefsBot/7.0; +http://ahrefs.com/robot/)" 
176.53.32.43 - - [02/Nov/2021:16:46:49 -0700] "GET /bitrix/admin/ HTTP/1.1" 301 464 "-" "Mozilla/5.0 (X11; Ubuntu; Linux x86_64; rv:62.0) Gecko/20100101 Firefox/62.0" 
176.53.32.43 - - [02/Nov/2021:16:46:50 -0700] "GET /bitrix/admin/ HTTP/1.1" 404 291 "http://secrepo.com/bitrix/admin/" "Mozilla/5.0 (X11; Ubuntu; Linux x86_64; rv:62.0) Gecko/20100101 Firefox/62.0" 
51.222.253.13 - - [02/Nov/2021:16:48:29 -0700] "GET /self.logs/access.log.2020-09-04.gz HTTP/1.1" 200 10579 "-" "Mozilla/5.0 (compatible; AhrefsBot/7.0; +http://ahrefs.com/robot/)" 
66.249.66.15 - - [02/Nov/2021:16:50:13 -0700] "GET /self.logs/ HTTP/1.1" 200 32582 "-" "Mozilla/5.0 (Linux; Android 6.0.1; Nexus 5X Build/MMB29P) AppleWebKit/537.36 (KHTML, like Gecko) Chrome/94.0.4606.81 Mobile Safari/537.36 (compatible; Googlebot/2.1; +http://www.google.com/bot.html)" 
51.222.253.14 - - [02/Nov/2021:16:50:14 -0700] "GET /self.logs/error.log.2020-07-16.gz HTTP/1.1" 200 984 "-" "Mozilla/5.0 (compatible; AhrefsBot/7.0; +http://ahrefs.com/robot/)" 
114.119.149.71 - - [02/Nov/2021:16:51:18 -0700] "GET /self.logs/access.log.2017-12-14.gz HTTP/1.1" 200 24902 "-" "Mozilla/5.0 (compatible;PetalBot;+https://webmaster.petalsearch.com/site/petalbot)" 
51.222.253.10 - - [02/Nov/2021:16:53:18 -0700] "GET /self.logs/access.log.2019-12-03.gz HTTP/1.1" 200 40268 "-" "Mozilla/5.0 (compatible; AhrefsBot/7.0; +http://ahrefs.com/robot/)" 
51.222.253.7 - - [02/Nov/2021:16:54:54 -0700] "GET /self.logs/error.log.2018-09-04.gz HTTP/1.1" 200 9669 "-" "Mozilla/5.0 (compatible; AhrefsBot/7.0; +http://ahrefs.com/robot/)" 
51.222.253.20 - - [02/Nov/2021:16:56:34 -0700] "GET /self.logs/access.log.2018-03-22.gz HTTP/1.1" 200 19110 "-" "Mozilla/5.0 (compatible; AhrefsBot/7.0; +http://ahrefs.com/robot/)" 
17.121.114.163 - - [02/Nov/2021:16:56:46 -0700] "GET /self.logs/error.log.2020-04-03 HTTP/1.1" 200 307 "-" "Mozilla/5.0 (Macintosh; Intel Mac OS X 10_15_5) AppleWebKit/605.1.15 (KHTML, like Gecko) Version/13.1.1 Safari/605.1.15 (Applebot/0.1; +http://www.apple.com/go/applebot)" 
51.222.253.7 - - [02/Nov/2021:16:59:43 -0700] "GET /self.logs/error.log.2017-11-23.gz HTTP/1.1" 200 2275 "-" "Mozilla/5.0 (compatible; AhrefsBot/7.0; +http://ahrefs.com/robot/)" 
51.222.253.19 - - [02/Nov/2021:17:01:26 -0700] "GET /self.logs/access.log.2020-02-05.gz HTTP/1.1" 200 20001 "-" "Mozilla/5.0 (compatible; AhrefsBot/7.0; +http://ahrefs.com/robot/)" 
114.119.135.212 - - [02/Nov/2021:17:02:28 -0700] "GET /self.logs/2015/error.log.2015-12-16.gz HTTP/1.1" 200 745 "-" "Mozilla/5.0 (compatible;PetalBot;+https://webmaster.petalsearch.com/site/petalbot)" 
51.222.253.12 - - [02/Nov/2021:17:03:05 -0700] "GET /self.logs/access.log.2019-03-31.gz HTTP/1.1" 200 20176 "-" "Mozilla/5.0 (compatible; AhrefsBot/7.0; +http://ahrefs.com/robot/)" 
51.222.253.1 - - [02/Nov/2021:17:04:34 -0700] "GET /self.logs/access.log.2017-06-11.gz HTTP/1.1" 200 20291 "-" "Mozilla/5.0 (compatible; AhrefsBot/7.0; +http://ahrefs.com/robot/)" 
51.222.253.12 - - [02/Nov/2021:17:07:42 -0700] "GET /self.logs/error.log.2017-09-19.gz HTTP/1.1" 200 2704 "-" "Mozilla/5.0 (compatible; AhrefsBot/7.0; +http://ahrefs.com/robot/)" 
51.222.253.13 - - [02/Nov/2021:17:09:17 -0700] "GET /self.logs/access.log.2017-10-03.gz HTTP/1.1" 200 31382 "-" "Mozilla/5.0 (compatible; AhrefsBot/7.0; +http://ahrefs.com/robot/)" 
40.77.167.26 - - [02/Nov/2021:17:10:25 -0700] "GET /self.logs/access.log.2017-10-12.gz HTTP/1.1" 301 543 "-" "Mozilla/5.0 (compatible; bingbot/2.0; +http://www.bing.com/bingbot.htm)" 
51.222.253.11 - - [02/Nov/2021:17:10:42 -0700] "GET /self.logs/error.log.2019-01-02.gz HTTP/1.1" 200 5195 "-" "Mozilla/5.0 (compatible; AhrefsBot/7.0; +http://ahrefs.com/robot/)" 
51.222.253.14 - - [02/Nov/2021:17:12:12 -0700] "GET /self.logs/access.log.2018-03-13.gz HTTP/1.1" 200 33551 "-" "Mozilla/5.0 (compatible; AhrefsBot/7.0; +http://ahrefs.com/robot/)" 
114.119.149.78 - - [02/Nov/2021:17:13:39 -0700] "GET /self.logs/error.log.2019-10-17.gz HTTP/1.1" 200 818 "-" "Mozilla/5.0 (compatible;PetalBot;+https://webmaster.petalsearch.com/site/petalbot)" 
51.222.253.12 - - [02/Nov/2021:17:15:24 -0700] "GET /self.logs/access.log.2017-04-30.gz HTTP/1.1" 200 11936 "-" "Mozilla/5.0 (compatible; AhrefsBot/7.0; +http://ahrefs.com/robot/)" 
51.222.253.19 - - [02/Nov/2021:17:17:05 -0700] "GET /self.logs/access.log.2020-01-29.gz HTTP/1.1" 200 14217 "-" "Mozilla/5.0 (compatible; AhrefsBot/7.0; +http://ahrefs.com/robot/)" 
17.121.115.201 - - [02/Nov/2021:17:17:31 -0700] "GET /self.logs/error.log.2020-05-08 HTTP/1.1" 200 307 "-" "Mozilla/5.0 (Macintosh; Intel Mac OS X 10_15_5) AppleWebKit/605.1.15 (KHTML, like Gecko) Version/13.1.1 Safari/605.1.15 (Applebot/0.1; +http://www.apple.com/go/applebot)" 
220.181.108.115 - - [02/Nov/2021:17:18:32 -0700] "GET /data HTTP/1.1" 404 291 "-" "Mozilla/5.0 (compatible; Baiduspider/2.0; +http://www.baidu.com/search/spider.html)" 
51.222.253.16 - - [02/Nov/2021:17:18:41 -0700] "GET /self.logs/access.log.2020-08-20.gz HTTP/1.1" 200 38856 "-" "Mozilla/5.0 (compatible; AhrefsBot/7.0; +http://ahrefs.com/robot/)" 
17.121.112.40 - - [02/Nov/2021:17:19:35 -0700] "GET /self.logs/error.log.2020-07-28 HTTP/1.1" 200 307 "-" "Mozilla/5.0 (Macintosh; Intel Mac OS X 10_15_5) AppleWebKit/605.1.15 (KHTML, like Gecko) Version/13.1.1 Safari/605.1.15 (Applebot/0.1; +http://www.apple.com/go/applebot)" 
51.222.253.7 - - [02/Nov/2021:17:20:11 -0700] "GET /self.logs/access.log.2020-02-23.gz HTTP/1.1" 200 13647 "-" "Mozilla/5.0 (compatible; AhrefsBot/7.0; +http://ahrefs.com/robot/)" 
13.56.168.233 - - [02/Nov/2021:17:20:31 -0700] "GET / HTTP/1.1" 301 475 "-" "Mozilla/5.0 (X11; Linux x86_64) AppleWebKit/537.36 (KHTML, like Gecko) HeadlessChrome/77.0.3835.0 Safari/537.36" 
13.56.168.233 - - [02/Nov/2021:17:20:32 -0700] "GET / HTTP/1.1" 200 13186 "-" "Mozilla/5.0 (X11; Linux x86_64) AppleWebKit/537.36 (KHTML, like Gecko) HeadlessChrome/77.0.3835.0 Safari/537.36" 
13.56.168.233 - - [02/Nov/2021:17:20:32 -0700] "GET /css/style.css HTTP/1.1" 404 305 "http://www.secrepo.com/" "Mozilla/5.0 (X11; Linux x86_64) AppleWebKit/537.36 (KHTML, like Gecko) HeadlessChrome/77.0.3835.0 Safari/537.36" 
54.241.97.97 - - [02/Nov/2021:17:20:33 -0700] "GET /robots.txt HTTP/1.1" 301 458 "-" "Mozilla/5.0 (Macintosh; Intel Mac OS X 10_11_4) AppleWebKit/537.36 (KHTML, like Gecko) Chrome/50.0.2661.102 Safari/537.36" 
54.241.97.97 - - [02/Nov/2021:17:20:34 -0700] "GET /robots.txt HTTP/1.1" 200 340 "-" "Mozilla/5.0 (Macintosh; Intel Mac OS X 10_11_4) AppleWebKit/537.36 (KHTML, like Gecko) Chrome/50.0.2661.102 Safari/537.36" 
54.241.97.97 - - [02/Nov/2021:17:20:35 -0700] "HEAD / HTTP/1.1" 301 186 "-" "Mozilla/5.0 (Macintosh; Intel Mac OS X 10_11_4) AppleWebKit/537.36 (KHTML, like Gecko) Chrome/50.0.2661.102 Safari/537.36" 
54.241.97.97 - - [02/Nov/2021:17:20:36 -0700] "HEAD / HTTP/1.1" 200 359 "-" "Mozilla/5.0 (Macintosh; Intel Mac OS X 10_11_4) AppleWebKit/537.36 (KHTML, like Gecko) Chrome/50.0.2661.102 Safari/537.36" 
54.241.97.97 - - [02/Nov/2021:17:20:36 -0700] "GET / HTTP/1.1" 301 438 "-" "Mozilla/5.0 (Macintosh; Intel Mac OS X 10_11_4) AppleWebKit/537.36 (KHTML, like Gecko) Chrome/50.0.2661.102 Safari/537.36" 
54.241.97.97 - - [02/Nov/2021:17:20:37 -0700] "HEAD / HTTP/1.1" 200 359 "-" "Mozilla/5.0 (Macintosh; Intel Mac OS X 10_11_4) AppleWebKit/537.36 (KHTML, like Gecko) Chrome/50.0.2661.102 Safari/537.36" 
54.241.97.97 - - [02/Nov/2021:17:20:38 -0700] "GET / HTTP/1.1" 200 13149 "-" "Mozilla/5.0 (Macintosh; Intel Mac OS X 10_11_4) AppleWebKit/537.36 (KHTML, like Gecko) Chrome/50.0.2661.102 Safari/537.36" 
54.241.97.97 - - [02/Nov/2021:17:20:39 -0700] "HEAD /data HTTP/1.1" 404 272 "-" "Mozilla/5.0 (Macintosh; Intel Mac OS X 10_11_4) AppleWebKit/537.36 (KHTML, like Gecko) Chrome/50.0.2661.102 Safari/537.36" 
54.241.97.97 - - [02/Nov/2021:17:20:39 -0700] "HEAD / HTTP/1.1" 301 186 "-" "Mozilla/5.0 (Macintosh; Intel Mac OS X 10_11_4) AppleWebKit/537.36 (KHTML, like Gecko) Chrome/50.0.2661.102 Safari/537.36" 
54.241.97.97 - - [02/Nov/2021:17:20:41 -0700] "HEAD / HTTP/1.1" 200 359 "-" "Mozilla/5.0 (Macintosh; Intel Mac OS X 10_11_4) AppleWebKit/537.36 (KHTML, like Gecko) Chrome/50.0.2661.102 Safari/537.36" 
54.241.97.97 - - [02/Nov/2021:17:20:42 -0700] "HEAD /maccdc2012/conn.log.gz HTTP/1.1" 200 377 "-" "Mozilla/5.0 (Macintosh; Intel Mac OS X 10_11_4) AppleWebKit/537.36 (KHTML, like Gecko) Chrome/50.0.2661.102 Safari/537.36" 
54.241.97.97 - - [02/Nov/2021:17:20:43 -0700] "HEAD /maccdc2012/dhcp.log.gz HTTP/1.1" 200 369 "-" "Mozilla/5.0 (Macintosh; Intel Mac OS X 10_11_4) AppleWebKit/537.36 (KHTML, like Gecko) Chrome/50.0.2661.102 Safari/537.36" 
54.241.97.97 - - [02/Nov/2021:17:20:43 -0700] "HEAD /maccdc2012/dns.log.gz HTTP/1.1" 200 373 "-" "Mozilla/5.0 (Macintosh; Intel Mac OS X 10_11_4) AppleWebKit/537.36 (KHTML, like Gecko) Chrome/50.0.2661.102 Safari/537.36" 
54.241.97.97 - - [02/Nov/2021:17:20:44 -0700] "HEAD /maccdc2012/files.log.gz HTTP/1.1" 200 375 "-" "Mozilla/5.0 (Macintosh; Intel Mac OS X 10_11_4) AppleWebKit/537.36 (KHTML, like Gecko) Chrome/50.0.2661.102 Safari/537.36" 
54.241.97.97 - - [02/Nov/2021:17:20:45 -0700] "HEAD /maccdc2012/ftp.log.gz HTTP/1.1" 200 371 "-" "Mozilla/5.0 (Macintosh; Intel Mac OS X 10_11_4) AppleWebKit/537.36 (KHTML, like Gecko) Chrome/50.0.2661.102 Safari/537.36" 
54.241.97.97 - - [02/Nov/2021:17:20:47 -0700] "HEAD /maccdc2012/http.log.gz HTTP/1.1" 200 375 "-" "Mozilla/5.0 (Macintosh; Intel Mac OS X 10_11_4) AppleWebKit/537.36 (KHTML, like Gecko) Chrome/50.0.2661.102 Safari/537.36" 
54.241.97.97 - - [02/Nov/2021:17:20:47 -0700] "HEAD /maccdc2012/notice.log.gz HTTP/1.1" 200 369 "-" "Mozilla/5.0 (Macintosh; Intel Mac OS X 10_11_4) AppleWebKit/537.36 (KHTML, like Gecko) Chrome/50.0.2661.102 Safari/537.36" 
54.241.97.97 - - [02/Nov/2021:17:20:48 -0700] "HEAD /maccdc2012/signatures.log.gz HTTP/1.1" 200 366 "-" "Mozilla/5.0 (Macintosh; Intel Mac OS X 10_11_4) AppleWebKit/537.36 (KHTML, like Gecko) Chrome/50.0.2661.102 Safari/537.36" 
54.241.97.97 - - [02/Nov/2021:17:20:49 -0700] "HEAD /maccdc2012/smtp.log.gz HTTP/1.1" 200 368 "-" "Mozilla/5.0 (Macintosh; Intel Mac OS X 10_11_4) AppleWebKit/537.36 (KHTML, like Gecko) Chrome/50.0.2661.102 Safari/537.36" 
54.241.97.97 - - [02/Nov/2021:17:20:50 -0700] "HEAD /maccdc2012/ssh.log.gz HTTP/1.1" 200 371 "-" "Mozilla/5.0 (Macintosh; Intel Mac OS X 10_11_4) AppleWebKit/537.36 (KHTML, like Gecko) Chrome/50.0.2661.102 Safari/537.36" 
54.241.97.97 - - [02/Nov/2021:17:20:51 -0700] "HEAD /maccdc2012/ssl.log.gz HTTP/1.1" 200 373 "-" "Mozilla/5.0 (Macintosh; Intel Mac OS X 10_11_4) AppleWebKit/537.36 (KHTML, like Gecko) Chrome/50.0.2661.102 Safari/537.36" 
54.241.97.97 - - [02/Nov/2021:17:20:52 -0700] "HEAD /maccdc2012/tunnel.log.gz HTTP/1.1" 200 368 "-" "Mozilla/5.0 (Macintosh; Intel Mac OS X 10_11_4) AppleWebKit/537.36 (KHTML, like Gecko) Chrome/50.0.2661.102 Safari/537.36" 
54.241.97.97 - - [02/Nov/2021:17:20:53 -0700] "HEAD /maccdc2012/weird.log.gz HTTP/1.1" 200 373 "-" "Mozilla/5.0 (Macintosh; Intel Mac OS X 10_11_4) AppleWebKit/537.36 (KHTML, like Gecko) Chrome/50.0.2661.102 Safari/537.36" 
54.241.97.97 - - [02/Nov/2021:17:20:54 -0700] "HEAD /maccdc2012/maccdc2012_fast_alert.7z HTTP/1.1" 200 368 "-" "Mozilla/5.0 (Macintosh; Intel Mac OS X 10_11_4) AppleWebKit/537.36 (KHTML, like Gecko) Chrome/50.0.2661.102 Safari/537.36" 
54.241.97.97 - - [02/Nov/2021:17:20:55 -0700] "HEAD /maccdc2012/maccdc2012_full_alert.7z HTTP/1.1" 200 370 "-" "Mozilla/5.0 (Macintosh; Intel Mac OS X 10_11_4) AppleWebKit/537.36 (KHTML, like Gecko) Chrome/50.0.2661.102 Safari/537.36" 
54.241.97.97 - - [02/Nov/2021:17:20:56 -0700] "HEAD /tg/a.zip HTTP/1.1" 200 358 "-" "Mozilla/5.0 (Macintosh; Intel Mac OS X 10_11_4) AppleWebKit/537.36 (KHTML, like Gecko) Chrome/50.0.2661.102 Safari/537.36" 
