216.244.66.245 - - [02/Nov/2021:06:18:30 -0700] "GET /self.logs/error.log.2020-03-02 HTTP/1.1" 200 307 "-" "Mozilla/5.0 (compatible; DotBot/1.2; +https://opensiteexplorer.org/dotbot; help@moz.com)" 
216.244.66.245 - - [02/Nov/2021:06:18:32 -0700] "GET /self.logs/error.log.2020-04-29.gz HTTP/1.1" 200 774 "-" "Mozilla/5.0 (compatible; DotBot/1.2; +https://opensiteexplorer.org/dotbot; help@moz.com)" 
88.198.0.126 - - [02/Nov/2021:06:18:35 -0700] "GET /self.logs/error.log.2017-01-11.gz HTTP/1.1" 200 3520 "-" "Mozilla/5.0 (compatible; DataForSeoBot/1.0; +https://dataforseo.com/dataforseo-bot)" 
88.198.0.126 - - [02/Nov/2021:06:18:50 -0700] "GET /self.logs/error.log.2021-05-29.gz HTTP/1.1" 200 972 "-" "Mozilla/5.0 (compatible; DataForSeoBot/1.0; +https://dataforseo.com/dataforseo-bot)" 
88.198.0.126 - - [02/Nov/2021:06:19:05 -0700] "GET /self.logs/error.log.2019-09-21.gz HTTP/1.1" 200 2892 "-" "Mozilla/5.0 (compatible; DataForSeoBot/1.0; +https://dataforseo.com/dataforseo-bot)" 
88.198.0.126 - - [02/Nov/2021:06:19:20 -0700] "GET /self.logs/access.log.2017-10-23.gz HTTP/1.1" 200 23759 "-" "Mozilla/5.0 (compatible; DataForSeoBot/1.0; +https://dataforseo.com/dataforseo-bot)" 
88.198.0.126 - - [02/Nov/2021:06:19:37 -0700] "GET /self.logs/access.log.2017-08-02.gz HTTP/1.1" 200 17878 "-" "Mozilla/5.0 (compatible; DataForSeoBot/1.0; +https://dataforseo.com/dataforseo-bot)" 
88.198.0.126 - - [02/Nov/2021:06:19:52 -0700] "GET /self.logs/error.log.2018-08-08.gz HTTP/1.1" 200 7113 "-" "Mozilla/5.0 (compatible; DataForSeoBot/1.0; +https://dataforseo.com/dataforseo-bot)" 
124.128.158.36 - - [02/Nov/2021:06:19:43 -0700] "GET /self.logs/access.log.2017-10-13.gz HTTP/1.1" 200 169702 "http://www.secrepo.com/self.logs/" "Mozilla/5.0 (Windows NT 10.0; Win64; x64) AppleWebKit/537.36 (KHTML, like Gecko) Chrome/95.0.4638.54 Safari/537.36" 
88.198.0.126 - - [02/Nov/2021:06:20:09 -0700] "GET /self.logs/access.log.2019-05-15.gz HTTP/1.1" 200 41120 "-" "Mozilla/5.0 (compatible; DataForSeoBot/1.0; +https://dataforseo.com/dataforseo-bot)" 
88.198.0.126 - - [02/Nov/2021:06:20:23 -0700] "GET /self.logs/access.log.2021-04-03.gz HTTP/1.1" 200 30856 "-" "Mozilla/5.0 (compatible; DataForSeoBot/1.0; +https://dataforseo.com/dataforseo-bot)" 
88.198.0.126 - - [02/Nov/2021:06:20:38 -0700] "GET /self.logs/access.log.2019-03-07.gz HTTP/1.1" 200 22603 "-" "Mozilla/5.0 (compatible; DataForSeoBot/1.0; +https://dataforseo.com/dataforseo-bot)" 
88.198.0.126 - - [02/Nov/2021:06:20:54 -0700] "GET /self.logs/access.log.2020-05-06.gz HTTP/1.1" 200 16534 "-" "Mozilla/5.0 (compatible; DataForSeoBot/1.0; +https://dataforseo.com/dataforseo-bot)" 
88.198.0.126 - - [02/Nov/2021:06:21:11 -0700] "GET /self.logs/error.log.2017-10-25.gz HTTP/1.1" 200 2019 "-" "Mozilla/5.0 (compatible; DataForSeoBot/1.0; +https://dataforseo.com/dataforseo-bot)" 
88.198.0.126 - - [02/Nov/2021:06:21:25 -0700] "GET /self.logs/error.log.2018-09-10.gz HTTP/1.1" 200 10754 "-" "Mozilla/5.0 (compatible; DataForSeoBot/1.0; +https://dataforseo.com/dataforseo-bot)" 
88.198.0.126 - - [02/Nov/2021:06:21:40 -0700] "GET /self.logs/access.log.2019-10-14.gz HTTP/1.1" 200 26027 "-" "Mozilla/5.0 (compatible; DataForSeoBot/1.0; +https://dataforseo.com/dataforseo-bot)" 
124.128.158.36 - - [02/Nov/2021:06:21:45 -0700] "GET /self.logs/access.log.2017-10-15.gz HTTP/1.1" 200 78224 "http://www.secrepo.com/self.logs/" "Mozilla/5.0 (Windows NT 10.0; Win64; x64) AppleWebKit/537.36 (KHTML, like Gecko) Chrome/95.0.4638.54 Safari/537.36" 
88.198.0.126 - - [02/Nov/2021:06:21:56 -0700] "GET /self.logs/access.log.2019-02-18.gz HTTP/1.1" 200 28475 "-" "Mozilla/5.0 (compatible; DataForSeoBot/1.0; +https://dataforseo.com/dataforseo-bot)" 
124.128.158.36 - - [02/Nov/2021:06:22:10 -0700] "GET /self.logs/access.log.2017-12-08.gz HTTP/1.1" 200 69454 "http://www.secrepo.com/self.logs/" "Mozilla/5.0 (Windows NT 10.0; Win64; x64) AppleWebKit/537.36 (KHTML, like Gecko) Chrome/95.0.4638.54 Safari/537.36" 
88.198.0.126 - - [02/Nov/2021:06:22:12 -0700] "GET /self.logs/access.log.2017-05-09.gz HTTP/1.1" 200 19745 "-" "Mozilla/5.0 (compatible; DataForSeoBot/1.0; +https://dataforseo.com/dataforseo-bot)" 
88.198.0.126 - - [02/Nov/2021:06:22:23 -0700] "GET /self.logs/access.log.2017-07-10.gz HTTP/1.1" 200 16901 "-" "Mozilla/5.0 (compatible; DataForSeoBot/1.0; +https://dataforseo.com/dataforseo-bot)" 
124.128.158.36 - - [02/Nov/2021:06:22:25 -0700] "GET /self.logs/access.log.2017-10-15.gz HTTP/1.1" 206 30504 "http://www.secrepo.com/self.logs/" "Mozilla/5.0 (Windows NT 10.0; Win64; x64) AppleWebKit/537.36 (KHTML, like Gecko) Chrome/95.0.4638.54 Safari/537.36" 
88.198.0.126 - - [02/Nov/2021:06:22:39 -0700] "GET /self.logs/error.log.2018-05-30.gz HTTP/1.1" 200 6872 "-" "Mozilla/5.0 (compatible; DataForSeoBot/1.0; +https://dataforseo.com/dataforseo-bot)" 
88.198.0.126 - - [02/Nov/2021:06:22:55 -0700] "GET /self.logs/error.log.2018-11-01.gz HTTP/1.1" 200 4120 "-" "Mozilla/5.0 (compatible; DataForSeoBot/1.0; +https://dataforseo.com/dataforseo-bot)" 
88.198.0.126 - - [02/Nov/2021:06:23:10 -0700] "GET /self.logs/access.log.2019-01-07.gz HTTP/1.1" 200 46747 "-" "Mozilla/5.0 (compatible; DataForSeoBot/1.0; +https://dataforseo.com/dataforseo-bot)" 
88.198.0.126 - - [02/Nov/2021:06:23:25 -0700] "GET /self.logs/access.log.2017-03-13.gz HTTP/1.1" 200 43582 "-" "Mozilla/5.0 (compatible; DataForSeoBot/1.0; +https://dataforseo.com/dataforseo-bot)" 
88.198.0.126 - - [02/Nov/2021:06:23:39 -0700] "GET /self.logs/access.log.2020-06-14.gz HTTP/1.1" 200 10763 "-" "Mozilla/5.0 (compatible; DataForSeoBot/1.0; +https://dataforseo.com/dataforseo-bot)" 
88.198.0.126 - - [02/Nov/2021:06:23:54 -0700] "GET /self.logs/access.log.2020-08-07.gz HTTP/1.1" 200 24721 "-" "Mozilla/5.0 (compatible; DataForSeoBot/1.0; +https://dataforseo.com/dataforseo-bot)" 
157.55.39.53 - - [02/Nov/2021:06:23:55 -0700] "GET / HTTP/1.1" 200 13184 "-" "Mozilla/5.0 (compatible; bingbot/2.0; +http://www.bing.com/bingbot.htm)" 
157.55.39.5 - - [02/Nov/2021:06:24:07 -0700] "GET /css/style.css HTTP/1.1" 404 328 "-" "Mozilla/5.0 (compatible; bingbot/2.0; +http://www.bing.com/bingbot.htm)" 
88.198.0.126 - - [02/Nov/2021:06:24:10 -0700] "GET /self.logs/error.log.2018-07-13.gz HTTP/1.1" 200 4962 "-" "Mozilla/5.0 (compatible; DataForSeoBot/1.0; +https://dataforseo.com/dataforseo-bot)" 
88.198.0.126 - - [02/Nov/2021:06:24:23 -0700] "GET /self.logs/error.log.2021-04-04.gz HTTP/1.1" 200 1200 "-" "Mozilla/5.0 (compatible; DataForSeoBot/1.0; +https://dataforseo.com/dataforseo-bot)" 
51.222.253.13 - - [02/Nov/2021:06:24:26 -0700] "GET /self.logs/error.log.2021-09-17.gz HTTP/1.1" 200 1141 "-" "Mozilla/5.0 (compatible; AhrefsBot/7.0; +http://ahrefs.com/robot/)" 
124.128.158.36 - - [02/Nov/2021:06:24:29 -0700] "GET /self.logs/access.log.2017-12-26.gz HTTP/1.1" 200 100473 "http://www.secrepo.com/self.logs/" "Mozilla/5.0 (Windows NT 10.0; Win64; x64) AppleWebKit/537.36 (KHTML, like Gecko) Chrome/95.0.4638.54 Safari/537.36" 
88.198.0.126 - - [02/Nov/2021:06:24:37 -0700] "GET /self.logs/error.log.2020-10-06 HTTP/1.1" 200 314 "-" "Mozilla/5.0 (compatible; DataForSeoBot/1.0; +https://dataforseo.com/dataforseo-bot)" 
88.198.0.126 - - [02/Nov/2021:06:24:51 -0700] "GET /self.logs/error.log.2021-05-26.gz HTTP/1.1" 200 1174 "-" "Mozilla/5.0 (compatible; DataForSeoBot/1.0; +https://dataforseo.com/dataforseo-bot)" 
88.198.0.126 - - [02/Nov/2021:06:25:06 -0700] "GET /self.logs/access.log.2017-05-19.gz HTTP/1.1" 200 14911 "-" "Mozilla/5.0 (compatible; DataForSeoBot/1.0; +https://dataforseo.com/dataforseo-bot)" 
88.198.0.126 - - [02/Nov/2021:06:25:20 -0700] "GET /self.logs/access.log.2021-06-04.gz HTTP/1.1" 200 27348 "-" "Mozilla/5.0 (compatible; DataForSeoBot/1.0; +https://dataforseo.com/dataforseo-bot)" 
88.198.0.126 - - [02/Nov/2021:06:25:34 -0700] "GET /self.logs/access.log.2018-04-22.gz HTTP/1.1" 200 43905 "-" "Mozilla/5.0 (compatible; DataForSeoBot/1.0; +https://dataforseo.com/dataforseo-bot)" 
88.198.0.126 - - [02/Nov/2021:06:25:47 -0700] "GET /self.logs/error.log.2019-08-05.gz HTTP/1.1" 200 1475 "-" "Mozilla/5.0 (compatible; DataForSeoBot/1.0; +https://dataforseo.com/dataforseo-bot)" 
88.198.0.126 - - [02/Nov/2021:06:26:00 -0700] "GET /self.logs/access.log.2017-05-20.gz HTTP/1.1" 200 21662 "-" "Mozilla/5.0 (compatible; DataForSeoBot/1.0; +https://dataforseo.com/dataforseo-bot)" 
88.198.0.126 - - [02/Nov/2021:06:26:12 -0700] "GET /self.logs/error.log.2018-03-30.gz HTTP/1.1" 200 4370 "-" "Mozilla/5.0 (compatible; DataForSeoBot/1.0; +https://dataforseo.com/dataforseo-bot)" 
88.198.0.126 - - [02/Nov/2021:06:26:23 -0700] "GET /self.logs/error.log.2018-04-27.gz HTTP/1.1" 200 3191 "-" "Mozilla/5.0 (compatible; DataForSeoBot/1.0; +https://dataforseo.com/dataforseo-bot)" 
124.128.158.36 - - [02/Nov/2021:06:26:16 -0700] "GET /self.logs/access.log.2018-06-15.gz HTTP/1.1" 200 113584 "http://www.secrepo.com/self.logs/" "Mozilla/5.0 (Windows NT 10.0; Win64; x64) AppleWebKit/537.36 (KHTML, like Gecko) Chrome/95.0.4638.54 Safari/537.36" 
88.198.0.126 - - [02/Nov/2021:06:26:34 -0700] "GET /self.logs/error.log.2021-05-21.gz HTTP/1.1" 200 1162 "-" "Mozilla/5.0 (compatible; DataForSeoBot/1.0; +https://dataforseo.com/dataforseo-bot)" 
88.198.0.126 - - [02/Nov/2021:06:26:45 -0700] "GET /self.logs/access.log.2019-09-19.gz HTTP/1.1" 200 29973 "-" "Mozilla/5.0 (compatible; DataForSeoBot/1.0; +https://dataforseo.com/dataforseo-bot)" 
95.163.255.52 - - [02/Nov/2021:06:26:50 -0700] "GET /robots.txt HTTP/1.0" 200 340 "-" "Mozilla/5.0 (compatible; Linux x86_64; Mail.RU_Bot/2.0; +http://go.mail.ru/help/robots)" 
95.163.255.57 - - [02/Nov/2021:06:26:52 -0700] "GET /Datasets%20Description/Network/ssl.html HTTP/1.1" 200 1548 "-" "Mozilla/5.0 (compatible; Linux x86_64; Mail.RU_Bot/2.0; +http://go.mail.ru/help/robots)" 
88.198.0.126 - - [02/Nov/2021:06:26:55 -0700] "GET /self.logs/access.log.2020-08-13.gz HTTP/1.1" 200 28385 "-" "Mozilla/5.0 (compatible; DataForSeoBot/1.0; +https://dataforseo.com/dataforseo-bot)" 
88.198.0.126 - - [02/Nov/2021:06:27:05 -0700] "GET /self.logs/access.log.2017-02-08.gz HTTP/1.1" 200 31262 "-" "Mozilla/5.0 (compatible; DataForSeoBot/1.0; +https://dataforseo.com/dataforseo-bot)" 
124.128.158.36 - - [02/Nov/2021:06:27:41 -0700] "GET /self.logs/access.log.2018-07-14.gz HTTP/1.1" 200 122129 "http://www.secrepo.com/self.logs/" "Mozilla/5.0 (Windows NT 10.0; Win64; x64) AppleWebKit/537.36 (KHTML, like Gecko) Chrome/95.0.4638.54 Safari/537.36" 
27.159.92.82 - - [02/Nov/2021:06:28:32 -0700] "GET /e/data/js/ajax.js HTTP/1.1" 404 328 "-" "Mozilla/5.0 (Windows NT 10.0; WOW64; rv:48.0) Gecko/20100101 Firefox/48.0" 
88.198.0.126 - - [02/Nov/2021:06:29:11 -0700] "GET /self.logs/access.log.2017-07-13.gz HTTP/1.1" 200 23155 "-" "Mozilla/5.0 (compatible; DataForSeoBot/1.0; +https://dataforseo.com/dataforseo-bot)" 
88.198.0.126 - - [02/Nov/2021:06:29:30 -0700] "GET /self.logs/error.log.2019-12-31.gz HTTP/1.1" 200 830 "-" "Mozilla/5.0 (compatible; DataForSeoBot/1.0; +https://dataforseo.com/dataforseo-bot)" 
88.198.0.126 - - [02/Nov/2021:06:29:48 -0700] "GET /self.logs/error.log.2017-04-09.gz HTTP/1.1" 200 853 "-" "Mozilla/5.0 (compatible; DataForSeoBot/1.0; +https://dataforseo.com/dataforseo-bot)" 
88.198.0.126 - - [02/Nov/2021:06:30:06 -0700] "GET /self.logs/access.log.2018-12-18.gz HTTP/1.1" 200 19807 "-" "Mozilla/5.0 (compatible; DataForSeoBot/1.0; +https://dataforseo.com/dataforseo-bot)" 
88.198.0.126 - - [02/Nov/2021:06:30:23 -0700] "GET /self.logs/error.log.2017-07-01.gz HTTP/1.1" 200 871 "-" "Mozilla/5.0 (compatible; DataForSeoBot/1.0; +https://dataforseo.com/dataforseo-bot)" 
88.198.0.126 - - [02/Nov/2021:06:30:39 -0700] "GET /self.logs/error.log.2021-07-27 HTTP/1.1" 200 1068 "-" "Mozilla/5.0 (compatible; DataForSeoBot/1.0; +https://dataforseo.com/dataforseo-bot)" 
88.198.0.126 - - [02/Nov/2021:06:30:54 -0700] "GET /self.logs/error.log.2019-03-16.gz HTTP/1.1" 200 3673 "-" "Mozilla/5.0 (compatible; DataForSeoBot/1.0; +https://dataforseo.com/dataforseo-bot)" 
88.198.0.126 - - [02/Nov/2021:06:31:11 -0700] "GET /self.logs/error.log.2021-06-13.gz HTTP/1.1" 200 1585 "-" "Mozilla/5.0 (compatible; DataForSeoBot/1.0; +https://dataforseo.com/dataforseo-bot)" 
88.198.0.126 - - [02/Nov/2021:06:31:25 -0700] "GET /self.logs/error.log.2020-11-10 HTTP/1.1" 200 314 "-" "Mozilla/5.0 (compatible; DataForSeoBot/1.0; +https://dataforseo.com/dataforseo-bot)" 
88.198.0.126 - - [02/Nov/2021:06:31:40 -0700] "GET /self.logs/access.log.2017-01-27.gz HTTP/1.1" 200 18256 "-" "Mozilla/5.0 (compatible; DataForSeoBot/1.0; +https://dataforseo.com/dataforseo-bot)" 
88.198.0.126 - - [02/Nov/2021:06:31:54 -0700] "GET /self.logs/access.log.2017-12-04.gz HTTP/1.1" 200 24662 "-" "Mozilla/5.0 (compatible; DataForSeoBot/1.0; +https://dataforseo.com/dataforseo-bot)" 
88.198.0.126 - - [02/Nov/2021:06:32:12 -0700] "GET /self.logs/error.log.2019-04-03.gz HTTP/1.1" 200 8913 "-" "Mozilla/5.0 (compatible; DataForSeoBot/1.0; +https://dataforseo.com/dataforseo-bot)" 
124.128.158.36 - - [02/Nov/2021:06:32:13 -0700] "GET /self.logs/access.log.2018-09-22.gz HTTP/1.1" 200 74630 "http://www.secrepo.com/self.logs/" "Mozilla/5.0 (Windows NT 10.0; Win64; x64) AppleWebKit/537.36 (KHTML, like Gecko) Chrome/95.0.4638.54 Safari/537.36" 
88.198.0.126 - - [02/Nov/2021:06:32:28 -0700] "GET /self.logs/access.log.2017-06-27.gz HTTP/1.1" 200 17925 "-" "Mozilla/5.0 (compatible; DataForSeoBot/1.0; +https://dataforseo.com/dataforseo-bot)" 
88.198.0.126 - - [02/Nov/2021:06:32:44 -0700] "GET /self.logs/error.log.2017-07-16.gz HTTP/1.1" 200 734 "-" "Mozilla/5.0 (compatible; DataForSeoBot/1.0; +https://dataforseo.com/dataforseo-bot)" 
88.198.0.126 - - [02/Nov/2021:06:32:48 -0700] "GET /self.logs/error.log.2021-01-27.gz HTTP/1.1" 200 3410 "-" "Mozilla/5.0 (compatible; DataForSeoBot/1.0; +https://dataforseo.com/dataforseo-bot)" 
124.128.158.36 - - [02/Nov/2021:06:32:54 -0700] "GET /self.logs/access.log.2018-09-22.gz HTTP/1.1" 206 3549 "http://www.secrepo.com/self.logs/" "Mozilla/5.0 (Windows NT 10.0; Win64; x64) AppleWebKit/537.36 (KHTML, like Gecko) Chrome/95.0.4638.54 Safari/537.36" 
124.128.158.36 - - [02/Nov/2021:06:32:51 -0700] "GET /self.logs/access.log.2019-04-04.gz HTTP/1.1" 200 101475 "http://www.secrepo.com/self.logs/" "Mozilla/5.0 (Windows NT 10.0; Win64; x64) AppleWebKit/537.36 (KHTML, like Gecko) Chrome/95.0.4638.54 Safari/537.36" 
88.198.0.126 - - [02/Nov/2021:06:33:05 -0700] "GET /self.logs/access.log.2020-03-29.gz HTTP/1.1" 200 20334 "-" "Mozilla/5.0 (compatible; DataForSeoBot/1.0; +https://dataforseo.com/dataforseo-bot)" 
88.198.0.126 - - [02/Nov/2021:06:33:21 -0700] "GET /self.logs/error.log.2020-10-30 HTTP/1.1" 200 4309 "-" "Mozilla/5.0 (compatible; DataForSeoBot/1.0; +https://dataforseo.com/dataforseo-bot)" 
95.163.255.56 - - [02/Nov/2021:06:33:23 -0700] "GET /Datasets%20Description/HTML_Bro_log_1/ftp.html HTTP/1.1" 200 1728 "-" "Mozilla/5.0 (compatible; Linux x86_64; Mail.RU_Bot/2.0; +http://go.mail.ru/help/robots)" 
88.198.0.126 - - [02/Nov/2021:06:33:36 -0700] "GET /self.logs/access.log.2018-02-10.gz HTTP/1.1" 200 15154 "-" "Mozilla/5.0 (compatible; DataForSeoBot/1.0; +https://dataforseo.com/dataforseo-bot)" 
88.198.0.126 - - [02/Nov/2021:06:33:52 -0700] "GET /self.logs/access.log.2019-08-27.gz HTTP/1.1" 200 16967 "-" "Mozilla/5.0 (compatible; DataForSeoBot/1.0; +https://dataforseo.com/dataforseo-bot)" 
88.198.0.126 - - [02/Nov/2021:06:34:08 -0700] "GET /self.logs/error.log.2017-07-19.gz HTTP/1.1" 200 972 "-" "Mozilla/5.0 (compatible; DataForSeoBot/1.0; +https://dataforseo.com/dataforseo-bot)" 
88.198.0.126 - - [02/Nov/2021:06:34:25 -0700] "GET /self.logs/error.log.2021-07-12 HTTP/1.1" 200 1068 "-" "Mozilla/5.0 (compatible; DataForSeoBot/1.0; +https://dataforseo.com/dataforseo-bot)" 
88.198.0.126 - - [02/Nov/2021:06:34:38 -0700] "GET /self.logs/access.log.2020-06-08.gz HTTP/1.1" 200 17754 "-" "Mozilla/5.0 (compatible; DataForSeoBot/1.0; +https://dataforseo.com/dataforseo-bot)" 
88.198.0.126 - - [02/Nov/2021:06:34:54 -0700] "GET /self.logs/access.log.2018-01-24.gz HTTP/1.1" 200 25945 "-" "Mozilla/5.0 (compatible; DataForSeoBot/1.0; +https://dataforseo.com/dataforseo-bot)" 
88.198.0.126 - - [02/Nov/2021:06:35:10 -0700] "GET /self.logs/access.log.2018-04-25.gz HTTP/1.1" 200 29429 "-" "Mozilla/5.0 (compatible; DataForSeoBot/1.0; +https://dataforseo.com/dataforseo-bot)" 
88.198.0.126 - - [02/Nov/2021:06:35:22 -0700] "GET /self.logs/error.log.2020-05-28 HTTP/1.1" 200 314 "-" "Mozilla/5.0 (compatible; DataForSeoBot/1.0; +https://dataforseo.com/dataforseo-bot)" 
124.128.158.36 - - [02/Nov/2021:06:35:22 -0700] "GET /self.logs/access.log.2019-11-27.gz HTTP/1.1" 200 92022 "http://www.secrepo.com/self.logs/" "Mozilla/5.0 (Windows NT 10.0; Win64; x64) AppleWebKit/537.36 (KHTML, like Gecko) Chrome/95.0.4638.54 Safari/537.36" 
88.198.0.126 - - [02/Nov/2021:06:35:38 -0700] "GET /self.logs/error.log.2017-02-27.gz HTTP/1.1" 200 1065 "-" "Mozilla/5.0 (compatible; DataForSeoBot/1.0; +https://dataforseo.com/dataforseo-bot)" 
88.198.0.126 - - [02/Nov/2021:06:35:55 -0700] "GET /self.logs/error.log.2017-07-17.gz HTTP/1.1" 200 937 "-" "Mozilla/5.0 (compatible; DataForSeoBot/1.0; +https://dataforseo.com/dataforseo-bot)" 
88.198.0.126 - - [02/Nov/2021:06:36:11 -0700] "GET /self.logs/error.log.2019-01-26.gz HTTP/1.1" 200 5644 "-" "Mozilla/5.0 (compatible; DataForSeoBot/1.0; +https://dataforseo.com/dataforseo-bot)" 
88.198.0.126 - - [02/Nov/2021:06:36:25 -0700] "GET /self.logs/access.log.2017-02-04.gz HTTP/1.1" 200 13265 "-" "Mozilla/5.0 (compatible; DataForSeoBot/1.0; +https://dataforseo.com/dataforseo-bot)" 
88.198.0.126 - - [02/Nov/2021:06:36:40 -0700] "GET /self.logs/error.log.2020-09-02 HTTP/1.1" 200 898 "-" "Mozilla/5.0 (compatible; DataForSeoBot/1.0; +https://dataforseo.com/dataforseo-bot)" 
124.128.158.36 - - [02/Nov/2021:06:36:43 -0700] "GET /self.logs/access.log.2020-04-24.gz HTTP/1.1" 200 89528 "http://www.secrepo.com/self.logs/" "Mozilla/5.0 (Windows NT 10.0; Win64; x64) AppleWebKit/537.36 (KHTML, like Gecko) Chrome/95.0.4638.54 Safari/537.36" 
88.198.0.126 - - [02/Nov/2021:06:36:55 -0700] "GET /self.logs/access.log.2020-09-27.gz HTTP/1.1" 200 24296 "-" "Mozilla/5.0 (compatible; DataForSeoBot/1.0; +https://dataforseo.com/dataforseo-bot)" 
88.198.0.126 - - [02/Nov/2021:06:37:11 -0700] "GET /self.logs/access.log.2019-09-13.gz HTTP/1.1" 200 16361 "-" "Mozilla/5.0 (compatible; DataForSeoBot/1.0; +https://dataforseo.com/dataforseo-bot)" 
88.198.0.126 - - [02/Nov/2021:06:37:27 -0700] "GET /self.logs/access.log.2019-08-04.gz HTTP/1.1" 200 20613 "-" "Mozilla/5.0 (compatible; DataForSeoBot/1.0; +https://dataforseo.com/dataforseo-bot)" 
88.198.0.126 - - [02/Nov/2021:06:37:41 -0700] "GET /self.logs/error.log.2017-08-15.gz HTTP/1.1" 200 1012 "-" "Mozilla/5.0 (compatible; DataForSeoBot/1.0; +https://dataforseo.com/dataforseo-bot)" 
88.198.0.126 - - [02/Nov/2021:06:37:57 -0700] "GET /self.logs/access.log.2019-10-08.gz HTTP/1.1" 200 34537 "-" "Mozilla/5.0 (compatible; DataForSeoBot/1.0; +https://dataforseo.com/dataforseo-bot)" 
88.198.0.126 - - [02/Nov/2021:06:38:14 -0700] "GET /self.logs/error.log.2021-03-22 HTTP/1.1" 200 314 "-" "Mozilla/5.0 (compatible; DataForSeoBot/1.0; +https://dataforseo.com/dataforseo-bot)" 
88.198.0.126 - - [02/Nov/2021:06:38:30 -0700] "GET /self.logs/access.log.2021-01-18.gz HTTP/1.1" 200 20236 "-" "Mozilla/5.0 (compatible; DataForSeoBot/1.0; +https://dataforseo.com/dataforseo-bot)" 
88.198.0.126 - - [02/Nov/2021:06:38:44 -0700] "GET /self.logs/access.log.2020-02-18.gz HTTP/1.1" 200 19575 "-" "Mozilla/5.0 (compatible; DataForSeoBot/1.0; +https://dataforseo.com/dataforseo-bot)" 
88.198.0.126 - - [02/Nov/2021:06:39:00 -0700] "GET /self.logs/error.log.2017-08-09.gz HTTP/1.1" 200 785 "-" "Mozilla/5.0 (compatible; DataForSeoBot/1.0; +https://dataforseo.com/dataforseo-bot)" 
36.57.132.124 - - [02/Nov/2021:06:39:13 -0700] "GET /favicon.ico HTTP/1.1" 304 261 "-" "Mozilla/5.0 (Windows NT 10.0; WOW64) AppleWebKit/537.36 (KHTML, like Gecko) Chrome/55.0.2883.87 UBrowser/6.2.4098.3 Safari/537.36" 
88.198.0.126 - - [02/Nov/2021:06:39:16 -0700] "GET /self.logs/error.log.2019-12-02.gz HTTP/1.1" 200 823 "-" "Mozilla/5.0 (compatible; DataForSeoBot/1.0; +https://dataforseo.com/dataforseo-bot)" 
49.7.20.102 - - [02/Nov/2021:06:39:27 -0700] "GET / HTTP/1.1" 200 13148 "-" "Sogou web spider/4.0(+http://www.sogou.com/docs/help/webmasters.htm#07)" 
88.198.0.126 - - [02/Nov/2021:06:39:31 -0700] "GET /self.logs/error.log.2017-06-13.gz HTTP/1.1" 200 997 "-" "Mozilla/5.0 (compatible; DataForSeoBot/1.0; +https://dataforseo.com/dataforseo-bot)" 
88.198.0.126 - - [02/Nov/2021:06:39:46 -0700] "GET /self.logs/error.log.2020-12-11 HTTP/1.1" 200 1345 "-" "Mozilla/5.0 (compatible; DataForSeoBot/1.0; +https://dataforseo.com/dataforseo-bot)" 
88.198.0.126 - - [02/Nov/2021:06:40:03 -0700] "GET /self.logs/error.log.2018-11-22.gz HTTP/1.1" 200 3727 "-" "Mozilla/5.0 (compatible; DataForSeoBot/1.0; +https://dataforseo.com/dataforseo-bot)" 
49.7.20.105 - - [02/Nov/2021:06:40:09 -0700] "GET / HTTP/1.1" 200 13148 "-" "Sogou web spider/4.0(+http://www.sogou.com/docs/help/webmasters.htm#07)" 
88.198.0.126 - - [02/Nov/2021:06:40:18 -0700] "GET /self.logs/access.log.2021-05-23.gz HTTP/1.1" 200 26210 "-" "Mozilla/5.0 (compatible; DataForSeoBot/1.0; +https://dataforseo.com/dataforseo-bot)" 
88.198.0.126 - - [02/Nov/2021:06:40:33 -0700] "GET /self.logs/access.log.2018-08-01.gz HTTP/1.1" 200 45147 "-" "Mozilla/5.0 (compatible; DataForSeoBot/1.0; +https://dataforseo.com/dataforseo-bot)" 
88.198.0.126 - - [02/Nov/2021:06:40:48 -0700] "GET /self.logs/error.log.2018-09-14.gz HTTP/1.1" 200 8407 "-" "Mozilla/5.0 (compatible; DataForSeoBot/1.0; +https://dataforseo.com/dataforseo-bot)" 
88.198.0.126 - - [02/Nov/2021:06:41:04 -0700] "GET /self.logs/access.log.2019-10-06.gz HTTP/1.1" 200 16431 "-" "Mozilla/5.0 (compatible; DataForSeoBot/1.0; +https://dataforseo.com/dataforseo-bot)" 
88.198.0.126 - - [02/Nov/2021:06:41:18 -0700] "GET /self.logs/error.log.2019-12-03.gz HTTP/1.1" 200 1009 "-" "Mozilla/5.0 (compatible; DataForSeoBot/1.0; +https://dataforseo.com/dataforseo-bot)" 
88.198.0.126 - - [02/Nov/2021:06:41:33 -0700] "GET /self.logs/access.log.2020-04-19.gz HTTP/1.1" 200 13528 "-" "Mozilla/5.0 (compatible; DataForSeoBot/1.0; +https://dataforseo.com/dataforseo-bot)" 
88.198.0.126 - - [02/Nov/2021:06:41:49 -0700] "GET /self.logs/error.log.2020-05-23.gz HTTP/1.1" 200 1669 "-" "Mozilla/5.0 (compatible; DataForSeoBot/1.0; +https://dataforseo.com/dataforseo-bot)" 
88.198.0.126 - - [02/Nov/2021:06:42:02 -0700] "GET /self.logs/error.log.2018-04-01.gz HTTP/1.1" 200 4409 "-" "Mozilla/5.0 (compatible; DataForSeoBot/1.0; +https://dataforseo.com/dataforseo-bot)" 
88.198.0.126 - - [02/Nov/2021:06:42:17 -0700] "GET /self.logs/error.log.2017-02-06.gz HTTP/1.1" 200 1326 "-" "Mozilla/5.0 (compatible; DataForSeoBot/1.0; +https://dataforseo.com/dataforseo-bot)" 
88.198.0.126 - - [02/Nov/2021:06:42:32 -0700] "GET /self.logs/access.log.2019-12-16.gz HTTP/1.1" 200 19845 "-" "Mozilla/5.0 (compatible; DataForSeoBot/1.0; +https://dataforseo.com/dataforseo-bot)" 
88.198.0.126 - - [02/Nov/2021:06:42:47 -0700] "GET /self.logs/error.log.2018-05-10.gz HTTP/1.1" 200 3956 "-" "Mozilla/5.0 (compatible; DataForSeoBot/1.0; +https://dataforseo.com/dataforseo-bot)" 
88.198.0.126 - - [02/Nov/2021:06:43:01 -0700] "GET /self.logs/access.log.2019-01-30.gz HTTP/1.1" 200 29579 "-" "Mozilla/5.0 (compatible; DataForSeoBot/1.0; +https://dataforseo.com/dataforseo-bot)" 
88.198.0.126 - - [02/Nov/2021:06:43:16 -0700] "GET /self.logs/access.log.2017-04-30.gz HTTP/1.1" 200 11943 "-" "Mozilla/5.0 (compatible; DataForSeoBot/1.0; +https://dataforseo.com/dataforseo-bot)" 
88.198.0.126 - - [02/Nov/2021:06:43:29 -0700] "GET /self.logs/error.log.2021-02-16.gz HTTP/1.1" 200 1402 "-" "Mozilla/5.0 (compatible; DataForSeoBot/1.0; +https://dataforseo.com/dataforseo-bot)" 
88.198.0.126 - - [02/Nov/2021:06:43:42 -0700] "GET /self.logs/error.log.2020-04-26.gz HTTP/1.1" 200 1340 "-" "Mozilla/5.0 (compatible; DataForSeoBot/1.0; +https://dataforseo.com/dataforseo-bot)" 
124.128.158.36 - - [02/Nov/2021:06:43:56 -0700] "GET /self.logs/access.log.2021-08-03.gz HTTP/1.1" 200 46264 "http://www.secrepo.com/self.logs/" "Mozilla/5.0 (Windows NT 10.0; Win64; x64) AppleWebKit/537.36 (KHTML, like Gecko) Chrome/95.0.4638.54 Safari/537.36" 
88.198.0.126 - - [02/Nov/2021:06:43:56 -0700] "GET /self.logs/access.log.2020-08-22.gz HTTP/1.1" 200 11097 "-" "Mozilla/5.0 (compatible; DataForSeoBot/1.0; +https://dataforseo.com/dataforseo-bot)" 
88.198.0.126 - - [02/Nov/2021:06:44:10 -0700] "GET /self.logs/access.log.2021-09-27.gz HTTP/1.1" 200 20996 "-" "Mozilla/5.0 (compatible; DataForSeoBot/1.0; +https://dataforseo.com/dataforseo-bot)" 
88.198.0.126 - - [02/Nov/2021:06:44:24 -0700] "GET /self.logs/access.log.2019-11-07.gz HTTP/1.1" 200 24895 "-" "Mozilla/5.0 (compatible; DataForSeoBot/1.0; +https://dataforseo.com/dataforseo-bot)" 
88.198.0.126 - - [02/Nov/2021:06:44:39 -0700] "GET /self.logs/error.log.2019-03-06.gz HTTP/1.1" 200 5155 "-" "Mozilla/5.0 (compatible; DataForSeoBot/1.0; +https://dataforseo.com/dataforseo-bot)" 
88.198.0.126 - - [02/Nov/2021:06:44:53 -0700] "GET /self.logs/access.log.2021-07-16.gz HTTP/1.1" 200 12648 "-" "Mozilla/5.0 (compatible; DataForSeoBot/1.0; +https://dataforseo.com/dataforseo-bot)" 
88.198.0.126 - - [02/Nov/2021:06:45:07 -0700] "GET /self.logs/error.log.2017-12-04.gz HTTP/1.1" 200 1674 "-" "Mozilla/5.0 (compatible; DataForSeoBot/1.0; +https://dataforseo.com/dataforseo-bot)" 
88.198.0.126 - - [02/Nov/2021:06:45:19 -0700] "GET /self.logs/error.log.2020-10-11.gz HTTP/1.1" 200 871 "-" "Mozilla/5.0 (compatible; DataForSeoBot/1.0; +https://dataforseo.com/dataforseo-bot)" 
88.198.0.126 - - [02/Nov/2021:06:45:33 -0700] "GET /self.logs/error.log.2018-07-27.gz HTTP/1.1" 200 7919 "-" "Mozilla/5.0 (compatible; DataForSeoBot/1.0; +https://dataforseo.com/dataforseo-bot)" 
88.198.0.126 - - [02/Nov/2021:06:45:47 -0700] "GET /self.logs/access.log.2020-05-25.gz HTTP/1.1" 200 12193 "-" "Mozilla/5.0 (compatible; DataForSeoBot/1.0; +https://dataforseo.com/dataforseo-bot)" 
88.198.0.126 - - [02/Nov/2021:06:46:01 -0700] "GET /self.logs/access.log.2017-09-26.gz HTTP/1.1" 200 43143 "-" "Mozilla/5.0 (compatible; DataForSeoBot/1.0; +https://dataforseo.com/dataforseo-bot)" 
88.198.0.126 - - [02/Nov/2021:06:46:14 -0700] "GET /self.logs/access.log.2019-01-01.gz HTTP/1.1" 200 27882 "-" "Mozilla/5.0 (compatible; DataForSeoBot/1.0; +https://dataforseo.com/dataforseo-bot)" 
88.198.0.126 - - [02/Nov/2021:06:46:27 -0700] "GET /self.logs/error.log.2017-12-23.gz HTTP/1.1" 200 1456 "-" "Mozilla/5.0 (compatible; DataForSeoBot/1.0; +https://dataforseo.com/dataforseo-bot)" 
88.198.0.126 - - [02/Nov/2021:06:46:42 -0700] "GET /self.logs/access.log.2020-07-13.gz HTTP/1.1" 200 15552 "-" "Mozilla/5.0 (compatible; DataForSeoBot/1.0; +https://dataforseo.com/dataforseo-bot)" 
88.198.0.126 - - [02/Nov/2021:06:46:55 -0700] "GET /self.logs/error.log.2021-06-09.gz HTTP/1.1" 200 5170 "-" "Mozilla/5.0 (compatible; DataForSeoBot/1.0; +https://dataforseo.com/dataforseo-bot)" 
88.198.0.126 - - [02/Nov/2021:06:47:08 -0700] "GET /self.logs/error.log.2021-03-21.gz HTTP/1.1" 200 1562 "-" "Mozilla/5.0 (compatible; DataForSeoBot/1.0; +https://dataforseo.com/dataforseo-bot)" 
88.198.0.126 - - [02/Nov/2021:06:47:22 -0700] "GET /self.logs/error.log.2017-12-08.gz HTTP/1.1" 200 4505 "-" "Mozilla/5.0 (compatible; DataForSeoBot/1.0; +https://dataforseo.com/dataforseo-bot)" 
88.198.0.126 - - [02/Nov/2021:06:47:33 -0700] "GET /self.logs/access.log.2019-05-12.gz HTTP/1.1" 200 24364 "-" "Mozilla/5.0 (compatible; DataForSeoBot/1.0; +https://dataforseo.com/dataforseo-bot)" 
88.198.0.126 - - [02/Nov/2021:06:47:45 -0700] "GET /self.logs/access.log.2021-04-25.gz HTTP/1.1" 200 26737 "-" "Mozilla/5.0 (compatible; DataForSeoBot/1.0; +https://dataforseo.com/dataforseo-bot)" 
88.198.0.126 - - [02/Nov/2021:06:47:57 -0700] "GET /self.logs/error.log.2017-04-08.gz HTTP/1.1" 200 795 "-" "Mozilla/5.0 (compatible; DataForSeoBot/1.0; +https://dataforseo.com/dataforseo-bot)" 
88.198.0.126 - - [02/Nov/2021:06:48:08 -0700] "GET /self.logs/access.log.2019-03-23.gz HTTP/1.1" 200 27674 "-" "Mozilla/5.0 (compatible; DataForSeoBot/1.0; +https://dataforseo.com/dataforseo-bot)" 
88.198.0.126 - - [02/Nov/2021:06:48:19 -0700] "GET /self.logs/error.log.2018-02-23.gz HTTP/1.1" 200 3943 "-" "Mozilla/5.0 (compatible; DataForSeoBot/1.0; +https://dataforseo.com/dataforseo-bot)" 
88.198.0.126 - - [02/Nov/2021:06:48:29 -0700] "GET /self.logs/error.log.2020-10-07 HTTP/1.1" 200 314 "-" "Mozilla/5.0 (compatible; DataForSeoBot/1.0; +https://dataforseo.com/dataforseo-bot)" 
185.191.171.10 - - [02/Nov/2021:06:50:39 -0700] "GET /robots.txt HTTP/1.1" 200 340 "-" "Mozilla/5.0 (compatible; SemrushBot/7~bl; +http://www.semrush.com/bot.html)" 
185.191.171.8 - - [02/Nov/2021:06:50:39 -0700] "GET /Datasets%20Description/HTML_Bro_log_2 HTTP/1.1" 301 582 "-" "Mozilla/5.0 (compatible; SemrushBot/7~bl; +http://www.semrush.com/bot.html)" 
185.191.171.6 - - [02/Nov/2021:06:50:41 -0700] "GET /Datasets%20Description/HTML_Bro_log_2/ HTTP/1.1" 200 795 "-" "Mozilla/5.0 (compatible; SemrushBot/7~bl; +http://www.semrush.com/bot.html)" 
88.198.0.126 - - [02/Nov/2021:06:51:00 -0700] "GET /self.logs/error.log.2021-04-08.gz HTTP/1.1" 200 1900 "-" "Mozilla/5.0 (compatible; DataForSeoBot/1.0; +https://dataforseo.com/dataforseo-bot)" 
88.198.0.126 - - [02/Nov/2021:06:51:19 -0700] "GET /self.logs/error.log.2019-04-28.gz HTTP/1.1" 200 4231 "-" "Mozilla/5.0 (compatible; DataForSeoBot/1.0; +https://dataforseo.com/dataforseo-bot)" 
88.198.0.126 - - [02/Nov/2021:06:51:36 -0700] "GET /self.logs/access.log.2019-12-13.gz HTTP/1.1" 200 14799 "-" "Mozilla/5.0 (compatible; DataForSeoBot/1.0; +https://dataforseo.com/dataforseo-bot)" 
88.198.0.126 - - [02/Nov/2021:06:51:52 -0700] "GET /self.logs/error.log.2019-03-20.gz HTTP/1.1" 200 8655 "-" "Mozilla/5.0 (compatible; DataForSeoBot/1.0; +https://dataforseo.com/dataforseo-bot)" 
88.198.0.126 - - [02/Nov/2021:06:52:11 -0700] "GET /self.logs/error.log.2018-12-12.gz HTTP/1.1" 200 4408 "-" "Mozilla/5.0 (compatible; DataForSeoBot/1.0; +https://dataforseo.com/dataforseo-bot)" 
88.198.0.126 - - [02/Nov/2021:06:52:27 -0700] "GET /self.logs/error.log.2021-10-19.gz HTTP/1.1" 200 3266 "-" "Mozilla/5.0 (compatible; DataForSeoBot/1.0; +https://dataforseo.com/dataforseo-bot)" 
88.198.0.126 - - [02/Nov/2021:06:52:44 -0700] "GET /self.logs/error.log.2019-05-10.gz HTTP/1.1" 200 6598 "-" "Mozilla/5.0 (compatible; DataForSeoBot/1.0; +https://dataforseo.com/dataforseo-bot)" 
147.91.4.54 - - [02/Nov/2021:06:52:56 -0700] "GET / HTTP/1.1" 200 13185 "-" "Mozilla/5.0 (X11; Ubuntu; Linux x86_64; rv:93.0) Gecko/20100101 Firefox/93.0" 
147.91.4.54 - - [02/Nov/2021:06:52:57 -0700] "GET /css/style.css HTTP/1.1" 404 328 "http://www.secrepo.com/" "Mozilla/5.0 (X11; Ubuntu; Linux x86_64; rv:93.0) Gecko/20100101 Firefox/93.0" 
147.91.4.54 - - [02/Nov/2021:06:52:57 -0700] "GET /twitter-icon.png HTTP/1.1" 200 27893 "http://www.secrepo.com/" "Mozilla/5.0 (X11; Ubuntu; Linux x86_64; rv:93.0) Gecko/20100101 Firefox/93.0" 
147.91.4.54 - - [02/Nov/2021:06:52:57 -0700] "GET /GitHub-Mark.png HTTP/1.1" 200 7533 "http://www.secrepo.com/" "Mozilla/5.0 (X11; Ubuntu; Linux x86_64; rv:93.0) Gecko/20100101 Firefox/93.0" 
147.91.4.54 - - [02/Nov/2021:06:52:57 -0700] "GET /css/style.css HTTP/1.1" 404 328 "http://www.secrepo.com/" "Mozilla/5.0 (X11; Ubuntu; Linux x86_64; rv:93.0) Gecko/20100101 Firefox/93.0" 
147.91.4.54 - - [02/Nov/2021:06:52:57 -0700] "GET /bootstrap/img/favicon.ico HTTP/1.1" 200 690 "http://www.secrepo.com/" "Mozilla/5.0 (X11; Ubuntu; Linux x86_64; rv:93.0) Gecko/20100101 Firefox/93.0" 
88.198.0.126 - - [02/Nov/2021:06:53:01 -0700] "GET /self.logs/error.log.2019-01-29.gz HTTP/1.1" 200 4032 "-" "Mozilla/5.0 (compatible; DataForSeoBot/1.0; +https://dataforseo.com/dataforseo-bot)" 
52.88.170.197 - - [02/Nov/2021:06:53:03 -0700] "GET /.env HTTP/1.1" 404 519 "-" "Mozilla/5.0 (X11; Linux x86_64) AppleWebKit/537.36 (KHTML, like Gecko) Chrome/81.0.4044.129 Safari/537.36" 
88.198.0.126 - - [02/Nov/2021:06:53:15 -0700] "GET /self.logs/error.log.2019-02-13.gz HTTP/1.1" 200 3629 "-" "Mozilla/5.0 (compatible; DataForSeoBot/1.0; +https://dataforseo.com/dataforseo-bot)" 
52.88.170.197 - - [02/Nov/2021:06:53:16 -0700] "POST / HTTP/1.1" 200 13185 "-" "Mozilla/5.0 (X11; Linux x86_64) AppleWebKit/537.36 (KHTML, like Gecko) Chrome/81.0.4044.129 Safari/537.36" 
88.198.0.126 - - [02/Nov/2021:06:53:33 -0700] "GET /self.logs/error.log.2019-12-14.gz HTTP/1.1" 200 1325 "-" "Mozilla/5.0 (compatible; DataForSeoBot/1.0; +https://dataforseo.com/dataforseo-bot)" 
88.198.0.126 - - [02/Nov/2021:06:53:50 -0700] "GET /self.logs/access.log.2021-09-19.gz HTTP/1.1" 200 12717 "-" "Mozilla/5.0 (compatible; DataForSeoBot/1.0; +https://dataforseo.com/dataforseo-bot)" 
88.198.0.126 - - [02/Nov/2021:06:54:06 -0700] "GET /self.logs/error.log.2018-01-12.gz HTTP/1.1" 200 1959 "-" "Mozilla/5.0 (compatible; DataForSeoBot/1.0; +https://dataforseo.com/dataforseo-bot)" 
88.198.0.126 - - [02/Nov/2021:06:54:23 -0700] "GET /self.logs/access.log.2018-07-01.gz HTTP/1.1" 200 18691 "-" "Mozilla/5.0 (compatible; DataForSeoBot/1.0; +https://dataforseo.com/dataforseo-bot)" 
157.55.39.91 - - [02/Nov/2021:06:54:25 -0700] "GET /self.logs/error.log.2017-03-14.gz HTTP/1.1" 200 1226 "-" "Mozilla/5.0 (compatible; bingbot/2.0; +http://www.bing.com/bingbot.htm)" 
88.198.0.126 - - [02/Nov/2021:06:54:38 -0700] "GET /self.logs/access.log.2018-02-19.gz HTTP/1.1" 200 20216 "-" "Mozilla/5.0 (compatible; DataForSeoBot/1.0; +https://dataforseo.com/dataforseo-bot)" 
88.198.0.126 - - [02/Nov/2021:06:54:54 -0700] "GET /self.logs/error.log.2020-01-25 HTTP/1.1" 200 314 "-" "Mozilla/5.0 (compatible; DataForSeoBot/1.0; +https://dataforseo.com/dataforseo-bot)" 
88.198.0.126 - - [02/Nov/2021:06:55:09 -0700] "GET /self.logs/access.log.2021-01-06.gz HTTP/1.1" 200 24853 "-" "Mozilla/5.0 (compatible; DataForSeoBot/1.0; +https://dataforseo.com/dataforseo-bot)" 
88.198.0.126 - - [02/Nov/2021:06:55:25 -0700] "GET /self.logs/access.log.2017-12-06.gz HTTP/1.1" 200 32843 "-" "Mozilla/5.0 (compatible; DataForSeoBot/1.0; +https://dataforseo.com/dataforseo-bot)" 
88.198.0.126 - - [02/Nov/2021:06:55:40 -0700] "GET /self.logs/error.log.2019-01-28.gz HTTP/1.1" 200 4878 "-" "Mozilla/5.0 (compatible; DataForSeoBot/1.0; +https://dataforseo.com/dataforseo-bot)" 
88.198.0.126 - - [02/Nov/2021:06:55:56 -0700] "GET /self.logs/access.log.2017-07-30.gz HTTP/1.1" 200 15877 "-" "Mozilla/5.0 (compatible; DataForSeoBot/1.0; +https://dataforseo.com/dataforseo-bot)" 
88.198.0.126 - - [02/Nov/2021:06:56:12 -0700] "GET /self.logs/error.log.2021-09-05.gz HTTP/1.1" 200 3525 "-" "Mozilla/5.0 (compatible; DataForSeoBot/1.0; +https://dataforseo.com/dataforseo-bot)" 
88.198.0.126 - - [02/Nov/2021:06:56:29 -0700] "GET /self.logs/access.log.2017-01-10.gz HTTP/1.1" 200 96189 "-" "Mozilla/5.0 (compatible; DataForSeoBot/1.0; +https://dataforseo.com/dataforseo-bot)" 
88.198.0.126 - - [02/Nov/2021:06:56:44 -0700] "GET /self.logs/error.log.2019-01-10.gz HTTP/1.1" 200 6086 "-" "Mozilla/5.0 (compatible; DataForSeoBot/1.0; +https://dataforseo.com/dataforseo-bot)" 
88.198.0.126 - - [02/Nov/2021:06:57:01 -0700] "GET /self.logs/error.log.2018-06-14.gz HTTP/1.1" 200 7074 "-" "Mozilla/5.0 (compatible; DataForSeoBot/1.0; +https://dataforseo.com/dataforseo-bot)" 
88.198.0.126 - - [02/Nov/2021:06:57:16 -0700] "GET /self.logs/access.log.2021-09-10.gz HTTP/1.1" 200 17932 "-" "Mozilla/5.0 (compatible; DataForSeoBot/1.0; +https://dataforseo.com/dataforseo-bot)" 
88.198.0.126 - - [02/Nov/2021:06:57:34 -0700] "GET /self.logs/error.log.2019-07-05.gz HTTP/1.1" 200 2328 "-" "Mozilla/5.0 (compatible; DataForSeoBot/1.0; +https://dataforseo.com/dataforseo-bot)" 
88.198.0.126 - - [02/Nov/2021:06:57:51 -0700] "GET /self.logs/error.log.2020-03-28 HTTP/1.1" 200 314 "-" "Mozilla/5.0 (compatible; DataForSeoBot/1.0; +https://dataforseo.com/dataforseo-bot)" 
88.198.0.126 - - [02/Nov/2021:06:58:08 -0700] "GET /self.logs/access.log.2019-09-16.gz HTTP/1.1" 200 19987 "-" "Mozilla/5.0 (compatible; DataForSeoBot/1.0; +https://dataforseo.com/dataforseo-bot)" 
88.198.0.126 - - [02/Nov/2021:06:58:22 -0700] "GET /self.logs/error.log.2017-04-27.gz HTTP/1.1" 200 754 "-" "Mozilla/5.0 (compatible; DataForSeoBot/1.0; +https://dataforseo.com/dataforseo-bot)" 
88.198.0.126 - - [02/Nov/2021:06:58:37 -0700] "GET /self.logs/error.log.2017-05-30.gz HTTP/1.1" 200 868 "-" "Mozilla/5.0 (compatible; DataForSeoBot/1.0; +https://dataforseo.com/dataforseo-bot)" 
88.198.0.126 - - [02/Nov/2021:06:58:51 -0700] "GET /self.logs/error.log.2018-12-23.gz HTTP/1.1" 200 3002 "-" "Mozilla/5.0 (compatible; DataForSeoBot/1.0; +https://dataforseo.com/dataforseo-bot)" 
88.198.0.126 - - [02/Nov/2021:06:59:08 -0700] "GET /self.logs/access.log.2021-05-10.gz HTTP/1.1" 200 17757 "-" "Mozilla/5.0 (compatible; DataForSeoBot/1.0; +https://dataforseo.com/dataforseo-bot)" 
88.198.0.126 - - [02/Nov/2021:06:59:25 -0700] "GET /self.logs/access.log.2019-06-26.gz HTTP/1.1" 200 35035 "-" "Mozilla/5.0 (compatible; DataForSeoBot/1.0; +https://dataforseo.com/dataforseo-bot)" 
88.198.0.126 - - [02/Nov/2021:06:59:40 -0700] "GET /self.logs/error.log.2017-07-12.gz HTTP/1.1" 200 940 "-" "Mozilla/5.0 (compatible; DataForSeoBot/1.0; +https://dataforseo.com/dataforseo-bot)" 
88.198.0.126 - - [02/Nov/2021:06:59:54 -0700] "GET /self.logs/access.log.2020-04-09.gz HTTP/1.1" 200 18969 "-" "Mozilla/5.0 (compatible; DataForSeoBot/1.0; +https://dataforseo.com/dataforseo-bot)" 
216.244.66.245 - - [02/Nov/2021:06:59:57 -0700] "GET /robots.txt HTTP/1.1" 200 333 "-" "Mozilla/5.0 (compatible; DotBot/1.2; +https://opensiteexplorer.org/dotbot; help@moz.com)" 
88.198.0.126 - - [02/Nov/2021:07:00:11 -0700] "GET /self.logs/error.log.2017-04-07.gz HTTP/1.1" 200 885 "-" "Mozilla/5.0 (compatible; DataForSeoBot/1.0; +https://dataforseo.com/dataforseo-bot)" 
88.198.0.126 - - [02/Nov/2021:07:00:24 -0700] "GET /self.logs/access.log.2019-04-21.gz HTTP/1.1" 200 20269 "-" "Mozilla/5.0 (compatible; DataForSeoBot/1.0; +https://dataforseo.com/dataforseo-bot)" 
88.198.0.126 - - [02/Nov/2021:07:00:38 -0700] "GET /self.logs/error.log.2017-04-19.gz HTTP/1.1" 200 985 "-" "Mozilla/5.0 (compatible; DataForSeoBot/1.0; +https://dataforseo.com/dataforseo-bot)" 
88.198.0.126 - - [02/Nov/2021:07:00:53 -0700] "GET /self.logs/error.log.2017-09-17.gz HTTP/1.1" 200 1974 "-" "Mozilla/5.0 (compatible; DataForSeoBot/1.0; +https://dataforseo.com/dataforseo-bot)" 
88.198.0.126 - - [02/Nov/2021:07:01:08 -0700] "GET /self.logs/access.log.2019-03-18.gz HTTP/1.1" 200 27243 "-" "Mozilla/5.0 (compatible; DataForSeoBot/1.0; +https://dataforseo.com/dataforseo-bot)" 
88.198.0.126 - - [02/Nov/2021:07:01:21 -0700] "GET /self.logs/access.log.2018-04-05.gz HTTP/1.1" 200 24410 "-" "Mozilla/5.0 (compatible; DataForSeoBot/1.0; +https://dataforseo.com/dataforseo-bot)" 
88.198.0.126 - - [02/Nov/2021:07:01:24 -0700] "GET /self.logs/access.log.2019-12-03.gz HTTP/1.1" 200 40275 "-" "Mozilla/5.0 (compatible; DataForSeoBot/1.0; +https://dataforseo.com/dataforseo-bot)" 
88.198.0.126 - - [02/Nov/2021:07:01:39 -0700] "GET /self.logs/access.log.2018-02-25.gz HTTP/1.1" 200 29624 "-" "Mozilla/5.0 (compatible; DataForSeoBot/1.0; +https://dataforseo.com/dataforseo-bot)" 
88.198.0.126 - - [02/Nov/2021:07:01:53 -0700] "GET /self.logs/error.log.2017-02-24.gz HTTP/1.1" 200 944 "-" "Mozilla/5.0 (compatible; DataForSeoBot/1.0; +https://dataforseo.com/dataforseo-bot)" 
88.198.0.126 - - [02/Nov/2021:07:02:08 -0700] "GET /self.logs/access.log.2017-06-06.gz HTTP/1.1" 200 31679 "-" "Mozilla/5.0 (compatible; DataForSeoBot/1.0; +https://dataforseo.com/dataforseo-bot)" 
88.198.0.126 - - [02/Nov/2021:07:02:21 -0700] "GET /self.logs/error.log.2018-11-11.gz HTTP/1.1" 200 4175 "-" "Mozilla/5.0 (compatible; DataForSeoBot/1.0; +https://dataforseo.com/dataforseo-bot)" 
88.198.0.126 - - [02/Nov/2021:07:02:36 -0700] "GET /self.logs/error.log.2017-07-02.gz HTTP/1.1" 200 768 "-" "Mozilla/5.0 (compatible; DataForSeoBot/1.0; +https://dataforseo.com/dataforseo-bot)" 
88.198.0.126 - - [02/Nov/2021:07:02:50 -0700] "GET /self.logs/error.log.2020-10-23 HTTP/1.1" 200 314 "-" "Mozilla/5.0 (compatible; DataForSeoBot/1.0; +https://dataforseo.com/dataforseo-bot)" 
88.198.0.126 - - [02/Nov/2021:07:03:04 -0700] "GET /self.logs/error.log.2021-03-04.gz HTTP/1.1" 200 1679 "-" "Mozilla/5.0 (compatible; DataForSeoBot/1.0; +https://dataforseo.com/dataforseo-bot)" 
88.198.0.126 - - [02/Nov/2021:07:03:17 -0700] "GET /self.logs/access.log.2021-09-25.gz HTTP/1.1" 200 11343 "-" "Mozilla/5.0 (compatible; DataForSeoBot/1.0; +https://dataforseo.com/dataforseo-bot)" 
88.198.0.126 - - [02/Nov/2021:07:03:30 -0700] "GET /self.logs/access.log.2020-08-25.gz HTTP/1.1" 200 9441 "-" "Mozilla/5.0 (compatible; DataForSeoBot/1.0; +https://dataforseo.com/dataforseo-bot)" 
88.198.0.126 - - [02/Nov/2021:07:03:44 -0700] "GET /self.logs/access.log.2019-03-31.gz HTTP/1.1" 200 20183 "-" "Mozilla/5.0 (compatible; DataForSeoBot/1.0; +https://dataforseo.com/dataforseo-bot)" 
88.198.0.126 - - [02/Nov/2021:07:03:59 -0700] "GET /self.logs/error.log.2018-02-27.gz HTTP/1.1" 200 3797 "-" "Mozilla/5.0 (compatible; DataForSeoBot/1.0; +https://dataforseo.com/dataforseo-bot)" 
88.198.0.126 - - [02/Nov/2021:07:04:14 -0700] "GET /self.logs/access.log.2017-11-21.gz HTTP/1.1" 200 42994 "-" "Mozilla/5.0 (compatible; DataForSeoBot/1.0; +https://dataforseo.com/dataforseo-bot)" 
88.198.0.126 - - [02/Nov/2021:07:04:27 -0700] "GET /self.logs/error.log.2017-03-19.gz HTTP/1.1" 200 1002 "-" "Mozilla/5.0 (compatible; DataForSeoBot/1.0; +https://dataforseo.com/dataforseo-bot)" 
49.7.20.102 - - [02/Nov/2021:07:04:33 -0700] "GET / HTTP/1.1" 200 13148 "-" "Sogou web spider/4.0(+http://www.sogou.com/docs/help/webmasters.htm#07)" 
88.198.0.126 - - [02/Nov/2021:07:04:41 -0700] "GET /self.logs/error.log.2017-08-07.gz HTTP/1.1" 200 913 "-" "Mozilla/5.0 (compatible; DataForSeoBot/1.0; +https://dataforseo.com/dataforseo-bot)" 
88.198.0.126 - - [02/Nov/2021:07:04:56 -0700] "GET /self.logs/access.log.2017-04-20.gz HTTP/1.1" 200 16672 "-" "Mozilla/5.0 (compatible; DataForSeoBot/1.0; +https://dataforseo.com/dataforseo-bot)" 
88.198.0.126 - - [02/Nov/2021:07:05:11 -0700] "GET /self.logs/access.log.2018-04-06.gz HTTP/1.1" 200 27163 "-" "Mozilla/5.0 (compatible; DataForSeoBot/1.0; +https://dataforseo.com/dataforseo-bot)" 
88.198.0.126 - - [02/Nov/2021:07:05:25 -0700] "GET /self.logs/error.log.2017-03-24.gz HTTP/1.1" 200 1050 "-" "Mozilla/5.0 (compatible; DataForSeoBot/1.0; +https://dataforseo.com/dataforseo-bot)" 
88.198.0.126 - - [02/Nov/2021:07:05:37 -0700] "GET /self.logs/access.log.2020-05-09.gz HTTP/1.1" 200 13782 "-" "Mozilla/5.0 (compatible; DataForSeoBot/1.0; +https://dataforseo.com/dataforseo-bot)" 
88.198.0.126 - - [02/Nov/2021:07:05:51 -0700] "GET /self.logs/access.log.2017-12-10.gz HTTP/1.1" 200 21663 "-" "Mozilla/5.0 (compatible; DataForSeoBot/1.0; +https://dataforseo.com/dataforseo-bot)" 
88.198.0.126 - - [02/Nov/2021:07:06:03 -0700] "GET /self.logs/error.log.2017-09-08.gz HTTP/1.1" 200 915 "-" "Mozilla/5.0 (compatible; DataForSeoBot/1.0; +https://dataforseo.com/dataforseo-bot)" 
216.244.66.245 - - [02/Nov/2021:07:06:04 -0700] "GET /self.logs/access.log.2020-01-21.gz HTTP/1.1" 200 16145 "-" "Mozilla/5.0 (compatible; DotBot/1.2; +https://opensiteexplorer.org/dotbot; help@moz.com)" 
216.244.66.245 - - [02/Nov/2021:07:06:08 -0700] "GET /self.logs/access.log.2020-04-30.gz HTTP/1.1" 200 18331 "-" "Mozilla/5.0 (compatible; DotBot/1.2; +https://opensiteexplorer.org/dotbot; help@moz.com)" 
216.244.66.245 - - [02/Nov/2021:07:06:12 -0700] "GET /self.logs/access.log.2020-06-19.gz HTTP/1.1" 200 11598 "-" "Mozilla/5.0 (compatible; DotBot/1.2; +https://opensiteexplorer.org/dotbot; help@moz.com)" 
88.198.0.126 - - [02/Nov/2021:07:06:17 -0700] "GET /self.logs/access.log.2020-09-25.gz HTTP/1.1" 200 18528 "-" "Mozilla/5.0 (compatible; DataForSeoBot/1.0; +https://dataforseo.com/dataforseo-bot)" 
88.198.0.126 - - [02/Nov/2021:07:06:30 -0700] "GET /self.logs/error.log.2019-10-18.gz HTTP/1.1" 200 2332 "-" "Mozilla/5.0 (compatible; DataForSeoBot/1.0; +https://dataforseo.com/dataforseo-bot)" 
216.244.66.245 - - [02/Nov/2021:07:06:42 -0700] "GET /self.logs/error.log.2019-07-06.gz HTTP/1.1" 200 1919 "-" "Mozilla/5.0 (compatible; DotBot/1.2; +https://opensiteexplorer.org/dotbot; help@moz.com)" 
216.244.66.245 - - [02/Nov/2021:07:06:45 -0700] "GET /self.logs/error.log.2019-10-20.gz HTTP/1.1" 200 1745 "-" "Mozilla/5.0 (compatible; DotBot/1.2; +https://opensiteexplorer.org/dotbot; help@moz.com)" 
88.198.0.126 - - [02/Nov/2021:07:06:45 -0700] "GET /self.logs/error.log.2021-03-09.gz HTTP/1.1" 200 2216 "-" "Mozilla/5.0 (compatible; DataForSeoBot/1.0; +https://dataforseo.com/dataforseo-bot)" 
88.198.0.126 - - [02/Nov/2021:07:06:57 -0700] "GET /self.logs/error.log.2017-10-07.gz HTTP/1.1" 200 2755 "-" "Mozilla/5.0 (compatible; DataForSeoBot/1.0; +https://dataforseo.com/dataforseo-bot)" 
88.198.0.126 - - [02/Nov/2021:07:07:00 -0700] "GET /self.logs/error.log.2017-12-06.gz HTTP/1.1" 200 3076 "-" "Mozilla/5.0 (compatible; DataForSeoBot/1.0; +https://dataforseo.com/dataforseo-bot)" 
88.198.0.126 - - [02/Nov/2021:07:07:13 -0700] "GET /self.logs/access.log.2021-06-05.gz HTTP/1.1" 200 29005 "-" "Mozilla/5.0 (compatible; DataForSeoBot/1.0; +https://dataforseo.com/dataforseo-bot)" 
88.198.0.126 - - [02/Nov/2021:07:07:26 -0700] "GET /self.logs/access.log.2019-08-05.gz HTTP/1.1" 200 21913 "-" "Mozilla/5.0 (compatible; DataForSeoBot/1.0; +https://dataforseo.com/dataforseo-bot)" 
216.244.66.245 - - [02/Nov/2021:07:07:39 -0700] "GET /self.logs/error.log.2019-12-08 HTTP/1.1" 200 307 "-" "Mozilla/5.0 (compatible; DotBot/1.2; +https://opensiteexplorer.org/dotbot; help@moz.com)" 
88.198.0.126 - - [02/Nov/2021:07:07:39 -0700] "GET /self.logs/access.log.2020-10-23.gz HTTP/1.1" 200 13227 "-" "Mozilla/5.0 (compatible; DataForSeoBot/1.0; +https://dataforseo.com/dataforseo-bot)" 
216.244.66.245 - - [02/Nov/2021:07:07:41 -0700] "GET /self.logs/error.log.2019-12-28.gz HTTP/1.1" 200 828 "-" "Mozilla/5.0 (compatible; DotBot/1.2; +https://opensiteexplorer.org/dotbot; help@moz.com)" 
216.244.66.245 - - [02/Nov/2021:07:07:43 -0700] "GET /self.logs/error.log.2020-01-23 HTTP/1.1" 200 307 "-" "Mozilla/5.0 (compatible; DotBot/1.2; +https://opensiteexplorer.org/dotbot; help@moz.com)" 
216.244.66.245 - - [02/Nov/2021:07:07:44 -0700] "GET /self.logs/error.log.2020-04-14.gz HTTP/1.1" 200 2686 "-" "Mozilla/5.0 (compatible; DotBot/1.2; +https://opensiteexplorer.org/dotbot; help@moz.com)" 
88.198.0.126 - - [02/Nov/2021:07:07:52 -0700] "GET /self.logs/error.log.2019-12-05.gz HTTP/1.1" 200 1089 "-" "Mozilla/5.0 (compatible; DataForSeoBot/1.0; +https://dataforseo.com/dataforseo-bot)" 
88.198.0.126 - - [02/Nov/2021:07:08:05 -0700] "GET /self.logs/access.log.2018-09-24.gz HTTP/1.1" 200 23533 "-" "Mozilla/5.0 (compatible; DataForSeoBot/1.0; +https://dataforseo.com/dataforseo-bot)" 
88.198.0.126 - - [02/Nov/2021:07:08:17 -0700] "GET /self.logs/error.log.2021-04-24.gz HTTP/1.1" 200 3611 "-" "Mozilla/5.0 (compatible; DataForSeoBot/1.0; +https://dataforseo.com/dataforseo-bot)" 
88.198.0.126 - - [02/Nov/2021:07:08:29 -0700] "GET /self.logs/access.log.2017-01-14.gz HTTP/1.1" 200 10820 "-" "Mozilla/5.0 (compatible; DataForSeoBot/1.0; +https://dataforseo.com/dataforseo-bot)" 
88.198.0.126 - - [02/Nov/2021:07:08:33 -0700] "GET /self.logs/access.log.2017-03-11.gz HTTP/1.1" 200 14760 "-" "Mozilla/5.0 (compatible; DataForSeoBot/1.0; +https://dataforseo.com/dataforseo-bot)" 
88.198.0.126 - - [02/Nov/2021:07:08:43 -0700] "GET /self.logs/error.log.2017-07-10.gz HTTP/1.1" 200 697 "-" "Mozilla/5.0 (compatible; DataForSeoBot/1.0; +https://dataforseo.com/dataforseo-bot)" 
88.198.0.126 - - [02/Nov/2021:07:08:54 -0700] "GET /self.logs/access.log.2019-09-25.gz HTTP/1.1" 200 17907 "-" "Mozilla/5.0 (compatible; DataForSeoBot/1.0; +https://dataforseo.com/dataforseo-bot)" 
88.198.0.126 - - [02/Nov/2021:07:09:07 -0700] "GET /self.logs/error.log.2021-01-16 HTTP/1.1" 200 314 "-" "Mozilla/5.0 (compatible; DataForSeoBot/1.0; +https://dataforseo.com/dataforseo-bot)" 
88.198.0.126 - - [02/Nov/2021:07:09:16 -0700] "GET /self.logs/error.log.2020-10-14 HTTP/1.1" 200 314 "-" "Mozilla/5.0 (compatible; DataForSeoBot/1.0; +https://dataforseo.com/dataforseo-bot)" 
88.198.0.126 - - [02/Nov/2021:07:09:26 -0700] "GET /self.logs/error.log.2018-05-25.gz HTTP/1.1" 200 6528 "-" "Mozilla/5.0 (compatible; DataForSeoBot/1.0; +https://dataforseo.com/dataforseo-bot)" 
88.198.0.126 - - [02/Nov/2021:07:09:35 -0700] "GET /self.logs/access.log.2020-10-13.gz HTTP/1.1" 200 15154 "-" "Mozilla/5.0 (compatible; DataForSeoBot/1.0; +https://dataforseo.com/dataforseo-bot)" 
216.244.66.245 - - [02/Nov/2021:07:09:54 -0700] "GET /self.logs/?C=S;O=A HTTP/1.1" 200 327100 "-" "Mozilla/5.0 (compatible; DotBot/1.2; +https://opensiteexplorer.org/dotbot; help@moz.com)" 
88.198.0.126 - - [02/Nov/2021:07:12:04 -0700] "GET /self.logs/access.log.2020-04-08.gz HTTP/1.1" 200 18769 "-" "Mozilla/5.0 (compatible; DataForSeoBot/1.0; +https://dataforseo.com/dataforseo-bot)" 
88.198.0.126 - - [02/Nov/2021:07:12:19 -0700] "GET /self.logs/access.log.2017-03-01.gz HTTP/1.1" 200 20708 "-" "Mozilla/5.0 (compatible; DataForSeoBot/1.0; +https://dataforseo.com/dataforseo-bot)" 
88.198.0.126 - - [02/Nov/2021:07:12:34 -0700] "GET /self.logs/error.log.2018-03-20.gz HTTP/1.1" 200 4591 "-" "Mozilla/5.0 (compatible; DataForSeoBot/1.0; +https://dataforseo.com/dataforseo-bot)" 
88.198.0.126 - - [02/Nov/2021:07:12:50 -0700] "GET /self.logs/error.log.2019-03-19.gz HTTP/1.1" 200 5409 "-" "Mozilla/5.0 (compatible; DataForSeoBot/1.0; +https://dataforseo.com/dataforseo-bot)" 
88.198.0.126 - - [02/Nov/2021:07:13:05 -0700] "GET /self.logs/error.log.2017-07-24.gz HTTP/1.1" 200 1052 "-" "Mozilla/5.0 (compatible; DataForSeoBot/1.0; +https://dataforseo.com/dataforseo-bot)" 
