88.198.0.126 - - [02/Nov/2021:04:09:44 -0700] "GET /self.logs/access.log.2019-10-19.gz HTTP/1.1" 200 16415 "-" "Mozilla/5.0 (compatible; DataForSeoBot/1.0; +https://dataforseo.com/dataforseo-bot)" 
88.198.0.126 - - [02/Nov/2021:04:10:03 -0700] "GET /self.logs/error.log.2020-08-18 HTTP/1.1" 200 314 "-" "Mozilla/5.0 (compatible; DataForSeoBot/1.0; +https://dataforseo.com/dataforseo-bot)" 
88.198.0.126 - - [02/Nov/2021:04:10:23 -0700] "GET /self.logs/error.log.2017-01-17.gz HTTP/1.1" 200 934 "-" "Mozilla/5.0 (compatible; DataForSeoBot/1.0; +https://dataforseo.com/dataforseo-bot)" 
88.198.0.126 - - [02/Nov/2021:04:10:42 -0700] "GET /self.logs/error.log.2020-08-09 HTTP/1.1" 200 314 "-" "Mozilla/5.0 (compatible; DataForSeoBot/1.0; +https://dataforseo.com/dataforseo-bot)" 
88.198.0.126 - - [02/Nov/2021:04:11:02 -0700] "GET /self.logs/error.log.2018-08-29.gz HTTP/1.1" 200 9407 "-" "Mozilla/5.0 (compatible; DataForSeoBot/1.0; +https://dataforseo.com/dataforseo-bot)" 
51.222.253.18 - - [02/Nov/2021:04:11:03 -0700] "GET /self.logs/?C=M;O=A HTTP/1.1" 200 33822 "-" "Mozilla/5.0 (compatible; AhrefsBot/7.0; +http://ahrefs.com/robot/)" 
88.198.0.126 - - [02/Nov/2021:04:11:18 -0700] "GET /self.logs/access.log.2021-07-22.gz HTTP/1.1" 200 25686 "-" "Mozilla/5.0 (compatible; DataForSeoBot/1.0; +https://dataforseo.com/dataforseo-bot)" 
88.198.0.126 - - [02/Nov/2021:04:11:37 -0700] "GET /self.logs/error.log.2017-07-20.gz HTTP/1.1" 200 909 "-" "Mozilla/5.0 (compatible; DataForSeoBot/1.0; +https://dataforseo.com/dataforseo-bot)" 
88.198.0.126 - - [02/Nov/2021:04:11:55 -0700] "GET /self.logs/access.log.2020-11-21.gz HTTP/1.1" 200 22968 "-" "Mozilla/5.0 (compatible; DataForSeoBot/1.0; +https://dataforseo.com/dataforseo-bot)" 
88.198.0.126 - - [02/Nov/2021:04:12:14 -0700] "GET /self.logs/access.log.2019-02-06.gz HTTP/1.1" 200 22365 "-" "Mozilla/5.0 (compatible; DataForSeoBot/1.0; +https://dataforseo.com/dataforseo-bot)" 
88.198.0.126 - - [02/Nov/2021:04:12:30 -0700] "GET /self.logs/error.log.2020-10-02.gz HTTP/1.1" 200 746 "-" "Mozilla/5.0 (compatible; DataForSeoBot/1.0; +https://dataforseo.com/dataforseo-bot)" 
88.198.0.126 - - [02/Nov/2021:04:12:48 -0700] "GET /self.logs/error.log.2018-11-25.gz HTTP/1.1" 200 3854 "-" "Mozilla/5.0 (compatible; DataForSeoBot/1.0; +https://dataforseo.com/dataforseo-bot)" 
88.198.0.126 - - [02/Nov/2021:04:13:07 -0700] "GET /self.logs/access.log.2020-11-20.gz HTTP/1.1" 200 12404 "-" "Mozilla/5.0 (compatible; DataForSeoBot/1.0; +https://dataforseo.com/dataforseo-bot)" 
88.198.0.126 - - [02/Nov/2021:04:13:24 -0700] "GET /self.logs/access.log.2019-10-15.gz HTTP/1.1" 200 19683 "-" "Mozilla/5.0 (compatible; DataForSeoBot/1.0; +https://dataforseo.com/dataforseo-bot)" 
88.198.0.126 - - [02/Nov/2021:04:13:41 -0700] "GET /self.logs/error.log.2021-07-04.gz HTTP/1.1" 200 981 "-" "Mozilla/5.0 (compatible; DataForSeoBot/1.0; +https://dataforseo.com/dataforseo-bot)" 
88.198.0.126 - - [02/Nov/2021:04:14:00 -0700] "GET /self.logs/error.log.2018-03-14.gz HTTP/1.1" 200 4650 "-" "Mozilla/5.0 (compatible; DataForSeoBot/1.0; +https://dataforseo.com/dataforseo-bot)" 
88.198.0.126 - - [02/Nov/2021:04:14:17 -0700] "GET /self.logs/error.log.2019-09-08.gz HTTP/1.1" 200 1578 "-" "Mozilla/5.0 (compatible; DataForSeoBot/1.0; +https://dataforseo.com/dataforseo-bot)" 
88.198.0.126 - - [02/Nov/2021:04:14:35 -0700] "GET /self.logs/access.log.2017-01-28.gz HTTP/1.1" 200 17552 "-" "Mozilla/5.0 (compatible; DataForSeoBot/1.0; +https://dataforseo.com/dataforseo-bot)" 
88.198.0.126 - - [02/Nov/2021:04:14:53 -0700] "GET /self.logs/error.log.2018-01-16.gz HTTP/1.1" 200 5679 "-" "Mozilla/5.0 (compatible; DataForSeoBot/1.0; +https://dataforseo.com/dataforseo-bot)" 
88.198.0.126 - - [02/Nov/2021:04:15:09 -0700] "GET /self.logs/error.log.2021-04-26.gz HTTP/1.1" 200 6579 "-" "Mozilla/5.0 (compatible; DataForSeoBot/1.0; +https://dataforseo.com/dataforseo-bot)" 
88.198.0.126 - - [02/Nov/2021:04:15:26 -0700] "GET /self.logs/error.log.2018-01-21.gz HTTP/1.1" 200 1917 "-" "Mozilla/5.0 (compatible; DataForSeoBot/1.0; +https://dataforseo.com/dataforseo-bot)" 
88.198.0.126 - - [02/Nov/2021:04:15:44 -0700] "GET /self.logs/access.log.2020-08-21.gz HTTP/1.1" 200 45321 "-" "Mozilla/5.0 (compatible; DataForSeoBot/1.0; +https://dataforseo.com/dataforseo-bot)" 
88.198.0.126 - - [02/Nov/2021:04:16:02 -0700] "GET /self.logs/error.log.2019-04-11.gz HTTP/1.1" 200 7519 "-" "Mozilla/5.0 (compatible; DataForSeoBot/1.0; +https://dataforseo.com/dataforseo-bot)" 
88.198.0.126 - - [02/Nov/2021:04:16:20 -0700] "GET /self.logs/error.log.2017-10-20.gz HTTP/1.1" 200 4521 "-" "Mozilla/5.0 (compatible; DataForSeoBot/1.0; +https://dataforseo.com/dataforseo-bot)" 
88.198.0.126 - - [02/Nov/2021:04:16:38 -0700] "GET /self.logs/error.log.2018-03-18.gz HTTP/1.1" 200 7267 "-" "Mozilla/5.0 (compatible; DataForSeoBot/1.0; +https://dataforseo.com/dataforseo-bot)" 
88.198.0.126 - - [02/Nov/2021:04:16:56 -0700] "GET /self.logs/error.log.2017-03-10.gz HTTP/1.1" 200 946 "-" "Mozilla/5.0 (compatible; DataForSeoBot/1.0; +https://dataforseo.com/dataforseo-bot)" 
88.198.0.126 - - [02/Nov/2021:04:17:14 -0700] "GET /self.logs/access.log.2017-01-05.gz HTTP/1.1" 200 42673 "-" "Mozilla/5.0 (compatible; DataForSeoBot/1.0; +https://dataforseo.com/dataforseo-bot)" 
88.198.0.126 - - [02/Nov/2021:04:17:32 -0700] "GET /self.logs/error.log.2018-04-13.gz HTTP/1.1" 200 5596 "-" "Mozilla/5.0 (compatible; DataForSeoBot/1.0; +https://dataforseo.com/dataforseo-bot)" 
157.55.39.53 - - [02/Nov/2021:04:17:44 -0700] "GET / HTTP/1.1" 301 475 "-" "Mozilla/5.0 (compatible; bingbot/2.0; +http://www.bing.com/bingbot.htm)" 
88.198.0.126 - - [02/Nov/2021:04:17:50 -0700] "GET /self.logs/error.log.2017-06-25.gz HTTP/1.1" 200 810 "-" "Mozilla/5.0 (compatible; DataForSeoBot/1.0; +https://dataforseo.com/dataforseo-bot)" 
88.198.0.126 - - [02/Nov/2021:04:18:06 -0700] "GET /self.logs/error.log.2018-12-14.gz HTTP/1.1" 200 3820 "-" "Mozilla/5.0 (compatible; DataForSeoBot/1.0; +https://dataforseo.com/dataforseo-bot)" 
88.198.0.126 - - [02/Nov/2021:04:18:24 -0700] "GET /self.logs/access.log.2018-03-05.gz HTTP/1.1" 200 21230 "-" "Mozilla/5.0 (compatible; DataForSeoBot/1.0; +https://dataforseo.com/dataforseo-bot)" 
88.198.0.126 - - [02/Nov/2021:04:18:41 -0700] "GET /self.logs/access.log.2021-06-22.gz HTTP/1.1" 200 17676 "-" "Mozilla/5.0 (compatible; DataForSeoBot/1.0; +https://dataforseo.com/dataforseo-bot)" 
88.198.0.126 - - [02/Nov/2021:04:18:58 -0700] "GET /self.logs/error.log.2018-05-08.gz HTTP/1.1" 200 5662 "-" "Mozilla/5.0 (compatible; DataForSeoBot/1.0; +https://dataforseo.com/dataforseo-bot)" 
88.198.0.126 - - [02/Nov/2021:04:19:16 -0700] "GET /self.logs/error.log.2019-01-22.gz HTTP/1.1" 200 3790 "-" "Mozilla/5.0 (compatible; DataForSeoBot/1.0; +https://dataforseo.com/dataforseo-bot)" 
172.247.34.128 - - [02/Nov/2021:04:19:30 -0700] "GET /robots.txt HTTP/1.1" 200 377 "-" "Mozilla/5.0 (Windows NT 10.0; WOW64; rv:48.0) Gecko/20100101 Firefox/48.0" 
88.198.0.126 - - [02/Nov/2021:04:19:32 -0700] "GET /self.logs/error.log.2019-04-14.gz HTTP/1.1" 200 5594 "-" "Mozilla/5.0 (compatible; DataForSeoBot/1.0; +https://dataforseo.com/dataforseo-bot)" 
88.198.0.126 - - [02/Nov/2021:04:19:50 -0700] "GET /self.logs/error.log.2021-01-05 HTTP/1.1" 200 314 "-" "Mozilla/5.0 (compatible; DataForSeoBot/1.0; +https://dataforseo.com/dataforseo-bot)" 
49.7.20.105 - - [02/Nov/2021:04:19:53 -0700] "GET / HTTP/1.1" 200 13148 "-" "Sogou web spider/4.0(+http://www.sogou.com/docs/help/webmasters.htm#07)" 
88.198.0.126 - - [02/Nov/2021:04:20:07 -0700] "GET /self.logs/error.log.2020-10-10 HTTP/1.1" 200 314 "-" "Mozilla/5.0 (compatible; DataForSeoBot/1.0; +https://dataforseo.com/dataforseo-bot)" 
88.198.0.126 - - [02/Nov/2021:04:20:25 -0700] "GET /self.logs/access.log.2017-06-12.gz HTTP/1.1" 200 23524 "-" "Mozilla/5.0 (compatible; DataForSeoBot/1.0; +https://dataforseo.com/dataforseo-bot)" 
88.198.0.126 - - [02/Nov/2021:04:20:41 -0700] "GET /self.logs/access.log.2018-12-25.gz HTTP/1.1" 200 33935 "-" "Mozilla/5.0 (compatible; DataForSeoBot/1.0; +https://dataforseo.com/dataforseo-bot)" 
88.198.0.126 - - [02/Nov/2021:04:20:58 -0700] "GET /self.logs/error.log.2021-06-11.gz HTTP/1.1" 200 7173 "-" "Mozilla/5.0 (compatible; DataForSeoBot/1.0; +https://dataforseo.com/dataforseo-bot)" 
88.198.0.126 - - [02/Nov/2021:04:21:16 -0700] "GET /self.logs/error.log.2020-12-28 HTTP/1.1" 200 314 "-" "Mozilla/5.0 (compatible; DataForSeoBot/1.0; +https://dataforseo.com/dataforseo-bot)" 
88.198.0.126 - - [02/Nov/2021:04:21:33 -0700] "GET /self.logs/error.log.2018-04-15.gz HTTP/1.1" 200 4919 "-" "Mozilla/5.0 (compatible; DataForSeoBot/1.0; +https://dataforseo.com/dataforseo-bot)" 
157.55.39.178 - - [02/Nov/2021:04:21:42 -0700] "GET /self.logs/error.log.2017-12-12.gz HTTP/1.1" 200 1866 "-" "Mozilla/5.0 (compatible; bingbot/2.0; +http://www.bing.com/bingbot.htm)" 
88.198.0.126 - - [02/Nov/2021:04:21:50 -0700] "GET /self.logs/error.log.2017-02-04.gz HTTP/1.1" 200 966 "-" "Mozilla/5.0 (compatible; DataForSeoBot/1.0; +https://dataforseo.com/dataforseo-bot)" 
88.198.0.126 - - [02/Nov/2021:04:22:06 -0700] "GET /self.logs/error.log.2020-08-25 HTTP/1.1" 200 314 "-" "Mozilla/5.0 (compatible; DataForSeoBot/1.0; +https://dataforseo.com/dataforseo-bot)" 
88.198.0.126 - - [02/Nov/2021:04:22:22 -0700] "GET /self.logs/error.log.2018-12-27.gz HTTP/1.1" 200 5493 "-" "Mozilla/5.0 (compatible; DataForSeoBot/1.0; +https://dataforseo.com/dataforseo-bot)" 
88.198.0.126 - - [02/Nov/2021:04:22:39 -0700] "GET /self.logs/access.log.2019-01-03.gz HTTP/1.1" 200 24120 "-" "Mozilla/5.0 (compatible; DataForSeoBot/1.0; +https://dataforseo.com/dataforseo-bot)" 
88.198.0.126 - - [02/Nov/2021:04:22:56 -0700] "GET /self.logs/error.log.2019-12-13.gz HTTP/1.1" 200 1035 "-" "Mozilla/5.0 (compatible; DataForSeoBot/1.0; +https://dataforseo.com/dataforseo-bot)" 
88.198.0.126 - - [02/Nov/2021:04:23:13 -0700] "GET /self.logs/error.log.2018-01-10.gz HTTP/1.1" 200 2257 "-" "Mozilla/5.0 (compatible; DataForSeoBot/1.0; +https://dataforseo.com/dataforseo-bot)" 
88.198.0.126 - - [02/Nov/2021:04:23:28 -0700] "GET /self.logs/access.log.2018-04-12.gz HTTP/1.1" 200 21401 "-" "Mozilla/5.0 (compatible; DataForSeoBot/1.0; +https://dataforseo.com/dataforseo-bot)" 
88.198.0.126 - - [02/Nov/2021:04:23:45 -0700] "GET /self.logs/access.log.2021-02-25.gz HTTP/1.1" 200 19834 "-" "Mozilla/5.0 (compatible; DataForSeoBot/1.0; +https://dataforseo.com/dataforseo-bot)" 
51.222.253.11 - - [02/Nov/2021:04:24:01 -0700] "GET /self.logs/access.log.2021-09-17.gz HTTP/1.1" 200 15110 "-" "Mozilla/5.0 (compatible; AhrefsBot/7.0; +http://ahrefs.com/robot/)" 
88.198.0.126 - - [02/Nov/2021:04:24:04 -0700] "GET /self.logs/error.log.2017-06-30.gz HTTP/1.1" 200 1271 "-" "Mozilla/5.0 (compatible; DataForSeoBot/1.0; +https://dataforseo.com/dataforseo-bot)" 
88.198.0.126 - - [02/Nov/2021:04:24:21 -0700] "GET /self.logs/access.log.2018-07-24.gz HTTP/1.1" 200 26111 "-" "Mozilla/5.0 (compatible; DataForSeoBot/1.0; +https://dataforseo.com/dataforseo-bot)" 
88.198.0.126 - - [02/Nov/2021:04:24:39 -0700] "GET /self.logs/access.log.2018-05-27.gz HTTP/1.1" 200 27442 "-" "Mozilla/5.0 (compatible; DataForSeoBot/1.0; +https://dataforseo.com/dataforseo-bot)" 
88.198.0.126 - - [02/Nov/2021:04:24:57 -0700] "GET /self.logs/error.log.2020-09-06 HTTP/1.1" 200 314 "-" "Mozilla/5.0 (compatible; DataForSeoBot/1.0; +https://dataforseo.com/dataforseo-bot)" 
88.198.0.126 - - [02/Nov/2021:04:25:13 -0700] "GET /self.logs/access.log.2021-06-26.gz HTTP/1.1" 200 17106 "-" "Mozilla/5.0 (compatible; DataForSeoBot/1.0; +https://dataforseo.com/dataforseo-bot)" 
49.7.20.102 - - [02/Nov/2021:04:25:24 -0700] "GET / HTTP/1.1" 200 13148 "-" "Sogou web spider/4.0(+http://www.sogou.com/docs/help/webmasters.htm#07)" 
88.198.0.126 - - [02/Nov/2021:04:25:29 -0700] "GET /self.logs/error.log.2021-01-02 HTTP/1.1" 200 314 "-" "Mozilla/5.0 (compatible; DataForSeoBot/1.0; +https://dataforseo.com/dataforseo-bot)" 
88.198.0.126 - - [02/Nov/2021:04:25:45 -0700] "GET /self.logs/access.log.2017-10-24.gz HTTP/1.1" 200 43541 "-" "Mozilla/5.0 (compatible; DataForSeoBot/1.0; +https://dataforseo.com/dataforseo-bot)" 
114.119.135.212 - - [02/Nov/2021:04:25:53 -0700] "GET /self.logs/access.log.2020-12-12.gz HTTP/1.1" 200 31075 "-" "Mozilla/5.0 (compatible;PetalBot;+https://webmaster.petalsearch.com/site/petalbot)" 
88.198.0.126 - - [02/Nov/2021:04:26:02 -0700] "GET /self.logs/error.log.2020-06-12 HTTP/1.1" 200 314 "-" "Mozilla/5.0 (compatible; DataForSeoBot/1.0; +https://dataforseo.com/dataforseo-bot)" 
88.198.0.126 - - [02/Nov/2021:04:26:19 -0700] "GET /self.logs/access.log.2020-01-07.gz HTTP/1.1" 200 14845 "-" "Mozilla/5.0 (compatible; DataForSeoBot/1.0; +https://dataforseo.com/dataforseo-bot)" 
88.198.0.126 - - [02/Nov/2021:04:26:37 -0700] "GET /self.logs/access.log.2019-10-24.gz HTTP/1.1" 200 24519 "-" "Mozilla/5.0 (compatible; DataForSeoBot/1.0; +https://dataforseo.com/dataforseo-bot)" 
88.198.0.126 - - [02/Nov/2021:04:26:54 -0700] "GET /self.logs/access.log.2020-02-04.gz HTTP/1.1" 200 12971 "-" "Mozilla/5.0 (compatible; DataForSeoBot/1.0; +https://dataforseo.com/dataforseo-bot)" 
88.198.0.126 - - [02/Nov/2021:04:27:09 -0700] "GET /self.logs/access.log.2017-01-26.gz HTTP/1.1" 200 24036 "-" "Mozilla/5.0 (compatible; DataForSeoBot/1.0; +https://dataforseo.com/dataforseo-bot)" 
88.198.0.126 - - [02/Nov/2021:04:27:25 -0700] "GET /self.logs/access.log.2017-02-17.gz HTTP/1.1" 200 14984 "-" "Mozilla/5.0 (compatible; DataForSeoBot/1.0; +https://dataforseo.com/dataforseo-bot)" 
88.198.0.126 - - [02/Nov/2021:04:27:38 -0700] "GET /self.logs/access.log.2021-05-11.gz HTTP/1.1" 200 16856 "-" "Mozilla/5.0 (compatible; DataForSeoBot/1.0; +https://dataforseo.com/dataforseo-bot)" 
88.198.0.126 - - [02/Nov/2021:04:27:55 -0700] "GET /self.logs/error.log.2018-12-11.gz HTTP/1.1" 200 4122 "-" "Mozilla/5.0 (compatible; DataForSeoBot/1.0; +https://dataforseo.com/dataforseo-bot)" 
88.198.0.126 - - [02/Nov/2021:04:28:09 -0700] "GET /self.logs/access.log.2018-02-26.gz HTTP/1.1" 200 33162 "-" "Mozilla/5.0 (compatible; DataForSeoBot/1.0; +https://dataforseo.com/dataforseo-bot)" 
88.198.0.126 - - [02/Nov/2021:04:28:25 -0700] "GET /self.logs/access.log.2019-08-23.gz HTTP/1.1" 200 18704 "-" "Mozilla/5.0 (compatible; DataForSeoBot/1.0; +https://dataforseo.com/dataforseo-bot)" 
88.198.0.126 - - [02/Nov/2021:04:28:41 -0700] "GET /self.logs/access.log.2018-12-28.gz HTTP/1.1" 200 22544 "-" "Mozilla/5.0 (compatible; DataForSeoBot/1.0; +https://dataforseo.com/dataforseo-bot)" 
88.198.0.126 - - [02/Nov/2021:04:28:55 -0700] "GET /self.logs/error.log.2021-09-16.gz HTTP/1.1" 200 561 "-" "Mozilla/5.0 (compatible; DataForSeoBot/1.0; +https://dataforseo.com/dataforseo-bot)" 
88.198.0.126 - - [02/Nov/2021:04:29:10 -0700] "GET /self.logs/error.log.2019-03-18.gz HTTP/1.1" 200 5590 "-" "Mozilla/5.0 (compatible; DataForSeoBot/1.0; +https://dataforseo.com/dataforseo-bot)" 
88.198.0.126 - - [02/Nov/2021:04:29:24 -0700] "GET /self.logs/error.log.2020-10-24 HTTP/1.1" 200 314 "-" "Mozilla/5.0 (compatible; DataForSeoBot/1.0; +https://dataforseo.com/dataforseo-bot)" 
88.198.0.126 - - [02/Nov/2021:04:29:37 -0700] "GET /self.logs/access.log.2018-06-16.gz HTTP/1.1" 200 17442 "-" "Mozilla/5.0 (compatible; DataForSeoBot/1.0; +https://dataforseo.com/dataforseo-bot)" 
88.198.0.126 - - [02/Nov/2021:04:29:50 -0700] "GET /self.logs/access.log.2019-05-16.gz HTTP/1.1" 200 28268 "-" "Mozilla/5.0 (compatible; DataForSeoBot/1.0; +https://dataforseo.com/dataforseo-bot)" 
88.198.0.126 - - [02/Nov/2021:04:30:05 -0700] "GET /self.logs/error.log.2019-07-04.gz HTTP/1.1" 200 2244 "-" "Mozilla/5.0 (compatible; DataForSeoBot/1.0; +https://dataforseo.com/dataforseo-bot)" 
88.198.0.126 - - [02/Nov/2021:04:30:19 -0700] "GET /self.logs/error.log.2019-09-13 HTTP/1.1" 200 3721 "-" "Mozilla/5.0 (compatible; DataForSeoBot/1.0; +https://dataforseo.com/dataforseo-bot)" 
88.198.0.126 - - [02/Nov/2021:04:30:33 -0700] "GET /self.logs/error.log.2017-09-19.gz HTTP/1.1" 200 2711 "-" "Mozilla/5.0 (compatible; DataForSeoBot/1.0; +https://dataforseo.com/dataforseo-bot)" 
88.198.0.126 - - [02/Nov/2021:04:30:46 -0700] "GET /self.logs/error.log.2020-08-23 HTTP/1.1" 200 314 "-" "Mozilla/5.0 (compatible; DataForSeoBot/1.0; +https://dataforseo.com/dataforseo-bot)" 
216.244.66.245 - - [02/Nov/2021:04:30:58 -0700] "GET /robots.txt HTTP/1.1" 200 333 "-" "Mozilla/5.0 (compatible; DotBot/1.2; +https://opensiteexplorer.org/dotbot; help@moz.com)" 
88.198.0.126 - - [02/Nov/2021:04:30:59 -0700] "GET /self.logs/access.log.2017-02-09.gz HTTP/1.1" 200 22816 "-" "Mozilla/5.0 (compatible; DataForSeoBot/1.0; +https://dataforseo.com/dataforseo-bot)" 
88.198.0.126 - - [02/Nov/2021:04:31:12 -0700] "GET /self.logs/error.log.2018-06-11.gz HTTP/1.1" 200 6795 "-" "Mozilla/5.0 (compatible; DataForSeoBot/1.0; +https://dataforseo.com/dataforseo-bot)" 
88.198.0.126 - - [02/Nov/2021:04:31:23 -0700] "GET /self.logs/access.log.2019-01-06.gz HTTP/1.1" 200 24705 "-" "Mozilla/5.0 (compatible; DataForSeoBot/1.0; +https://dataforseo.com/dataforseo-bot)" 
88.198.0.126 - - [02/Nov/2021:04:33:29 -0700] "GET /self.logs/access.log.2021-03-10.gz HTTP/1.1" 200 29945 "-" "Mozilla/5.0 (compatible; DataForSeoBot/1.0; +https://dataforseo.com/dataforseo-bot)" 
78.41.121.138 - - [02/Nov/2021:04:33:38 -0700] "GET /self.logs/ HTTP/1.1" 200 32564 "https://www.google.com/" "Mozilla/5.0 (X11; Linux x86_64) AppleWebKit/537.36 (KHTML, like Gecko) Chrome/95.0.4638.54 Safari/537.36" 
78.41.121.138 - - [02/Nov/2021:04:33:38 -0700] "GET /favicon.ico HTTP/1.1" 200 368 "http://www.secrepo.com/self.logs/" "Mozilla/5.0 (X11; Linux x86_64) AppleWebKit/537.36 (KHTML, like Gecko) Chrome/95.0.4638.54 Safari/537.36" 
88.198.0.126 - - [02/Nov/2021:04:33:50 -0700] "GET /self.logs/access.log.2021-04-01.gz HTTP/1.1" 200 192123 "-" "Mozilla/5.0 (compatible; DataForSeoBot/1.0; +https://dataforseo.com/dataforseo-bot)" 
78.41.121.138 - - [02/Nov/2021:04:34:06 -0700] "GET /self.logs/access.log.2017-01-01.gz HTTP/1.1" 200 17678 "http://www.secrepo.com/self.logs/" "Mozilla/5.0 (X11; Linux x86_64) AppleWebKit/537.36 (KHTML, like Gecko) Chrome/95.0.4638.54 Safari/537.36" 
88.198.0.126 - - [02/Nov/2021:04:34:10 -0700] "GET /self.logs/error.log.2019-09-24.gz HTTP/1.1" 200 1932 "-" "Mozilla/5.0 (compatible; DataForSeoBot/1.0; +https://dataforseo.com/dataforseo-bot)" 
52.114.75.216 - - [02/Nov/2021:04:34:18 -0700] "GET /self.logs/ HTTP/1.1" 200 32564 "-" "Mozilla/5.0 (Windows NT 6.1; WOW64) SkypeUriPreview Preview/0.5" 
52.114.75.216 - - [02/Nov/2021:04:34:18 -0700] "GET /favicon.ico HTTP/1.1" 200 313 "-" "Mozilla/5.0 (Windows NT 6.1; WOW64) SkypeUriPreview Preview/0.5" 
88.198.0.126 - - [02/Nov/2021:04:34:28 -0700] "GET /self.logs/access.log.2018-01-03.gz HTTP/1.1" 200 27824 "-" "Mozilla/5.0 (compatible; DataForSeoBot/1.0; +https://dataforseo.com/dataforseo-bot)" 
81.191.239.230 - - [02/Nov/2021:04:34:31 -0700] "GET /self.logs/ HTTP/1.1" 200 32564 "-" "Mozilla/5.0 (Windows NT 10.0; Win64; x64) AppleWebKit/537.36 (KHTML, like Gecko) Chrome/95.0.4638.69 Safari/537.36" 
81.191.239.230 - - [02/Nov/2021:04:34:33 -0700] "GET /favicon.ico HTTP/1.1" 200 368 "http://www.secrepo.com/self.logs/" "Mozilla/5.0 (Windows NT 10.0; Win64; x64) AppleWebKit/537.36 (KHTML, like Gecko) Chrome/95.0.4638.69 Safari/537.36" 
88.198.0.126 - - [02/Nov/2021:04:34:45 -0700] "GET /self.logs/error.log.2020-10-05 HTTP/1.1" 200 314 "-" "Mozilla/5.0 (compatible; DataForSeoBot/1.0; +https://dataforseo.com/dataforseo-bot)" 
88.198.0.126 - - [02/Nov/2021:04:35:05 -0700] "GET /self.logs/error.log.2020-01-30 HTTP/1.1" 200 314 "-" "Mozilla/5.0 (compatible; DataForSeoBot/1.0; +https://dataforseo.com/dataforseo-bot)" 
88.198.0.126 - - [02/Nov/2021:04:35:22 -0700] "GET /self.logs/error.log.2021-01-08.gz HTTP/1.1" 200 939 "-" "Mozilla/5.0 (compatible; DataForSeoBot/1.0; +https://dataforseo.com/dataforseo-bot)" 
88.198.0.126 - - [02/Nov/2021:04:35:40 -0700] "GET /self.logs/error.log.2020-11-03 HTTP/1.1" 200 314 "-" "Mozilla/5.0 (compatible; DataForSeoBot/1.0; +https://dataforseo.com/dataforseo-bot)" 
88.198.0.126 - - [02/Nov/2021:04:35:58 -0700] "GET /self.logs/error.log.2018-03-10.gz HTTP/1.1" 200 6503 "-" "Mozilla/5.0 (compatible; DataForSeoBot/1.0; +https://dataforseo.com/dataforseo-bot)" 
51.222.253.17 - - [02/Nov/2021:04:36:06 -0700] "GET /self.logs/error.log.2021-09-18.gz HTTP/1.1" 200 1451 "-" "Mozilla/5.0 (compatible; AhrefsBot/7.0; +http://ahrefs.com/robot/)" 
88.198.0.126 - - [02/Nov/2021:04:36:17 -0700] "GET /self.logs/error.log.2021-08-14 HTTP/1.1" 200 314 "-" "Mozilla/5.0 (compatible; DataForSeoBot/1.0; +https://dataforseo.com/dataforseo-bot)" 
88.198.0.126 - - [02/Nov/2021:04:36:35 -0700] "GET /self.logs/error.log.2017-10-31.gz HTTP/1.1" 200 1954 "-" "Mozilla/5.0 (compatible; DataForSeoBot/1.0; +https://dataforseo.com/dataforseo-bot)" 
216.244.66.245 - - [02/Nov/2021:04:36:50 -0700] "GET /self.logs/access.log.2020-06-02.gz HTTP/1.1" 200 19139 "-" "Mozilla/5.0 (compatible; DotBot/1.2; +https://opensiteexplorer.org/dotbot; help@moz.com)" 
88.198.0.126 - - [02/Nov/2021:04:36:52 -0700] "GET /self.logs/access.log.2017-02-20.gz HTTP/1.1" 200 19060 "-" "Mozilla/5.0 (compatible; DataForSeoBot/1.0; +https://dataforseo.com/dataforseo-bot)" 
88.198.0.126 - - [02/Nov/2021:04:37:09 -0700] "GET /self.logs/error.log.2020-08-10 HTTP/1.1" 200 314 "-" "Mozilla/5.0 (compatible; DataForSeoBot/1.0; +https://dataforseo.com/dataforseo-bot)" 
216.244.66.245 - - [02/Nov/2021:04:37:24 -0700] "GET /self.logs/error.log.2018-02-23.gz HTTP/1.1" 200 3936 "-" "Mozilla/5.0 (compatible; DotBot/1.2; +https://opensiteexplorer.org/dotbot; help@moz.com)" 
88.198.0.126 - - [02/Nov/2021:04:37:27 -0700] "GET /self.logs/access.log.2019-11-17.gz HTTP/1.1" 200 21615 "-" "Mozilla/5.0 (compatible; DataForSeoBot/1.0; +https://dataforseo.com/dataforseo-bot)" 
216.244.66.245 - - [02/Nov/2021:04:37:29 -0700] "GET /self.logs/error.log.2019-09-22.gz HTTP/1.1" 200 2670 "-" "Mozilla/5.0 (compatible; DotBot/1.2; +https://opensiteexplorer.org/dotbot; help@moz.com)" 
88.198.0.126 - - [02/Nov/2021:04:37:44 -0700] "GET /self.logs/error.log.2021-01-11.gz HTTP/1.1" 200 940 "-" "Mozilla/5.0 (compatible; DataForSeoBot/1.0; +https://dataforseo.com/dataforseo-bot)" 
88.198.0.126 - - [02/Nov/2021:04:38:01 -0700] "GET /self.logs/access.log.2019-03-02.gz HTTP/1.1" 200 24380 "-" "Mozilla/5.0 (compatible; DataForSeoBot/1.0; +https://dataforseo.com/dataforseo-bot)" 
216.244.66.245 - - [02/Nov/2021:04:38:16 -0700] "GET /self.logs/error.log.2019-11-11.gz HTTP/1.1" 200 1265 "-" "Mozilla/5.0 (compatible; DotBot/1.2; +https://opensiteexplorer.org/dotbot; help@moz.com)" 
88.198.0.126 - - [02/Nov/2021:04:38:20 -0700] "GET /self.logs/error.log.2017-02-08.gz HTTP/1.1" 200 2106 "-" "Mozilla/5.0 (compatible; DataForSeoBot/1.0; +https://dataforseo.com/dataforseo-bot)" 
88.198.0.126 - - [02/Nov/2021:04:38:37 -0700] "GET /self.logs/error.log.2017-04-30.gz HTTP/1.1" 200 1240 "-" "Mozilla/5.0 (compatible; DataForSeoBot/1.0; +https://dataforseo.com/dataforseo-bot)" 
88.198.0.126 - - [02/Nov/2021:04:38:56 -0700] "GET /self.logs/error.log.2018-07-23.gz HTTP/1.1" 200 7034 "-" "Mozilla/5.0 (compatible; DataForSeoBot/1.0; +https://dataforseo.com/dataforseo-bot)" 
88.198.0.126 - - [02/Nov/2021:04:39:13 -0700] "GET /self.logs/access.log.2020-02-08.gz HTTP/1.1" 200 19437 "-" "Mozilla/5.0 (compatible; DataForSeoBot/1.0; +https://dataforseo.com/dataforseo-bot)" 
88.198.0.126 - - [02/Nov/2021:04:39:29 -0700] "GET /self.logs/access.log.2018-08-07.gz HTTP/1.1" 200 31151 "-" "Mozilla/5.0 (compatible; DataForSeoBot/1.0; +https://dataforseo.com/dataforseo-bot)" 
88.198.0.126 - - [02/Nov/2021:04:39:46 -0700] "GET /self.logs/access.log.2017-11-23.gz HTTP/1.1" 200 22420 "-" "Mozilla/5.0 (compatible; DataForSeoBot/1.0; +https://dataforseo.com/dataforseo-bot)" 
88.198.0.126 - - [02/Nov/2021:04:40:04 -0700] "GET /self.logs/access.log.2017-08-18.gz HTTP/1.1" 200 15433 "-" "Mozilla/5.0 (compatible; DataForSeoBot/1.0; +https://dataforseo.com/dataforseo-bot)" 
88.198.0.126 - - [02/Nov/2021:04:40:21 -0700] "GET /self.logs/access.log.2019-08-16.gz HTTP/1.1" 200 26727 "-" "Mozilla/5.0 (compatible; DataForSeoBot/1.0; +https://dataforseo.com/dataforseo-bot)" 
88.198.0.126 - - [02/Nov/2021:04:40:38 -0700] "GET /self.logs/error.log.2018-02-12.gz HTTP/1.1" 200 5400 "-" "Mozilla/5.0 (compatible; DataForSeoBot/1.0; +https://dataforseo.com/dataforseo-bot)" 
88.198.0.126 - - [02/Nov/2021:04:40:55 -0700] "GET /self.logs/access.log.2021-04-17.gz HTTP/1.1" 200 30745 "-" "Mozilla/5.0 (compatible; DataForSeoBot/1.0; +https://dataforseo.com/dataforseo-bot)" 
88.198.0.126 - - [02/Nov/2021:04:41:13 -0700] "GET /self.logs/error.log.2018-03-05.gz HTTP/1.1" 200 3437 "-" "Mozilla/5.0 (compatible; DataForSeoBot/1.0; +https://dataforseo.com/dataforseo-bot)" 
88.198.0.126 - - [02/Nov/2021:04:41:30 -0700] "GET /self.logs/error.log.2020-07-27.gz HTTP/1.1" 200 834 "-" "Mozilla/5.0 (compatible; DataForSeoBot/1.0; +https://dataforseo.com/dataforseo-bot)" 
88.198.0.126 - - [02/Nov/2021:04:41:46 -0700] "GET /self.logs/access.log.2018-04-16.gz HTTP/1.1" 200 19775 "-" "Mozilla/5.0 (compatible; DataForSeoBot/1.0; +https://dataforseo.com/dataforseo-bot)" 
88.198.0.126 - - [02/Nov/2021:04:42:05 -0700] "GET /self.logs/error.log.2019-09-01.gz HTTP/1.1" 200 2090 "-" "Mozilla/5.0 (compatible; DataForSeoBot/1.0; +https://dataforseo.com/dataforseo-bot)" 
88.198.0.126 - - [02/Nov/2021:04:42:21 -0700] "GET /self.logs/access.log.2020-03-11.gz HTTP/1.1" 200 15703 "-" "Mozilla/5.0 (compatible; DataForSeoBot/1.0; +https://dataforseo.com/dataforseo-bot)" 
88.198.0.126 - - [02/Nov/2021:04:42:37 -0700] "GET /self.logs/access.log.2018-01-05.gz HTTP/1.1" 200 25361 "-" "Mozilla/5.0 (compatible; DataForSeoBot/1.0; +https://dataforseo.com/dataforseo-bot)" 
88.198.0.126 - - [02/Nov/2021:04:42:54 -0700] "GET /self.logs/access.log.2020-05-14.gz HTTP/1.1" 200 15599 "-" "Mozilla/5.0 (compatible; DataForSeoBot/1.0; +https://dataforseo.com/dataforseo-bot)" 
88.198.0.126 - - [02/Nov/2021:04:43:11 -0700] "GET /self.logs/error.log.2018-06-26.gz HTTP/1.1" 200 4819 "-" "Mozilla/5.0 (compatible; DataForSeoBot/1.0; +https://dataforseo.com/dataforseo-bot)" 
88.198.0.126 - - [02/Nov/2021:04:43:27 -0700] "GET /self.logs/access.log.2019-10-31.gz HTTP/1.1" 200 29443 "-" "Mozilla/5.0 (compatible; DataForSeoBot/1.0; +https://dataforseo.com/dataforseo-bot)" 
88.198.0.126 - - [02/Nov/2021:04:43:44 -0700] "GET /self.logs/access.log.2021-09-02.gz HTTP/1.1" 200 10784 "-" "Mozilla/5.0 (compatible; DataForSeoBot/1.0; +https://dataforseo.com/dataforseo-bot)" 
88.198.0.126 - - [02/Nov/2021:04:44:01 -0700] "GET /self.logs/access.log.2017-04-25.gz HTTP/1.1" 200 30429 "-" "Mozilla/5.0 (compatible; DataForSeoBot/1.0; +https://dataforseo.com/dataforseo-bot)" 
88.198.0.126 - - [02/Nov/2021:04:44:17 -0700] "GET /self.logs/error.log.2020-12-30 HTTP/1.1" 200 314 "-" "Mozilla/5.0 (compatible; DataForSeoBot/1.0; +https://dataforseo.com/dataforseo-bot)" 
88.198.0.126 - - [02/Nov/2021:04:44:34 -0700] "GET /self.logs/error.log.2021-10-02.gz HTTP/1.1" 200 2724 "-" "Mozilla/5.0 (compatible; DataForSeoBot/1.0; +https://dataforseo.com/dataforseo-bot)" 
88.198.0.126 - - [02/Nov/2021:04:44:50 -0700] "GET /self.logs/error.log.2020-10-17 HTTP/1.1" 200 314 "-" "Mozilla/5.0 (compatible; DataForSeoBot/1.0; +https://dataforseo.com/dataforseo-bot)" 
88.198.0.126 - - [02/Nov/2021:04:45:06 -0700] "GET /self.logs/access.log.2019-08-01.gz HTTP/1.1" 200 21770 "-" "Mozilla/5.0 (compatible; DataForSeoBot/1.0; +https://dataforseo.com/dataforseo-bot)" 
88.198.0.126 - - [02/Nov/2021:04:45:23 -0700] "GET /self.logs/access.log.2021-10-17.gz HTTP/1.1" 200 16170 "-" "Mozilla/5.0 (compatible; DataForSeoBot/1.0; +https://dataforseo.com/dataforseo-bot)" 
88.198.0.126 - - [02/Nov/2021:04:45:39 -0700] "GET /self.logs/error.log.2021-02-06.gz HTTP/1.1" 200 1737 "-" "Mozilla/5.0 (compatible; DataForSeoBot/1.0; +https://dataforseo.com/dataforseo-bot)" 
88.198.0.126 - - [02/Nov/2021:04:45:53 -0700] "GET /self.logs/access.log.2020-01-13.gz HTTP/1.1" 200 18026 "-" "Mozilla/5.0 (compatible; DataForSeoBot/1.0; +https://dataforseo.com/dataforseo-bot)" 
88.198.0.126 - - [02/Nov/2021:04:46:09 -0700] "GET /self.logs/error.log.2017-07-14.gz HTTP/1.1" 200 992 "-" "Mozilla/5.0 (compatible; DataForSeoBot/1.0; +https://dataforseo.com/dataforseo-bot)" 
88.198.0.126 - - [02/Nov/2021:04:46:24 -0700] "GET /self.logs/access.log.2021-05-01.gz HTTP/1.1" 200 14343 "-" "Mozilla/5.0 (compatible; DataForSeoBot/1.0; +https://dataforseo.com/dataforseo-bot)" 
88.198.0.126 - - [02/Nov/2021:04:46:40 -0700] "GET /self.logs/access.log.2018-07-15.gz HTTP/1.1" 200 55417 "-" "Mozilla/5.0 (compatible; DataForSeoBot/1.0; +https://dataforseo.com/dataforseo-bot)" 
88.198.0.126 - - [02/Nov/2021:04:46:58 -0700] "GET /self.logs/access.log.2021-02-23.gz HTTP/1.1" 200 37632 "-" "Mozilla/5.0 (compatible; DataForSeoBot/1.0; +https://dataforseo.com/dataforseo-bot)" 
88.198.0.126 - - [02/Nov/2021:04:47:16 -0700] "GET /self.logs/access.log.2021-02-17.gz HTTP/1.1" 200 40890 "-" "Mozilla/5.0 (compatible; DataForSeoBot/1.0; +https://dataforseo.com/dataforseo-bot)" 
88.198.0.126 - - [02/Nov/2021:04:47:31 -0700] "GET /self.logs/error.log.2019-02-20.gz HTTP/1.1" 200 3936 "-" "Mozilla/5.0 (compatible; DataForSeoBot/1.0; +https://dataforseo.com/dataforseo-bot)" 
88.198.0.126 - - [02/Nov/2021:04:47:48 -0700] "GET /self.logs/error.log.2019-02-12.gz HTTP/1.1" 200 4043 "-" "Mozilla/5.0 (compatible; DataForSeoBot/1.0; +https://dataforseo.com/dataforseo-bot)" 
157.55.39.112 - - [02/Nov/2021:04:47:51 -0700] "GET /self.logs/access.log.2021-05-24.gz HTTP/1.1" 301 543 "-" "Mozilla/5.0 (compatible; bingbot/2.0; +http://www.bing.com/bingbot.htm)" 
88.198.0.126 - - [02/Nov/2021:04:48:06 -0700] "GET /self.logs/access.log.2019-05-13.gz HTTP/1.1" 200 29002 "-" "Mozilla/5.0 (compatible; DataForSeoBot/1.0; +https://dataforseo.com/dataforseo-bot)" 
88.198.0.126 - - [02/Nov/2021:04:48:24 -0700] "GET /self.logs/error.log.2018-06-03.gz HTTP/1.1" 200 4907 "-" "Mozilla/5.0 (compatible; DataForSeoBot/1.0; +https://dataforseo.com/dataforseo-bot)" 
124.128.158.36 - - [02/Nov/2021:04:48:25 -0700] "GET /self.logs/ HTTP/1.1" 200 32564 "-" "Mozilla/5.0 (Windows NT 10.0; Win64; x64) AppleWebKit/537.36 (KHTML, like Gecko) Chrome/95.0.4638.54 Safari/537.36" 
88.198.0.126 - - [02/Nov/2021:04:48:42 -0700] "GET /self.logs/access.log.2019-05-01.gz HTTP/1.1" 200 39070 "-" "Mozilla/5.0 (compatible; DataForSeoBot/1.0; +https://dataforseo.com/dataforseo-bot)" 
124.128.158.36 - - [02/Nov/2021:04:48:47 -0700] "GET /self.logs/access.log.2017-03-18.gz HTTP/1.1" 200 10583 "http://www.secrepo.com/self.logs/" "Mozilla/5.0 (Windows NT 10.0; Win64; x64) AppleWebKit/537.36 (KHTML, like Gecko) Chrome/95.0.4638.54 Safari/537.36" 
88.198.0.126 - - [02/Nov/2021:04:48:57 -0700] "GET /self.logs/access.log.2017-07-19.gz HTTP/1.1" 200 22579 "-" "Mozilla/5.0 (compatible; DataForSeoBot/1.0; +https://dataforseo.com/dataforseo-bot)" 
88.198.0.126 - - [02/Nov/2021:04:49:14 -0700] "GET /self.logs/access.log.2021-02-14.gz HTTP/1.1" 200 25507 "-" "Mozilla/5.0 (compatible; DataForSeoBot/1.0; +https://dataforseo.com/dataforseo-bot)" 
124.128.158.36 - - [02/Nov/2021:04:49:29 -0700] "GET /self.logs/access.log.2017-04-29.gz HTTP/1.1" 200 10312 "http://www.secrepo.com/self.logs/" "Mozilla/5.0 (Windows NT 10.0; Win64; x64) AppleWebKit/537.36 (KHTML, like Gecko) Chrome/95.0.4638.54 Safari/537.36" 
88.198.0.126 - - [02/Nov/2021:04:49:31 -0700] "GET /self.logs/access.log.2019-07-07.gz HTTP/1.1" 200 29030 "-" "Mozilla/5.0 (compatible; DataForSeoBot/1.0; +https://dataforseo.com/dataforseo-bot)" 
88.198.0.126 - - [02/Nov/2021:04:49:49 -0700] "GET /self.logs/access.log.2020-01-23.gz HTTP/1.1" 200 14755 "-" "Mozilla/5.0 (compatible; DataForSeoBot/1.0; +https://dataforseo.com/dataforseo-bot)" 
66.249.66.85 - - [02/Nov/2021:04:49:57 -0700] "GET / HTTP/1.1" 200 13186 "-" "Mozilla/5.0 (Linux; Android 6.0.1; Nexus 5X Build/MMB29P) AppleWebKit/537.36 (KHTML, like Gecko) Chrome/94.0.4606.81 Mobile Safari/537.36 (compatible; Googlebot/2.1; +http://www.google.com/bot.html)" 
88.198.0.126 - - [02/Nov/2021:04:50:04 -0700] "GET /self.logs/error.log.2017-08-28.gz HTTP/1.1" 200 916 "-" "Mozilla/5.0 (compatible; DataForSeoBot/1.0; +https://dataforseo.com/dataforseo-bot)" 
88.198.0.126 - - [02/Nov/2021:04:50:18 -0700] "GET /self.logs/error.log.2021-05-04 HTTP/1.1" 200 314 "-" "Mozilla/5.0 (compatible; DataForSeoBot/1.0; +https://dataforseo.com/dataforseo-bot)" 
88.198.0.126 - - [02/Nov/2021:04:50:34 -0700] "GET /self.logs/access.log.2020-06-06.gz HTTP/1.1" 200 11655 "-" "Mozilla/5.0 (compatible; DataForSeoBot/1.0; +https://dataforseo.com/dataforseo-bot)" 
88.198.0.126 - - [02/Nov/2021:04:50:50 -0700] "GET /self.logs/access.log.2018-01-21.gz HTTP/1.1" 200 24725 "-" "Mozilla/5.0 (compatible; DataForSeoBot/1.0; +https://dataforseo.com/dataforseo-bot)" 
88.198.0.126 - - [02/Nov/2021:04:51:08 -0700] "GET /self.logs/error.log.2020-04-13.gz HTTP/1.1" 200 1187 "-" "Mozilla/5.0 (compatible; DataForSeoBot/1.0; +https://dataforseo.com/dataforseo-bot)" 
88.198.0.126 - - [02/Nov/2021:04:51:23 -0700] "GET /self.logs/error.log.2018-11-13.gz HTTP/1.1" 200 3976 "-" "Mozilla/5.0 (compatible; DataForSeoBot/1.0; +https://dataforseo.com/dataforseo-bot)" 
88.198.0.126 - - [02/Nov/2021:04:51:38 -0700] "GET /self.logs/access.log.2021-01-14.gz HTTP/1.1" 200 32412 "-" "Mozilla/5.0 (compatible; DataForSeoBot/1.0; +https://dataforseo.com/dataforseo-bot)" 
88.198.0.126 - - [02/Nov/2021:04:51:53 -0700] "GET /self.logs/error.log.2020-07-12 HTTP/1.1" 200 314 "-" "Mozilla/5.0 (compatible; DataForSeoBot/1.0; +https://dataforseo.com/dataforseo-bot)" 
88.198.0.126 - - [02/Nov/2021:04:52:07 -0700] "GET /self.logs/access.log.2018-05-05.gz HTTP/1.1" 200 17633 "-" "Mozilla/5.0 (compatible; DataForSeoBot/1.0; +https://dataforseo.com/dataforseo-bot)" 
88.198.0.126 - - [02/Nov/2021:04:52:21 -0700] "GET /self.logs/access.log.2020-01-14.gz HTTP/1.1" 200 17700 "-" "Mozilla/5.0 (compatible; DataForSeoBot/1.0; +https://dataforseo.com/dataforseo-bot)" 
88.198.0.126 - - [02/Nov/2021:04:52:36 -0700] "GET /self.logs/access.log.2021-06-20.gz HTTP/1.1" 200 20143 "-" "Mozilla/5.0 (compatible; DataForSeoBot/1.0; +https://dataforseo.com/dataforseo-bot)" 
88.198.0.126 - - [02/Nov/2021:04:52:49 -0700] "GET /self.logs/access.log.2018-05-03.gz HTTP/1.1" 200 43995 "-" "Mozilla/5.0 (compatible; DataForSeoBot/1.0; +https://dataforseo.com/dataforseo-bot)" 
88.198.0.126 - - [02/Nov/2021:04:53:06 -0700] "GET /self.logs/error.log.2020-06-03 HTTP/1.1" 200 314 "-" "Mozilla/5.0 (compatible; DataForSeoBot/1.0; +https://dataforseo.com/dataforseo-bot)" 
95.163.255.54 - - [02/Nov/2021:04:53:20 -0700] "GET /robots.txt HTTP/1.0" 200 340 "-" "Mozilla/5.0 (compatible; Linux x86_64; Mail.RU_Bot/2.0; +http://go.mail.ru/help/robots)" 
88.198.0.126 - - [02/Nov/2021:04:53:22 -0700] "GET /self.logs/error.log.2017-03-03.gz HTTP/1.1" 200 1022 "-" "Mozilla/5.0 (compatible; DataForSeoBot/1.0; +https://dataforseo.com/dataforseo-bot)" 
95.163.255.53 - - [02/Nov/2021:04:53:26 -0700] "GET /Datasets%20Description/HTML_Bro_log_1/loaded_scripts.html HTTP/1.1" 200 1506 "-" "Mozilla/5.0 (compatible; Linux x86_64; Mail.RU_Bot/2.0; +http://go.mail.ru/help/robots)" 
95.163.255.53 - - [02/Nov/2021:04:53:34 -0700] "GET /maccdc2012/?C=S;O=D HTTP/1.1" 200 827 "-" "Mozilla/5.0 (compatible; Linux x86_64; Mail.RU_Bot/2.0; +http://go.mail.ru/help/robots)" 
88.198.0.126 - - [02/Nov/2021:04:53:35 -0700] "GET /self.logs/error.log.2020-05-08 HTTP/1.1" 200 314 "-" "Mozilla/5.0 (compatible; DataForSeoBot/1.0; +https://dataforseo.com/dataforseo-bot)" 
95.163.255.52 - - [02/Nov/2021:04:53:40 -0700] "GET /Datasets%20Description/HTML_Bro_log_1/irc.html HTTP/1.1" 200 1744 "-" "Mozilla/5.0 (compatible; Linux x86_64; Mail.RU_Bot/2.0; +http://go.mail.ru/help/robots)" 
88.198.0.126 - - [02/Nov/2021:04:53:49 -0700] "GET /self.logs/access.log.2021-01-09.gz HTTP/1.1" 200 28411 "-" "Mozilla/5.0 (compatible; DataForSeoBot/1.0; +https://dataforseo.com/dataforseo-bot)" 
49.7.20.102 - - [02/Nov/2021:04:53:51 -0700] "GET / HTTP/1.1" 200 13149 "-" "Sogou web spider/4.0(+http://www.sogou.com/docs/help/webmasters.htm#07)" 
114.119.149.71 - - [02/Nov/2021:04:53:55 -0700] "GET /self.logs/2015/error.log.2015-11-29.gz HTTP/1.1" 200 723 "-" "Mozilla/5.0 (compatible;PetalBot;+https://webmaster.petalsearch.com/site/petalbot)" 
88.198.0.126 - - [02/Nov/2021:04:54:02 -0700] "GET /self.logs/access.log.2019-01-09.gz HTTP/1.1" 200 28157 "-" "Mozilla/5.0 (compatible; DataForSeoBot/1.0; +https://dataforseo.com/dataforseo-bot)" 
88.198.0.126 - - [02/Nov/2021:04:54:16 -0700] "GET /self.logs/error.log.2019-09-15.gz HTTP/1.1" 200 1419 "-" "Mozilla/5.0 (compatible; DataForSeoBot/1.0; +https://dataforseo.com/dataforseo-bot)" 
88.198.0.126 - - [02/Nov/2021:04:54:30 -0700] "GET /self.logs/error.log.2018-07-06.gz HTTP/1.1" 200 6656 "-" "Mozilla/5.0 (compatible; DataForSeoBot/1.0; +https://dataforseo.com/dataforseo-bot)" 
88.198.0.126 - - [02/Nov/2021:04:54:42 -0700] "GET /self.logs/access.log.2018-03-02.gz HTTP/1.1" 200 16413 "-" "Mozilla/5.0 (compatible; DataForSeoBot/1.0; +https://dataforseo.com/dataforseo-bot)" 
88.198.0.126 - - [02/Nov/2021:04:54:52 -0700] "GET /self.logs/error.log.2019-11-05.gz HTTP/1.1" 200 1496 "-" "Mozilla/5.0 (compatible; DataForSeoBot/1.0; +https://dataforseo.com/dataforseo-bot)" 
88.198.0.126 - - [02/Nov/2021:04:55:03 -0700] "GET /self.logs/error.log.2021-08-20 HTTP/1.1" 200 314 "-" "Mozilla/5.0 (compatible; DataForSeoBot/1.0; +https://dataforseo.com/dataforseo-bot)" 
88.198.0.126 - - [02/Nov/2021:04:57:19 -0700] "GET /self.logs/access.log.2017-04-13.gz HTTP/1.1" 200 23134 "-" "Mozilla/5.0 (compatible; DataForSeoBot/1.0; +https://dataforseo.com/dataforseo-bot)" 
88.198.0.126 - - [02/Nov/2021:04:57:39 -0700] "GET /self.logs/error.log.2018-11-16.gz HTTP/1.1" 200 4417 "-" "Mozilla/5.0 (compatible; DataForSeoBot/1.0; +https://dataforseo.com/dataforseo-bot)" 
88.198.0.126 - - [02/Nov/2021:04:57:57 -0700] "GET /self.logs/error.log.2018-03-13.gz HTTP/1.1" 200 6174 "-" "Mozilla/5.0 (compatible; DataForSeoBot/1.0; +https://dataforseo.com/dataforseo-bot)" 
88.198.0.126 - - [02/Nov/2021:04:58:16 -0700] "GET /self.logs/access.log.2020-04-24.gz HTTP/1.1" 200 89491 "-" "Mozilla/5.0 (compatible; DataForSeoBot/1.0; +https://dataforseo.com/dataforseo-bot)" 
88.198.0.126 - - [02/Nov/2021:04:58:34 -0700] "GET /self.logs/access.log.2019-12-14.gz HTTP/1.1" 200 13702 "-" "Mozilla/5.0 (compatible; DataForSeoBot/1.0; +https://dataforseo.com/dataforseo-bot)" 
88.198.0.126 - - [02/Nov/2021:04:58:51 -0700] "GET /self.logs/access.log.2017-09-13.gz HTTP/1.1" 200 32856 "-" "Mozilla/5.0 (compatible; DataForSeoBot/1.0; +https://dataforseo.com/dataforseo-bot)" 
88.198.0.126 - - [02/Nov/2021:04:59:09 -0700] "GET /self.logs/error.log.2017-02-21.gz HTTP/1.1" 200 962 "-" "Mozilla/5.0 (compatible; DataForSeoBot/1.0; +https://dataforseo.com/dataforseo-bot)" 
88.198.0.126 - - [02/Nov/2021:04:59:28 -0700] "GET /self.logs/error.log.2020-06-26.gz HTTP/1.1" 200 834 "-" "Mozilla/5.0 (compatible; DataForSeoBot/1.0; +https://dataforseo.com/dataforseo-bot)" 
88.198.0.126 - - [02/Nov/2021:04:59:43 -0700] "GET /self.logs/access.log.2017-03-16.gz HTTP/1.1" 200 30867 "-" "Mozilla/5.0 (compatible; DataForSeoBot/1.0; +https://dataforseo.com/dataforseo-bot)" 
88.198.0.126 - - [02/Nov/2021:05:00:02 -0700] "GET /self.logs/error.log.2020-09-29 HTTP/1.1" 200 314 "-" "Mozilla/5.0 (compatible; DataForSeoBot/1.0; +https://dataforseo.com/dataforseo-bot)" 
88.198.0.126 - - [02/Nov/2021:05:00:20 -0700] "GET /self.logs/access.log.2017-05-15.gz HTTP/1.1" 200 39731 "-" "Mozilla/5.0 (compatible; DataForSeoBot/1.0; +https://dataforseo.com/dataforseo-bot)" 
88.198.0.126 - - [02/Nov/2021:05:00:39 -0700] "GET /self.logs/access.log.2017-07-06.gz HTTP/1.1" 200 42112 "-" "Mozilla/5.0 (compatible; DataForSeoBot/1.0; +https://dataforseo.com/dataforseo-bot)" 
88.198.0.126 - - [02/Nov/2021:05:00:56 -0700] "GET /self.logs/error.log.2018-09-18.gz HTTP/1.1" 200 4260 "-" "Mozilla/5.0 (compatible; DataForSeoBot/1.0; +https://dataforseo.com/dataforseo-bot)" 
88.198.0.126 - - [02/Nov/2021:05:01:14 -0700] "GET /self.logs/access.log.2018-07-20.gz HTTP/1.1" 200 20449 "-" "Mozilla/5.0 (compatible; DataForSeoBot/1.0; +https://dataforseo.com/dataforseo-bot)" 
88.198.0.126 - - [02/Nov/2021:05:01:31 -0700] "GET /self.logs/access.log.2017-01-29.gz HTTP/1.1" 200 31371 "-" "Mozilla/5.0 (compatible; DataForSeoBot/1.0; +https://dataforseo.com/dataforseo-bot)" 
88.198.0.126 - - [02/Nov/2021:05:01:48 -0700] "GET /self.logs/error.log.2017-08-03.gz HTTP/1.1" 200 1119 "-" "Mozilla/5.0 (compatible; DataForSeoBot/1.0; +https://dataforseo.com/dataforseo-bot)" 
88.198.0.126 - - [02/Nov/2021:05:02:05 -0700] "GET /self.logs/access.log.2018-08-14.gz HTTP/1.1" 200 27961 "-" "Mozilla/5.0 (compatible; DataForSeoBot/1.0; +https://dataforseo.com/dataforseo-bot)" 
88.198.0.126 - - [02/Nov/2021:05:02:22 -0700] "GET /self.logs/access.log.2020-11-03.gz HTTP/1.1" 200 13584 "-" "Mozilla/5.0 (compatible; DataForSeoBot/1.0; +https://dataforseo.com/dataforseo-bot)" 
88.198.0.126 - - [02/Nov/2021:05:02:39 -0700] "GET /self.logs/error.log.2021-01-19 HTTP/1.1" 200 314 "-" "Mozilla/5.0 (compatible; DataForSeoBot/1.0; +https://dataforseo.com/dataforseo-bot)" 
88.198.0.126 - - [02/Nov/2021:05:02:56 -0700] "GET /self.logs/access.log.2018-01-07.gz HTTP/1.1" 200 31032 "-" "Mozilla/5.0 (compatible; DataForSeoBot/1.0; +https://dataforseo.com/dataforseo-bot)" 
88.198.0.126 - - [02/Nov/2021:05:03:12 -0700] "GET /self.logs/error.log.2019-04-01.gz HTTP/1.1" 200 5384 "-" "Mozilla/5.0 (compatible; DataForSeoBot/1.0; +https://dataforseo.com/dataforseo-bot)" 
88.198.0.126 - - [02/Nov/2021:05:03:31 -0700] "GET /self.logs/access.log.2018-10-16.gz HTTP/1.1" 200 18977 "-" "Mozilla/5.0 (compatible; DataForSeoBot/1.0; +https://dataforseo.com/dataforseo-bot)" 
88.198.0.126 - - [02/Nov/2021:05:03:47 -0700] "GET /self.logs/error.log.2021-08-18.gz HTTP/1.1" 200 4950 "-" "Mozilla/5.0 (compatible; DataForSeoBot/1.0; +https://dataforseo.com/dataforseo-bot)" 
88.198.0.126 - - [02/Nov/2021:05:04:04 -0700] "GET /self.logs/error.log.2021-02-02.gz HTTP/1.1" 200 2376 "-" "Mozilla/5.0 (compatible; DataForSeoBot/1.0; +https://dataforseo.com/dataforseo-bot)" 
88.198.0.126 - - [02/Nov/2021:05:04:21 -0700] "GET /self.logs/access.log.2019-02-01.gz HTTP/1.1" 200 21797 "-" "Mozilla/5.0 (compatible; DataForSeoBot/1.0; +https://dataforseo.com/dataforseo-bot)" 
88.198.0.126 - - [02/Nov/2021:05:04:39 -0700] "GET /self.logs/access.log.2019-01-24.gz HTTP/1.1" 200 17022 "-" "Mozilla/5.0 (compatible; DataForSeoBot/1.0; +https://dataforseo.com/dataforseo-bot)" 
88.198.0.126 - - [02/Nov/2021:05:04:54 -0700] "GET /self.logs/error.log.2017-10-17.gz HTTP/1.1" 200 4088 "-" "Mozilla/5.0 (compatible; DataForSeoBot/1.0; +https://dataforseo.com/dataforseo-bot)" 
88.198.0.126 - - [02/Nov/2021:05:05:12 -0700] "GET /self.logs/access.log.2020-03-27.gz HTTP/1.1" 200 16187 "-" "Mozilla/5.0 (compatible; DataForSeoBot/1.0; +https://dataforseo.com/dataforseo-bot)" 
88.198.0.126 - - [02/Nov/2021:05:05:27 -0700] "GET /self.logs/access.log.2021-05-31.gz HTTP/1.1" 200 23693 "-" "Mozilla/5.0 (compatible; DataForSeoBot/1.0; +https://dataforseo.com/dataforseo-bot)" 
88.198.0.126 - - [02/Nov/2021:05:05:44 -0700] "GET /self.logs/error.log.2017-10-22.gz HTTP/1.1" 200 2396 "-" "Mozilla/5.0 (compatible; DataForSeoBot/1.0; +https://dataforseo.com/dataforseo-bot)" 
88.198.0.126 - - [02/Nov/2021:05:06:02 -0700] "GET /self.logs/access.log.2018-08-05.gz HTTP/1.1" 200 23725 "-" "Mozilla/5.0 (compatible; DataForSeoBot/1.0; +https://dataforseo.com/dataforseo-bot)" 
88.198.0.126 - - [02/Nov/2021:05:06:19 -0700] "GET /self.logs/error.log.2020-11-09 HTTP/1.1" 200 314 "-" "Mozilla/5.0 (compatible; DataForSeoBot/1.0; +https://dataforseo.com/dataforseo-bot)" 
88.198.0.126 - - [02/Nov/2021:05:06:36 -0700] "GET /self.logs/error.log.2018-04-26.gz HTTP/1.1" 200 4288 "-" "Mozilla/5.0 (compatible; DataForSeoBot/1.0; +https://dataforseo.com/dataforseo-bot)" 
40.77.167.66 - - [02/Nov/2021:05:06:48 -0700] "GET /self.logs/error.log.2017-05-02.gz HTTP/1.1" 200 994 "-" "Mozilla/5.0 (compatible; bingbot/2.0; +http://www.bing.com/bingbot.htm)" 
88.198.0.126 - - [02/Nov/2021:05:06:53 -0700] "GET /self.logs/access.log.2019-04-28.gz HTTP/1.1" 200 24663 "-" "Mozilla/5.0 (compatible; DataForSeoBot/1.0; +https://dataforseo.com/dataforseo-bot)" 
88.198.0.126 - - [02/Nov/2021:05:07:09 -0700] "GET /self.logs/access.log.2018-09-11.gz HTTP/1.1" 200 33896 "-" "Mozilla/5.0 (compatible; DataForSeoBot/1.0; +https://dataforseo.com/dataforseo-bot)" 
88.198.0.126 - - [02/Nov/2021:05:07:25 -0700] "GET /self.logs/error.log.2021-01-15 HTTP/1.1" 200 314 "-" "Mozilla/5.0 (compatible; DataForSeoBot/1.0; +https://dataforseo.com/dataforseo-bot)" 
51.222.253.1 - - [02/Nov/2021:05:07:37 -0700] "GET /self.logs/?C=D;O=A HTTP/1.1" 200 32538 "-" "Mozilla/5.0 (compatible; AhrefsBot/7.0; +http://ahrefs.com/robot/)" 
114.119.149.78 - - [02/Nov/2021:05:07:37 -0700] "GET /self.logs/access.log.2018-02-13.gz HTTP/1.1" 200 38185 "-" "Mozilla/5.0 (compatible;PetalBot;+https://webmaster.petalsearch.com/site/petalbot)" 
88.198.0.126 - - [02/Nov/2021:05:07:41 -0700] "GET /self.logs/error.log.2019-02-16.gz HTTP/1.1" 200 3579 "-" "Mozilla/5.0 (compatible; DataForSeoBot/1.0; +https://dataforseo.com/dataforseo-bot)" 
88.198.0.126 - - [02/Nov/2021:05:07:57 -0700] "GET /self.logs/error.log.2018-09-16.gz HTTP/1.1" 200 5284 "-" "Mozilla/5.0 (compatible; DataForSeoBot/1.0; +https://dataforseo.com/dataforseo-bot)" 
88.198.0.126 - - [02/Nov/2021:05:08:13 -0700] "GET /self.logs/access.log.2019-08-30.gz HTTP/1.1" 200 16222 "-" "Mozilla/5.0 (compatible; DataForSeoBot/1.0; +https://dataforseo.com/dataforseo-bot)" 
49.7.20.105 - - [02/Nov/2021:05:08:17 -0700] "GET / HTTP/1.1" 200 13149 "-" "Sogou web spider/4.0(+http://www.sogou.com/docs/help/webmasters.htm#07)" 
88.198.0.126 - - [02/Nov/2021:05:08:29 -0700] "GET /self.logs/error.log.2020-12-31 HTTP/1.1" 200 314 "-" "Mozilla/5.0 (compatible; DataForSeoBot/1.0; +https://dataforseo.com/dataforseo-bot)" 
88.198.0.126 - - [02/Nov/2021:05:08:46 -0700] "GET /self.logs/error.log.2018-08-03.gz HTTP/1.1" 200 6300 "-" "Mozilla/5.0 (compatible; DataForSeoBot/1.0; +https://dataforseo.com/dataforseo-bot)" 
88.198.0.126 - - [02/Nov/2021:05:09:02 -0700] "GET /self.logs/access.log.2020-12-24.gz HTTP/1.1" 200 13746 "-" "Mozilla/5.0 (compatible; DataForSeoBot/1.0; +https://dataforseo.com/dataforseo-bot)" 
88.198.0.126 - - [02/Nov/2021:05:09:18 -0700] "GET /self.logs/access.log.2019-05-25.gz HTTP/1.1" 200 22646 "-" "Mozilla/5.0 (compatible; DataForSeoBot/1.0; +https://dataforseo.com/dataforseo-bot)" 
88.198.0.126 - - [02/Nov/2021:05:09:33 -0700] "GET /self.logs/error.log.2017-06-05.gz HTTP/1.1" 200 954 "-" "Mozilla/5.0 (compatible; DataForSeoBot/1.0; +https://dataforseo.com/dataforseo-bot)" 
88.198.0.126 - - [02/Nov/2021:05:09:48 -0700] "GET /self.logs/access.log.2021-06-21.gz HTTP/1.1" 200 25436 "-" "Mozilla/5.0 (compatible; DataForSeoBot/1.0; +https://dataforseo.com/dataforseo-bot)" 
88.198.0.126 - - [02/Nov/2021:05:10:06 -0700] "GET /self.logs/access.log.2017-09-28.gz HTTP/1.1" 200 26579 "-" "Mozilla/5.0 (compatible; DataForSeoBot/1.0; +https://dataforseo.com/dataforseo-bot)" 
88.198.0.126 - - [02/Nov/2021:05:10:21 -0700] "GET /self.logs/access.log.2021-02-26.gz HTTP/1.1" 200 17052 "-" "Mozilla/5.0 (compatible; DataForSeoBot/1.0; +https://dataforseo.com/dataforseo-bot)" 
88.198.0.126 - - [02/Nov/2021:05:10:37 -0700] "GET /self.logs/error.log.2019-07-11.gz HTTP/1.1" 200 3412 "-" "Mozilla/5.0 (compatible; DataForSeoBot/1.0; +https://dataforseo.com/dataforseo-bot)" 
88.198.0.126 - - [02/Nov/2021:05:10:53 -0700] "GET /self.logs/access.log.2020-07-16.gz HTTP/1.1" 200 15955 "-" "Mozilla/5.0 (compatible; DataForSeoBot/1.0; +https://dataforseo.com/dataforseo-bot)" 
3.15.62.245 - - [02/Nov/2021:05:10:55 -0700] "GET / HTTP/1.1" 200 13142 "-" "Python/3.5 aiohttp/2.0.2" 
88.198.0.126 - - [02/Nov/2021:05:11:11 -0700] "GET /self.logs/access.log.2017-02-05.gz HTTP/1.1" 200 17959 "-" "Mozilla/5.0 (compatible; DataForSeoBot/1.0; +https://dataforseo.com/dataforseo-bot)" 
88.198.0.126 - - [02/Nov/2021:05:11:26 -0700] "GET /self.logs/access.log.2021-10-22.gz HTTP/1.1" 200 13902 "-" "Mozilla/5.0 (compatible; DataForSeoBot/1.0; +https://dataforseo.com/dataforseo-bot)" 
88.198.0.126 - - [02/Nov/2021:05:11:42 -0700] "GET /self.logs/error.log.2021-07-31.gz HTTP/1.1" 200 5176 "-" "Mozilla/5.0 (compatible; DataForSeoBot/1.0; +https://dataforseo.com/dataforseo-bot)" 
88.198.0.126 - - [02/Nov/2021:05:11:58 -0700] "GET /self.logs/access.log.2018-03-31.gz HTTP/1.1" 200 16104 "-" "Mozilla/5.0 (compatible; DataForSeoBot/1.0; +https://dataforseo.com/dataforseo-bot)" 
88.198.0.126 - - [02/Nov/2021:05:12:13 -0700] "GET /self.logs/error.log.2019-12-16.gz HTTP/1.1" 200 833 "-" "Mozilla/5.0 (compatible; DataForSeoBot/1.0; +https://dataforseo.com/dataforseo-bot)" 
88.198.0.126 - - [02/Nov/2021:05:12:29 -0700] "GET /self.logs/error.log.2018-02-16.gz HTTP/1.1" 200 5264 "-" "Mozilla/5.0 (compatible; DataForSeoBot/1.0; +https://dataforseo.com/dataforseo-bot)" 
88.198.0.126 - - [02/Nov/2021:05:12:43 -0700] "GET /self.logs/error.log.2019-10-30.gz HTTP/1.1" 200 1027 "-" "Mozilla/5.0 (compatible; DataForSeoBot/1.0; +https://dataforseo.com/dataforseo-bot)" 
88.198.0.126 - - [02/Nov/2021:05:12:59 -0700] "GET /self.logs/access.log.2020-04-26.gz HTTP/1.1" 200 18800 "-" "Mozilla/5.0 (compatible; DataForSeoBot/1.0; +https://dataforseo.com/dataforseo-bot)" 
88.198.0.126 - - [02/Nov/2021:05:13:15 -0700] "GET /self.logs/error.log.2020-12-18 HTTP/1.1" 200 314 "-" "Mozilla/5.0 (compatible; DataForSeoBot/1.0; +https://dataforseo.com/dataforseo-bot)" 
88.198.0.126 - - [02/Nov/2021:05:13:31 -0700] "GET /self.logs/error.log.2021-02-07.gz HTTP/1.1" 200 2996 "-" "Mozilla/5.0 (compatible; DataForSeoBot/1.0; +https://dataforseo.com/dataforseo-bot)" 
